============================= test session starts ==============================
platform linux -- Python 3.13.3, pytest-9.1.1, pluggy-1.6.0 -- /workspace/dropbox/github/robinqu/RSSRipple/.venv/bin/python
cachedir: .pytest_cache
rootdir: /tmp/rssripple-v18-rebased-7vcwttma
configfile: pyproject.toml
plugins: langsmith-0.9.3, anyio-4.14.0, cov-7.1.0, asyncio-1.4.0
asyncio: mode=Mode.AUTO, debug=False, asyncio_default_fixture_loop_scope=None, asyncio_default_test_loop_scope=function
collecting ... collected 50 items / 42 deselected / 8 selected

tests/unit/test_database_migrations.py::test_install_db_retry_middleware_noop_for_postgres PASSED [ 12%]
tests/unit/test_database_migrations.py::test_create_tables_postgres_path PASSED [ 25%]
tests/unit/test_database_migrations.py::test_light_migrations_postgres_legacy_shapes PASSED [ 37%]
tests/unit/test_database_migrations.py::test_light_migrations_postgres_legacy_delivery_columns_nullable PASSED [ 50%]
tests/unit/test_database_migrations.py::test_create_tables_postgres_retries_on_lock_timeout PASSED [ 62%]
tests/unit/test_database_migrations.py::test_create_tables_postgres_reraises_non_lock_error PASSED [ 75%]
tests/unit/test_database_migrations.py::test_light_migrations_postgres_branches_fake_conn PASSED [ 87%]
tests/unit/test_database_migrations.py::test_create_tables_postgres_branch PASSED [100%]

=============================== warnings summary ===============================
tests/unit/test_database_migrations.py::test_install_db_retry_middleware_noop_for_postgres
  /workspace/dropbox/github/robinqu/RSSRipple/.venv/lib/python3.13/site-packages/pytest_asyncio/plugin.py:916: PytestDeprecationWarning: Overriding the "event_loop_policy" fixture is deprecated and will be removed in a future version of pytest-asyncio. Use the "pytest_asyncio_loop_factories" hook to customize event loop creation.
    warnings.warn(

-- Docs: https://docs.pytest.org/en/stable/how-to/capture-warnings.html
----------------- generated xml file: /tmp/rssripple-v18-j.xml -----------------
================= 8 passed, 42 deselected, 1 warning in 2.09s ==================
