============================= test session starts ==============================
platform linux -- Python 3.13.3, pytest-9.1.1, pluggy-1.6.0 -- /workspace/dropbox/github/robinqu/RSSRipple/.venv/bin/python
cachedir: .pytest_cache
rootdir: /tmp/rssripple-v18-turso-review
configfile: pyproject.toml
plugins: langsmith-0.9.3, anyio-4.14.0, cov-7.1.0, asyncio-1.4.0
asyncio: mode=Mode.AUTO, debug=False, asyncio_default_fixture_loop_scope=None, asyncio_default_test_loop_scope=function
collecting ... collected 16 items

tests/integration/auth/test_rate_limit.py::test_otp_rate_limit_turso_bursts PASSED [  6%]
tests/integration/auth/test_rate_limit.py::test_otp_rate_limit_postgres[service] PASSED [ 12%]
tests/integration/auth/test_rate_limit.py::test_otp_rate_limit_postgres[http] PASSED [ 18%]
tests/unit/test_auth_rate_limit.py::test_concurrent_sessions_cannot_exceed_peer_budget[12] PASSED [ 25%]
tests/unit/test_auth_rate_limit.py::test_concurrent_sessions_cannot_exceed_peer_budget[40] PASSED [ 31%]
tests/unit/test_auth_rate_limit.py::test_rotating_peers_hit_global_budget_and_expired_rows_are_removed PASSED [ 37%]
tests/unit/test_auth_rate_limit.py::test_unavailable_database_cannot_allow_reservation PASSED [ 43%]
tests/unit/test_auth_rate_limit.py::test_existing_database_addition_is_idempotent_and_preserves_settings PASSED [ 50%]
tests/unit/test_auth_rate_limit.py::test_new_connections_preserve_exhausted_budget PASSED [ 56%]
tests/unit/test_auth_rate_limit.py::test_cleanup_is_bounded_and_keeps_active_peer PASSED [ 62%]
tests/api/test_auth_throttling.py::test_repeated_invalid_otp_is_bounded PASSED [ 68%]
tests/api/test_auth_throttling.py::test_budget_survives_401_and_returns_retry_after PASSED [ 75%]
tests/api/test_auth_throttling.py::test_forged_forwarded_header_does_not_reset_budget PASSED [ 81%]
tests/api/test_auth_throttling.py::test_successful_codes_also_consume_budget PASSED [ 87%]
tests/api/test_auth_throttling.py::test_schema_rejections_do_not_consume_verification_budget PASSED [ 93%]
tests/api/test_auth_throttling.py::test_database_failure_never_verifies_otp PASSED [100%]

=============================== warnings summary ===============================
tests/unit/test_auth_rate_limit.py::test_concurrent_sessions_cannot_exceed_peer_budget[12]
  /workspace/dropbox/github/robinqu/RSSRipple/.venv/lib/python3.13/site-packages/pytest_asyncio/plugin.py:916: PytestDeprecationWarning: Overriding the "event_loop_policy" fixture is deprecated and will be removed in a future version of pytest-asyncio. Use the "pytest_asyncio_loop_factories" hook to customize event loop creation.
    warnings.warn(

-- Docs: https://docs.pytest.org/en/stable/how-to/capture-warnings.html
----------------- generated xml file: /tmp/rssripple-v18-o.xml -----------------
======================== 16 passed, 1 warning in 36.55s ========================
