============================= test session starts ==============================
platform linux -- Python 3.13.3, pytest-9.1.1, pluggy-1.6.0 -- /workspace/dropbox/github/robinqu/RSSRipple/.venv/bin/python
cachedir: .pytest_cache
rootdir: /tmp/rssripple-v18-auth-limit
configfile: pyproject.toml
plugins: langsmith-0.9.3, anyio-4.14.0, cov-7.1.0, asyncio-1.4.0
asyncio: mode=Mode.AUTO, debug=False, asyncio_default_fixture_loop_scope=None, asyncio_default_test_loop_scope=function
collecting ... collected 2 items

tests/integration/auth/test_rate_limit.py::test_otp_rate_limit_postgres[service] PASSED [ 50%]
tests/integration/auth/test_rate_limit.py::test_otp_rate_limit_postgres[http] FAILED [100%]

=================================== FAILURES ===================================
______________________ test_otp_rate_limit_postgres[http] ______________________
tests/integration/auth/test_rate_limit.py:55: in test_otp_rate_limit_postgres
    assert result.returncode == 0, result.stdout + result.stderr
E   AssertionError: Traceback (most recent call last):
E       File "/tmp/rssripple-v18-auth-limit/tests/integration/auth/rate_limit_http_driver.py", line 112, in coordinator
E         await stop_server(first)
E       File "/tmp/rssripple-v18-auth-limit/tests/integration/auth/rate_limit_http_driver.py", line 80, in stop_server
E         assert process.returncode == 0, stderr.decode()
E                ^^^^^^^^^^^^^^^^^^^^^^^
E     AssertionError
E
E     During handling of the above exception, another exception occurred:
E
E     Traceback (most recent call last):
E       File "<frozen runpy>", line 198, in _run_module_as_main
E       File "<frozen runpy>", line 88, in _run_code
E       File "/tmp/rssripple-v18-auth-limit/tests/integration/auth/rate_limit_http_driver.py", line 167, in <module>
E         asyncio.run(main())
E         ~~~~~~~~~~~^^^^^^^^
E       File "/home/robinqu/.local/share/uv/python/cpython-3.13.3-linux-x86_64-gnu/lib/python3.13/asyncio/runners.py", line 195, in run
E         return runner.run(main)
E                ~~~~~~~~~~^^^^^^
E       File "/home/robinqu/.local/share/uv/python/cpython-3.13.3-linux-x86_64-gnu/lib/python3.13/asyncio/runners.py", line 118, in run
E         return self._loop.run_until_complete(task)
E                ~~~~~~~~~~~~~~~~~~~~~~~~~~~~~^^^^^^
E       File "/home/robinqu/.local/share/uv/python/cpython-3.13.3-linux-x86_64-gnu/lib/python3.13/asyncio/base_events.py", line 719, in run_until_complete
E         return future.result()
E                ~~~~~~~~~~~~~^^
E       File "/tmp/rssripple-v18-auth-limit/tests/integration/auth/rate_limit_http_driver.py", line 163, in main
E         await coordinator()
E       File "/tmp/rssripple-v18-auth-limit/tests/integration/auth/rate_limit_http_driver.py", line 151, in coordinator
E         assert not errors, errors
E                ^^^^^^^^^^
E     AssertionError: [AssertionError('')]
E
E   assert 1 == 0
E    +  where 1 = CompletedProcess(args=['/workspace/dropbox/github/robinqu/RSSRipple/.venv/bin/python', '-m', 'tests.integration.auth.rate_limit_http_driver'], returncode=1, stdout='', stderr='Traceback (most recent call last):\n  File "/tmp/rssripple-v18-auth-limit/tests/integration/auth/rate_limit_http_driver.py", line 112, in coordinator\n    await stop_server(first)\n  File "/tmp/rssripple-v18-auth-limit/tests/integration/auth/rate_limit_http_driver.py", line 80, in stop_server\n    assert process.returncode == 0, stderr.decode()\n           ^^^^^^^^^^^^^^^^^^^^^^^\nAssertionError\n\nDuring handling of the above exception, another exception occurred:\n\nTraceback (most recent call last):\n  File "<frozen runpy>", line 198, in _run_module_as_main\n  File "<frozen runpy>", line 88, in _run_code\n  File "/tmp/rssripple-v18-auth-limit/tests/integration/auth/rate_limit_http_driver.py", line 167, in <module>\n    asyncio.run(main())\n    ~~~~~~~~~~~^^^^^^^^\n  File "/home/robinqu/.local/share/uv/python/cpython-3.13.3-linux-x86_64-gnu/lib/python3.13/asyncio/runners.py", line 195, in run\n    return runner.run(main)\n           ~~~~~~~~~~^^^^^^\n  File "/home/robinqu/.local/share/uv/python/cpython-3.13.3-linux-x86_64-gnu/lib/python3.13/asyncio/runners.py", line 118, in run\n    return self._loop.run_until_complete(task)\n           ~~~~~~~~~~~~~~~~~~~~~~~~~~~~~^^^^^^\n  File "/home/robinqu/.local/share/uv/python/cpython-3.13.3-linux-x86_64-gnu/lib/python3.13/asyncio/base_events.py", line 719, in run_until_complete\n    return future.result()\n           ~~~~~~~~~~~~~^^\n  File "/tmp/rssripple-v18-auth-limit/tests/integration/auth/rate_limit_http_driver.py", line 163, in main\n    await coordinator()\n  File "/tmp/rssripple-v18-auth-limit/tests/integration/auth/rate_limit_http_driver.py", line 151, in coordinator\n    assert not errors, errors\n           ^^^^^^^^^^\nAssertionError: [AssertionError(\'\')]\n').returncode
----------------- generated xml file: /tmp/rssripple-v18-g.xml -----------------
=========================== short test summary info ============================
FAILED tests/integration/auth/test_rate_limit.py::test_otp_rate_limit_postgres[http]
========================= 1 failed, 1 passed in 6.12s ==========================
