$ tsc -b && vite build
vite v8.0.16 building client environment for production...
[2Ktransforming...✓ 5228 modules transformed.
rendering chunks...
computing gzip size...
../app/static/index.html                                     0.60 kB │ gzip:   0.33 kB
../app/static/assets/index-DE3UjFCg.css                     11.38 kB │ gzip:   2.98 kB
../app/static/assets/row-BwhdxoJy.js                         0.07 kB │ gzip:   0.08 kB
../app/static/assets/chevron-down-fMNg1Wp9.js                0.11 kB │ gzip:   0.13 kB
../app/static/assets/plus-BDlUqxdw.js                        0.14 kB │ gzip:   0.14 kB
../app/static/assets/x-CvS0WtdA.js                           0.14 kB │ gzip:   0.14 kB
../app/static/assets/arrow-left-iVzEBUmn.js                  0.15 kB │ gzip:   0.15 kB
../app/static/assets/table-D9vGD_7n.js                       0.15 kB │ gzip:   0.13 kB
../app/static/assets/play-BTC5fGjy.js                        0.17 kB │ gzip:   0.17 kB
../app/static/assets/circle-check-big-lF4WvKQx.js            0.18 kB │ gzip:   0.17 kB
../app/static/assets/info-CSbAJ6PO.js                        0.19 kB │ gzip:   0.17 kB
../app/static/assets/circle-x-Bvs4-Se9.js                    0.19 kB │ gzip:   0.17 kB
../app/static/assets/season-mE9tNuRK.js                      0.21 kB │ gzip:   0.17 kB
../app/static/assets/metadata-BtM3lxo5.js                    0.22 kB │ gzip:   0.15 kB
../app/static/assets/eye-BuqNXpva.js                         0.24 kB │ gzip:   0.19 kB
../app/static/assets/zap-DuV0D27w.js                         0.25 kB │ gzip:   0.19 kB
../app/static/assets/arrow-up-n7QWhgVF.js                    0.26 kB │ gzip:   0.19 kB
../app/static/assets/pencil-Dy2GxZ4G.js                      0.26 kB │ gzip:   0.21 kB
../app/static/assets/list-tree-wLfc7xLa.js                   0.28 kB │ gzip:   0.19 kB
../app/static/assets/torrent-BSKLj7vI.js                     0.28 kB │ gzip:   0.15 kB
../app/static/assets/square-pen-CGjFu85p.js                  0.30 kB │ gzip:   0.23 kB
../app/static/assets/refresh-cw-DM_2RFWT.js                  0.31 kB │ gzip:   0.21 kB
../app/static/assets/useUrlTab-CZO2cWd5.js                   0.31 kB │ gzip:   0.25 kB
../app/static/assets/trash-2-C_KcCLe0.js                     0.31 kB │ gzip:   0.20 kB
../app/static/assets/movies-Szn7A-1P.js                      0.33 kB │ gzip:   0.23 kB
../app/static/assets/series-Otwbf497.js                      0.33 kB │ gzip:   0.23 kB
../app/static/assets/Pagination-Bw-G5s-M.js                  0.34 kB │ gzip:   0.25 kB
../app/static/assets/audioWorks-NnzP-uXv.js                  0.35 kB │ gzip:   0.24 kB
../app/static/assets/useAgentFilterFields-BOamfK2X.js        0.37 kB │ gzip:   0.27 kB
../app/static/assets/EllipsisText-DdRw_pwX.js                0.38 kB │ gzip:   0.28 kB
../app/static/assets/genres-xGl2uc_g.js                      0.38 kB │ gzip:   0.28 kB
../app/static/assets/poster-CCeGLhjZ.js                      0.40 kB │ gzip:   0.26 kB
../app/static/assets/wand-sparkles-DEdR172p.js               0.50 kB │ gzip:   0.28 kB
../app/static/assets/paths-BUjlelO9.js                       0.51 kB │ gzip:   0.28 kB
../app/static/assets/tv-DLVf12ML.js                          0.52 kB │ gzip:   0.28 kB
../app/static/assets/downloaders-kG-fPs-F.js                 0.54 kB │ gzip:   0.28 kB
../app/static/assets/usePolling-DoSsN3I7.js                  0.65 kB │ gzip:   0.39 kB
../app/static/assets/collections-BDWm2XQJ.js                 0.69 kB │ gzip:   0.35 kB
../app/static/assets/agents-9ZmoCGUF.js                      0.79 kB │ gzip:   0.35 kB
../app/static/assets/constants-BBBfIeN5.js                   0.96 kB │ gzip:   0.51 kB
../app/static/assets/StatusBadge-Cf-bDgEY.js                 1.21 kB │ gzip:   0.56 kB
../app/static/assets/modal-DANtIBZ6.js                       1.30 kB │ gzip:   0.72 kB
../app/static/assets/Login-DC7itbwp.js                       1.56 kB │ gzip:   0.81 kB
../app/static/assets/OrganizeOpPaths-DFrwt5rb.js             1.77 kB │ gzip:   0.76 kB
../app/static/assets/tasks-CQ4FIuZu.js                       1.79 kB │ gzip:   0.69 kB
../app/static/assets/filterUtils-vV1vHmkR.js                 1.86 kB │ gzip:   0.85 kB
../app/static/assets/CreateTaskModal-scyB7gJ5.js             1.87 kB │ gzip:   0.95 kB
../app/static/assets/CollectionFormModal-DS1ioXIe.js         2.06 kB │ gzip:   1.02 kB
../app/static/assets/channels-GDkTGxrn.js                    2.33 kB │ gzip:   0.94 kB
../app/static/assets/SeasonInput-0iYz-xWF.js                 2.55 kB │ gzip:   1.30 kB
../app/static/assets/DirectoryBrowserModal-CxienJvG.js       3.05 kB │ gzip:   1.49 kB
../app/static/assets/Downloaders-CX7sa-bc.js                 3.60 kB │ gzip:   1.47 kB
../app/static/assets/Agents-DvVsGGYF.js                      3.68 kB │ gzip:   1.55 kB
../app/static/assets/statistic-E0WswWAD.js                   4.07 kB │ gzip:   1.86 kB
../app/static/assets/Channels-hzGp--qK.js                    4.17 kB │ gzip:   1.73 kB
../app/static/assets/ResourceFilesDrawer-C0JvyX7a.js         4.41 kB │ gzip:   1.96 kB
../app/static/assets/divider-CA-0dSxa.js                     4.43 kB │ gzip:   1.66 kB
../app/static/assets/AudioWorkDetail-BJ8c30Lh.js             4.51 kB │ gzip:   1.79 kB
../app/static/assets/useForm-ETwBfwk_.js                     4.67 kB │ gzip:   2.08 kB
../app/static/assets/WorkMetadataRefreshModal-DtHRSxEj.js    4.88 kB │ gzip:   2.30 kB
../app/static/assets/es-DvqweSRA.js                          6.08 kB │ gzip:   2.41 kB
../app/static/assets/checkbox-DLsA0PiT.js                    6.21 kB │ gzip:   2.61 kB
../app/static/assets/alert-Cus2NlCs.js                       6.28 kB │ gzip:   2.64 kB
../app/static/assets/DownloaderForm-dxsVKOSR.js              6.45 kB │ gzip:   2.41 kB
../app/static/assets/MovieDetail-XEEwg5IQ.js                 6.85 kB │ gzip:   2.54 kB
../app/static/assets/WorkEditPage-BcV90emw.js                7.02 kB │ gzip:   2.34 kB
../app/static/assets/switch-BYYxsffe.js                      7.40 kB │ gzip:   2.52 kB
../app/static/assets/popconfirm-2zBHIclF.js                  7.54 kB │ gzip:   2.95 kB
../app/static/assets/descriptions-CtHQtKDL.js                7.56 kB │ gzip:   2.68 kB
../app/static/assets/SeriesDetail-DyNQtpgz.js                7.69 kB │ gzip:   2.74 kB
../app/static/assets/DownloaderDetail-CrDJB0Jd.js            7.92 kB │ gzip:   3.07 kB
../app/static/assets/DownloadTaskTable-d8pBfISg.js           8.32 kB │ gzip:   3.25 kB
../app/static/assets/segmented-DFvMcudY.js                   9.03 kB │ gzip:   3.43 kB
../app/static/assets/tag-CDsQw2km.js                         9.54 kB │ gzip:   3.71 kB
../app/static/assets/radio-C8xqQo7S.js                      10.81 kB │ gzip:   3.66 kB
../app/static/assets/input-YkcrcmQ5.js                      10.85 kB │ gzip:   4.86 kB
../app/static/assets/WorksPage-CRmFGubq.js                  12.20 kB │ gzip:   3.74 kB
../app/static/assets/CollectionDetail-Dxt7kJtX.js           12.59 kB │ gzip:   4.05 kB
../app/static/assets/AgentForm-BvRwc5DM.js                  13.05 kB │ gzip:   4.33 kB
../app/static/assets/OrganizePlanDrawer-B69MbK9J.js         14.40 kB │ gzip:   5.07 kB
../app/static/assets/FilterBuilder-C7n8V-gX.js              14.57 kB │ gzip:   4.69 kB
../app/static/assets/progress-Wmm4eKEH.js                   14.72 kB │ gzip:   5.71 kB
../app/static/assets/BackfillPreviewModal-DdxHbrQV.js       16.10 kB │ gzip:   5.00 kB
../app/static/assets/input-number-RW5J0utW.js               20.76 kB │ gzip:   7.51 kB
../app/static/assets/form-DJM75ogW.js                       21.51 kB │ gzip:   8.42 kB
../app/static/assets/format-BFnNcHxx.js                     22.18 kB │ gzip:   6.50 kB
../app/static/assets/ResourceDetailDrawer-CvV5tJrk.js       22.36 kB │ gzip:   7.04 kB
../app/static/assets/ChannelForm-BMdH6r0Y.js                22.53 kB │ gzip:   6.18 kB
../app/static/assets/pagination-D7W5F6k0.js                 22.62 kB │ gzip:   6.86 kB
../app/static/assets/Settings-dF-uYS_C.js                   24.35 kB │ gzip:   6.68 kB
../app/static/assets/ChannelDetail-BATG0hpU.js              30.53 kB │ gzip:   8.11 kB
../app/static/assets/MediaLibrary-CcAotq7I.js               36.48 kB │ gzip:   9.47 kB
../app/static/assets/Dashboard-CPGi2bWG.js                  36.84 kB │ gzip:  10.77 kB
../app/static/assets/AgentDetail-DtvCC8uH.js                40.92 kB │ gzip:  11.06 kB
../app/static/assets/card-DpEXNzze.js                       44.07 kB │ gzip:  13.54 kB
../app/static/assets/tree-D7ySSNxH.js                       51.36 kB │ gzip:  15.75 kB
../app/static/assets/typography-DyBNlbsi.js                 55.76 kB │ gzip:  17.40 kB
../app/static/assets/useDocumentTitle-Dk8o4eXm.js           69.33 kB │ gzip:  24.42 kB
../app/static/assets/ResourceCorrectionModal-CPMscJTO.js    73.33 kB │ gzip:  20.72 kB
../app/static/assets/table-DKDwa5tn.js                      89.03 kB │ gzip:  29.63 kB
../app/static/assets/date-picker-qH8Sa5_f.js               185.48 kB │ gzip:  42.60 kB
../app/static/assets/index-CUN4uEl0.js                     371.02 kB │ gzip: 122.58 kB
../app/static/assets/client-BsHGRirm.js                    442.71 kB │ gzip: 146.92 kB

✓ built in 598ms
