{'recorded_case': '00e48de8-b5fd-4e99-8467-d384bd4a3183'}
{'editor_http_status': 200}
{'resource': '5c6233f6-b51b-48c6-8bee-a3cb1b3df4d7', 'expected_movie': '6cce3994-8442-4a28-bac3-248dad6221dd', 'actual_movie': 'f5526be4-7e60-43de-b38d-7a9090a6ea65', 'search_title': 'Synthetic old automatic target'}
Traceback (most recent call last):
  File "/workspace/dropbox/github/robinqu/RSSRipple/docs/plans/p0-and-backlog/probes/manual_mapping_concurrency_probe.py", line 168, in <module>
    asyncio.run(main())
    ~~~~~~~~~~~^^^^^^^^
  File "/home/robinqu/.local/share/uv/python/cpython-3.13.3-linux-x86_64-gnu/lib/python3.13/asyncio/runners.py", line 195, in run
    return runner.run(main)
           ~~~~~~~~~~^^^^^^
  File "/home/robinqu/.local/share/uv/python/cpython-3.13.3-linux-x86_64-gnu/lib/python3.13/asyncio/runners.py", line 118, in run
    return self._loop.run_until_complete(task)
           ~~~~~~~~~~~~~~~~~~~~~~~~~~~~~^^^^^^
  File "/home/robinqu/.local/share/uv/python/cpython-3.13.3-linux-x86_64-gnu/lib/python3.13/asyncio/base_events.py", line 719, in run_until_complete
    return future.result()
           ~~~~~~~~~~~~~^^
  File "/workspace/dropbox/github/robinqu/RSSRipple/docs/plans/p0-and-backlog/probes/manual_mapping_concurrency_probe.py", line 159, in main
    assert saved.movie_id == mid, "Old lookup overwrote the committed manual choice"
           ^^^^^^^^^^^^^^^^^^^^^
AssertionError: Old lookup overwrote the committed manual choice
