{'recorded_case': '00e48de8-b5fd-4e99-8467-d384bd4a3183'}
{'merge_http_status': 200}
{'merge_committed_before_candidate_write': True}
Traceback (most recent call last):
  File "/workspace/dropbox/github/robinqu/RSSRipple/.venv/lib/python3.13/site-packages/sqlalchemy/dialects/postgresql/asyncpg.py", line 550, in _prepare_and_execute
    self._rows = deque(await prepared_stmt.fetch(*parameters))
                       ^^^^^^^^^^^^^^^^^^^^^^^^^^^^^^^^^^^^^^
  File "/workspace/dropbox/github/robinqu/RSSRipple/.venv/lib/python3.13/site-packages/asyncpg/prepared_stmt.py", line 177, in fetch
    data = await self.__bind_execute(args, 0, timeout)
           ^^^^^^^^^^^^^^^^^^^^^^^^^^^^^^^^^^^^^^^^^^^
  File "/workspace/dropbox/github/robinqu/RSSRipple/.venv/lib/python3.13/site-packages/asyncpg/prepared_stmt.py", line 268, in __bind_execute
    data, status, _ = await self.__do_execute(
                      ^^^^^^^^^^^^^^^^^^^^^^^^
        lambda protocol: protocol.bind_execute(
        ^^^^^^^^^^^^^^^^^^^^^^^^^^^^^^^^^^^^^^^
            self._state, args, '', limit, True, timeout))
            ^^^^^^^^^^^^^^^^^^^^^^^^^^^^^^^^^^^^^^^^^^^^^
  File "/workspace/dropbox/github/robinqu/RSSRipple/.venv/lib/python3.13/site-packages/asyncpg/prepared_stmt.py", line 257, in __do_execute
    return await executor(protocol)
           ^^^^^^^^^^^^^^^^^^^^^^^^
  File "asyncpg/protocol/protocol.pyx", line 205, in bind_execute
asyncpg.exceptions.ForeignKeyViolationError: insert or update on table "file_resources" violates foreign key constraint "file_resources_movie_id_fkey"
DETAIL:  Key (movie_id)=(71d39052-2288-4465-a4ff-97ececccb13c) is not present in table "movies".

The above exception was the direct cause of the following exception:

Traceback (most recent call last):
  File "/workspace/dropbox/github/robinqu/RSSRipple/.venv/lib/python3.13/site-packages/sqlalchemy/engine/base.py", line 1969, in _exec_single_context
    self.dialect.do_execute(
    ~~~~~~~~~~~~~~~~~~~~~~~^
        cursor, str_statement, effective_parameters, context
        ^^^^^^^^^^^^^^^^^^^^^^^^^^^^^^^^^^^^^^^^^^^^^^^^^^^^
    )
    ^
  File "/workspace/dropbox/github/robinqu/RSSRipple/.venv/lib/python3.13/site-packages/sqlalchemy/engine/default.py", line 952, in do_execute
    cursor.execute(statement, parameters)
    ~~~~~~~~~~~~~~^^^^^^^^^^^^^^^^^^^^^^^
  File "/workspace/dropbox/github/robinqu/RSSRipple/.venv/lib/python3.13/site-packages/sqlalchemy/dialects/postgresql/asyncpg.py", line 585, in execute
    self._adapt_connection.await_(
    ~~~~~~~~~~~~~~~~~~~~~~~~~~~~~^
        self._prepare_and_execute(operation, parameters)
        ^^^^^^^^^^^^^^^^^^^^^^^^^^^^^^^^^^^^^^^^^^^^^^^^
    )
    ^
  File "/workspace/dropbox/github/robinqu/RSSRipple/.venv/lib/python3.13/site-packages/sqlalchemy/util/_concurrency_py3k.py", line 132, in await_only
    return current.parent.switch(awaitable)  # type: ignore[no-any-return,attr-defined] # noqa: E501
           ~~~~~~~~~~~~~~~~~~~~~^^^^^^^^^^^
  File "/workspace/dropbox/github/robinqu/RSSRipple/.venv/lib/python3.13/site-packages/sqlalchemy/util/_concurrency_py3k.py", line 196, in greenlet_spawn
    value = await result
            ^^^^^^^^^^^^
  File "/workspace/dropbox/github/robinqu/RSSRipple/.venv/lib/python3.13/site-packages/sqlalchemy/dialects/postgresql/asyncpg.py", line 563, in _prepare_and_execute
    self._handle_exception(error)
    ~~~~~~~~~~~~~~~~~~~~~~^^^^^^^
  File "/workspace/dropbox/github/robinqu/RSSRipple/.venv/lib/python3.13/site-packages/sqlalchemy/dialects/postgresql/asyncpg.py", line 513, in _handle_exception
    self._adapt_connection._handle_exception(error)
    ~~~~~~~~~~~~~~~~~~~~~~~~~~~~~~~~~~~~~~~~^^^^^^^
  File "/workspace/dropbox/github/robinqu/RSSRipple/.venv/lib/python3.13/site-packages/sqlalchemy/dialects/postgresql/asyncpg.py", line 797, in _handle_exception
    raise translated_error from error
sqlalchemy.dialects.postgresql.asyncpg.AsyncAdapt_asyncpg_dbapi.IntegrityError: <class 'asyncpg.exceptions.ForeignKeyViolationError'>: insert or update on table "file_resources" violates foreign key constraint "file_resources_movie_id_fkey"
DETAIL:  Key (movie_id)=(71d39052-2288-4465-a4ff-97ececccb13c) is not present in table "movies".

The above exception was the direct cause of the following exception:

Traceback (most recent call last):
  File "/tmp/rssripple-v15-manual-mapping/app/services/metadata_agent.py", line 920, in process
    await self._apply_to_resource(meta, resource, channel, db)
  File "/workspace/dropbox/github/robinqu/RSSRipple/docs/plans/p0-and-backlog/probes/manual_mapping_concurrency_probe.py", line 184, in apply_after_edit
    return await original_apply(*args, **kwargs)
           ^^^^^^^^^^^^^^^^^^^^^^^^^^^^^^^^^^^^^
  File "/tmp/rssripple-v15-manual-mapping/app/services/metadata_agent.py", line 1376, in _apply_to_resource
    return await _repo._apply_to_resource(
           ^^^^^^^^^^^^^^^^^^^^^^^^^^^^^^^
        meta, resource, channel, db, expected_series_id=expected_series_id,
        ^^^^^^^^^^^^^^^^^^^^^^^^^^^^^^^^^^^^^^^^^^^^^^^^^^^^^^^^^^^^^^^^^^^
    )
    ^
  File "/tmp/rssripple-v15-manual-mapping/app/services/metadata_repository.py", line 302, in _apply_to_resource
    movie = await create_or_update_movie_from_external(db, meta.matched_entity)
            ^^^^^^^^^^^^^^^^^^^^^^^^^^^^^^^^^^^^^^^^^^^^^^^^^^^^^^^^^^^^^^^^^^^
  File "/tmp/rssripple-v15-manual-mapping/app/services/metadata_service.py", line 2111, in create_or_update_movie_from_external
    movie = await find_existing_movie_for_external(db, data)
            ^^^^^^^^^^^^^^^^^^^^^^^^^^^^^^^^^^^^^^^^^^^^^^^^
  File "/tmp/rssripple-v15-manual-mapping/app/services/metadata_service.py", line 2093, in find_existing_movie_for_external
    title_result = await db.execute(
                   ^^^^^^^^^^^^^^^^^
    ...<7 lines>...
    )
    ^
  File "/workspace/dropbox/github/robinqu/RSSRipple/.venv/lib/python3.13/site-packages/sqlalchemy/ext/asyncio/session.py", line 448, in execute
    result = await greenlet_spawn(
             ^^^^^^^^^^^^^^^^^^^^^
    ...<6 lines>...
    )
    ^
  File "/workspace/dropbox/github/robinqu/RSSRipple/.venv/lib/python3.13/site-packages/sqlalchemy/util/_concurrency_py3k.py", line 203, in greenlet_spawn
    result = context.switch(value)
  File "/workspace/dropbox/github/robinqu/RSSRipple/.venv/lib/python3.13/site-packages/sqlalchemy/orm/session.py", line 2373, in execute
    return self._execute_internal(
           ~~~~~~~~~~~~~~~~~~~~~~^
        statement,
        ^^^^^^^^^^
    ...<4 lines>...
        _add_event=_add_event,
        ^^^^^^^^^^^^^^^^^^^^^^
    )
    ^
  File "/workspace/dropbox/github/robinqu/RSSRipple/.venv/lib/python3.13/site-packages/sqlalchemy/orm/session.py", line 2250, in _execute_internal
    ) = compile_state_cls.orm_pre_session_exec(
        ~~~~~~~~~~~~~~~~~~~~~~~~~~~~~~~~~~~~~~^
        self,
        ^^^^^
    ...<4 lines>...
        False,
        ^^^^^^
    )
    ^
  File "/workspace/dropbox/github/robinqu/RSSRipple/.venv/lib/python3.13/site-packages/sqlalchemy/orm/context.py", line 577, in orm_pre_session_exec
    session._autoflush()
    ~~~~~~~~~~~~~~~~~~^^
  File "/workspace/dropbox/github/robinqu/RSSRipple/.venv/lib/python3.13/site-packages/sqlalchemy/orm/session.py", line 3073, in _autoflush
    raise e.with_traceback(sys.exc_info()[2])
  File "/workspace/dropbox/github/robinqu/RSSRipple/.venv/lib/python3.13/site-packages/sqlalchemy/orm/session.py", line 3062, in _autoflush
    self.flush()
    ~~~~~~~~~~^^
  File "/workspace/dropbox/github/robinqu/RSSRipple/.venv/lib/python3.13/site-packages/sqlalchemy/orm/session.py", line 4353, in flush
    self._flush(objects)
    ~~~~~~~~~~~^^^^^^^^^
  File "/workspace/dropbox/github/robinqu/RSSRipple/.venv/lib/python3.13/site-packages/sqlalchemy/orm/session.py", line 4488, in _flush
    with util.safe_reraise():
         ~~~~~~~~~~~~~~~~~^^
  File "/workspace/dropbox/github/robinqu/RSSRipple/.venv/lib/python3.13/site-packages/sqlalchemy/util/langhelpers.py", line 122, in __exit__
    raise exc_value.with_traceback(exc_tb)
  File "/workspace/dropbox/github/robinqu/RSSRipple/.venv/lib/python3.13/site-packages/sqlalchemy/orm/session.py", line 4449, in _flush
    flush_context.execute()
    ~~~~~~~~~~~~~~~~~~~~~^^
  File "/workspace/dropbox/github/robinqu/RSSRipple/.venv/lib/python3.13/site-packages/sqlalchemy/orm/unitofwork.py", line 465, in execute
    rec.execute(self)
    ~~~~~~~~~~~^^^^^^
  File "/workspace/dropbox/github/robinqu/RSSRipple/.venv/lib/python3.13/site-packages/sqlalchemy/orm/unitofwork.py", line 641, in execute
    util.preloaded.orm_persistence.save_obj(
    ~~~~~~~~~~~~~~~~~~~~~~~~~~~~~~~~~~~~~~~^
        self.mapper,
        ^^^^^^^^^^^^
        uow.states_for_mapper_hierarchy(self.mapper, False, False),
        ^^^^^^^^^^^^^^^^^^^^^^^^^^^^^^^^^^^^^^^^^^^^^^^^^^^^^^^^^^^
        uow,
        ^^^^
    )
    ^
  File "/workspace/dropbox/github/robinqu/RSSRipple/.venv/lib/python3.13/site-packages/sqlalchemy/orm/persistence.py", line 86, in save_obj
    _emit_update_statements(
    ~~~~~~~~~~~~~~~~~~~~~~~^
        base_mapper,
        ^^^^^^^^^^^^
    ...<3 lines>...
        update,
        ^^^^^^^
    )
    ^
  File "/workspace/dropbox/github/robinqu/RSSRipple/.venv/lib/python3.13/site-packages/sqlalchemy/orm/persistence.py", line 913, in _emit_update_statements
    c = connection.execute(
        statement, multiparams, execution_options=execution_options
    )
  File "/workspace/dropbox/github/robinqu/RSSRipple/.venv/lib/python3.13/site-packages/sqlalchemy/engine/base.py", line 1421, in execute
    return meth(
        self,
        distilled_parameters,
        execution_options or NO_OPTIONS,
    )
  File "/workspace/dropbox/github/robinqu/RSSRipple/.venv/lib/python3.13/site-packages/sqlalchemy/sql/elements.py", line 526, in _execute_on_connection
    return connection._execute_clauseelement(
           ~~~~~~~~~~~~~~~~~~~~~~~~~~~~~~~~~^
        self, distilled_params, execution_options
        ^^^^^^^^^^^^^^^^^^^^^^^^^^^^^^^^^^^^^^^^^
    )
    ^
  File "/workspace/dropbox/github/robinqu/RSSRipple/.venv/lib/python3.13/site-packages/sqlalchemy/engine/base.py", line 1643, in _execute_clauseelement
    ret = self._execute_context(
        dialect,
    ...<8 lines>...
        cache_hit=cache_hit,
    )
  File "/workspace/dropbox/github/robinqu/RSSRipple/.venv/lib/python3.13/site-packages/sqlalchemy/engine/base.py", line 1848, in _execute_context
    return self._exec_single_context(
           ~~~~~~~~~~~~~~~~~~~~~~~~~^
        dialect, context, statement, parameters
        ^^^^^^^^^^^^^^^^^^^^^^^^^^^^^^^^^^^^^^^
    )
    ^
  File "/workspace/dropbox/github/robinqu/RSSRipple/.venv/lib/python3.13/site-packages/sqlalchemy/engine/base.py", line 1988, in _exec_single_context
    self._handle_dbapi_exception(
    ~~~~~~~~~~~~~~~~~~~~~~~~~~~~^
        e, str_statement, effective_parameters, cursor, context
        ^^^^^^^^^^^^^^^^^^^^^^^^^^^^^^^^^^^^^^^^^^^^^^^^^^^^^^^
    )
    ^
  File "/workspace/dropbox/github/robinqu/RSSRipple/.venv/lib/python3.13/site-packages/sqlalchemy/engine/base.py", line 2365, in _handle_dbapi_exception
    raise sqlalchemy_exception.with_traceback(exc_info[2]) from e
  File "/workspace/dropbox/github/robinqu/RSSRipple/.venv/lib/python3.13/site-packages/sqlalchemy/engine/base.py", line 1969, in _exec_single_context
    self.dialect.do_execute(
    ~~~~~~~~~~~~~~~~~~~~~~~^
        cursor, str_statement, effective_parameters, context
        ^^^^^^^^^^^^^^^^^^^^^^^^^^^^^^^^^^^^^^^^^^^^^^^^^^^^
    )
    ^
  File "/workspace/dropbox/github/robinqu/RSSRipple/.venv/lib/python3.13/site-packages/sqlalchemy/engine/default.py", line 952, in do_execute
    cursor.execute(statement, parameters)
    ~~~~~~~~~~~~~~^^^^^^^^^^^^^^^^^^^^^^^
  File "/workspace/dropbox/github/robinqu/RSSRipple/.venv/lib/python3.13/site-packages/sqlalchemy/dialects/postgresql/asyncpg.py", line 585, in execute
    self._adapt_connection.await_(
    ~~~~~~~~~~~~~~~~~~~~~~~~~~~~~^
        self._prepare_and_execute(operation, parameters)
        ^^^^^^^^^^^^^^^^^^^^^^^^^^^^^^^^^^^^^^^^^^^^^^^^
    )
    ^
  File "/workspace/dropbox/github/robinqu/RSSRipple/.venv/lib/python3.13/site-packages/sqlalchemy/util/_concurrency_py3k.py", line 132, in await_only
    return current.parent.switch(awaitable)  # type: ignore[no-any-return,attr-defined] # noqa: E501
           ~~~~~~~~~~~~~~~~~~~~~^^^^^^^^^^^
  File "/workspace/dropbox/github/robinqu/RSSRipple/.venv/lib/python3.13/site-packages/sqlalchemy/util/_concurrency_py3k.py", line 196, in greenlet_spawn
    value = await result
            ^^^^^^^^^^^^
  File "/workspace/dropbox/github/robinqu/RSSRipple/.venv/lib/python3.13/site-packages/sqlalchemy/dialects/postgresql/asyncpg.py", line 563, in _prepare_and_execute
    self._handle_exception(error)
    ~~~~~~~~~~~~~~~~~~~~~~^^^^^^^
  File "/workspace/dropbox/github/robinqu/RSSRipple/.venv/lib/python3.13/site-packages/sqlalchemy/dialects/postgresql/asyncpg.py", line 513, in _handle_exception
    self._adapt_connection._handle_exception(error)
    ~~~~~~~~~~~~~~~~~~~~~~~~~~~~~~~~~~~~~~~~^^^^^^^
  File "/workspace/dropbox/github/robinqu/RSSRipple/.venv/lib/python3.13/site-packages/sqlalchemy/dialects/postgresql/asyncpg.py", line 797, in _handle_exception
    raise translated_error from error
sqlalchemy.exc.IntegrityError: (raised as a result of Query-invoked autoflush; consider using a session.no_autoflush block if this flush is occurring prematurely)
(sqlalchemy.dialects.postgresql.asyncpg.IntegrityError) <class 'asyncpg.exceptions.ForeignKeyViolationError'>: insert or update on table "file_resources" violates foreign key constraint "file_resources_movie_id_fkey"
DETAIL:  Key (movie_id)=(71d39052-2288-4465-a4ff-97ececccb13c) is not present in table "movies".
[SQL: UPDATE file_resources SET title_en=$1::VARCHAR, search_title=$2::VARCHAR, series_id=$3::VARCHAR, movie_id=$4::VARCHAR, metadata_matched_at=$5::TIMESTAMP WITHOUT TIME ZONE, updated_at=now() WHERE file_resources.id = $6::VARCHAR]
[parameters: ('Synthetic manual concurrent target', 'Synthetic manual concurrent target', None, '71d39052-2288-4465-a4ff-97ececccb13c', datetime.datetime(2026, 9, 23, 13, 29, 51, 704629), '724d03be-3ec8-4560-aea7-4187b18946b2')]
(Background on this error at: https://sqlalche.me/e/20/gkpj)

During handling of the above exception, another exception occurred:

Traceback (most recent call last):
  File "/workspace/dropbox/github/robinqu/RSSRipple/docs/plans/p0-and-backlog/probes/manual_mapping_concurrency_probe.py", line 228, in <module>
    asyncio.run(main())
    ~~~~~~~~~~~^^^^^^^^
  File "/home/robinqu/.local/share/uv/python/cpython-3.13.3-linux-x86_64-gnu/lib/python3.13/asyncio/runners.py", line 195, in run
    return runner.run(main)
           ~~~~~~~~~~^^^^^^
  File "/home/robinqu/.local/share/uv/python/cpython-3.13.3-linux-x86_64-gnu/lib/python3.13/asyncio/runners.py", line 118, in run
    return self._loop.run_until_complete(task)
           ~~~~~~~~~~~~~~~~~~~~~~~~~~~~~^^^^^^
  File "/home/robinqu/.local/share/uv/python/cpython-3.13.3-linux-x86_64-gnu/lib/python3.13/asyncio/base_events.py", line 719, in run_until_complete
    return future.result()
           ~~~~~~~~~~~~~^^
  File "/workspace/dropbox/github/robinqu/RSSRipple/docs/plans/p0-and-backlog/probes/manual_mapping_concurrency_probe.py", line 187, in main
    result = await asyncio.wait_for(agent.process(resource, channel, db, force_refresh=not bool(shortcut)), 15)
             ^^^^^^^^^^^^^^^^^^^^^^^^^^^^^^^^^^^^^^^^^^^^^^^^^^^^^^^^^^^^^^^^^^^^^^^^^^^^^^^^^^^^^^^^^^^^^^^^^^
  File "/home/robinqu/.local/share/uv/python/cpython-3.13.3-linux-x86_64-gnu/lib/python3.13/asyncio/tasks.py", line 507, in wait_for
    return await fut
           ^^^^^^^^^
  File "/tmp/rssripple-v15-manual-mapping/app/services/metadata_agent.py", line 930, in process
    if await self._manual_mapping_scope(resource, channel, db) == mapping_scope:
       ^^^^^^^^^^^^^^^^^^^^^^^^^^^^^^^^^^^^^^^^^^^^^^^^^^^^^^^
  File "/tmp/rssripple-v15-manual-mapping/app/services/metadata_agent.py", line 1336, in _manual_mapping_scope
    mapping = await find_manual_title_mapping(db, resource, channel, refresh=True)
              ^^^^^^^^^^^^^^^^^^^^^^^^^^^^^^^^^^^^^^^^^^^^^^^^^^^^^^^^^^^^^^^^^^^^
  File "/tmp/rssripple-v15-manual-mapping/app/services/metadata_service.py", line 2501, in find_manual_title_mapping
    search_key = normalize_title(extract_search_title(resource))
                                 ~~~~~~~~~~~~~~~~~~~~^^^^^^^^^^
  File "/tmp/rssripple-v15-manual-mapping/app/services/metadata_service.py", line 262, in extract_search_title
    title = resource.title_cn or resource.title_en
            ^^^^^^^^^^^^^^^^^
  File "/workspace/dropbox/github/robinqu/RSSRipple/.venv/lib/python3.13/site-packages/sqlalchemy/orm/attributes.py", line 569, in __get__
    return self.impl.get(state, dict_)  # type: ignore[no-any-return]
           ~~~~~~~~~~~~~^^^^^^^^^^^^^^
  File "/workspace/dropbox/github/robinqu/RSSRipple/.venv/lib/python3.13/site-packages/sqlalchemy/orm/attributes.py", line 1096, in get
    value = self._fire_loader_callables(state, key, passive)
  File "/workspace/dropbox/github/robinqu/RSSRipple/.venv/lib/python3.13/site-packages/sqlalchemy/orm/attributes.py", line 1126, in _fire_loader_callables
    return state._load_expired(state, passive)
           ~~~~~~~~~~~~~~~~~~~^^^^^^^^^^^^^^^^
  File "/workspace/dropbox/github/robinqu/RSSRipple/.venv/lib/python3.13/site-packages/sqlalchemy/orm/state.py", line 828, in _load_expired
    self.manager.expired_attribute_loader(self, toload, passive)
    ~~~~~~~~~~~~~~~~~~~~~~~~~~~~~~~~~~~~~^^^^^^^^^^^^^^^^^^^^^^^
  File "/workspace/dropbox/github/robinqu/RSSRipple/.venv/lib/python3.13/site-packages/sqlalchemy/orm/loading.py", line 1674, in load_scalar_attributes
    result = load_on_ident(
        session,
    ...<4 lines>...
        no_autoflush=no_autoflush,
    )
  File "/workspace/dropbox/github/robinqu/RSSRipple/.venv/lib/python3.13/site-packages/sqlalchemy/orm/loading.py", line 510, in load_on_ident
    return load_on_pk_identity(
        session,
    ...<11 lines>...
        is_user_refresh=is_user_refresh,
    )
  File "/workspace/dropbox/github/robinqu/RSSRipple/.venv/lib/python3.13/site-packages/sqlalchemy/orm/loading.py", line 695, in load_on_pk_identity
    session.execute(
    ~~~~~~~~~~~~~~~^
        q,
        ^^
    ...<2 lines>...
        bind_arguments=bind_arguments,
        ^^^^^^^^^^^^^^^^^^^^^^^^^^^^^^
    )
    ^
  File "/workspace/dropbox/github/robinqu/RSSRipple/.venv/lib/python3.13/site-packages/sqlalchemy/orm/session.py", line 2373, in execute
    return self._execute_internal(
           ~~~~~~~~~~~~~~~~~~~~~~^
        statement,
        ^^^^^^^^^^
    ...<4 lines>...
        _add_event=_add_event,
        ^^^^^^^^^^^^^^^^^^^^^^
    )
    ^
  File "/workspace/dropbox/github/robinqu/RSSRipple/.venv/lib/python3.13/site-packages/sqlalchemy/orm/session.py", line 2271, in _execute_internal
    result: Result[Any] = compile_state_cls.orm_execute_statement(
                          ~~~~~~~~~~~~~~~~~~~~~~~~~~~~~~~~~~~~~~~^
        self,
        ^^^^^
    ...<4 lines>...
        conn,
        ^^^^^
    )
    ^
  File "/workspace/dropbox/github/robinqu/RSSRipple/.venv/lib/python3.13/site-packages/sqlalchemy/orm/context.py", line 306, in orm_execute_statement
    result = conn.execute(
        statement, params or {}, execution_options=execution_options
    )
  File "/workspace/dropbox/github/robinqu/RSSRipple/.venv/lib/python3.13/site-packages/sqlalchemy/engine/base.py", line 1421, in execute
    return meth(
        self,
        distilled_parameters,
        execution_options or NO_OPTIONS,
    )
  File "/workspace/dropbox/github/robinqu/RSSRipple/.venv/lib/python3.13/site-packages/sqlalchemy/sql/elements.py", line 526, in _execute_on_connection
    return connection._execute_clauseelement(
           ~~~~~~~~~~~~~~~~~~~~~~~~~~~~~~~~~^
        self, distilled_params, execution_options
        ^^^^^^^^^^^^^^^^^^^^^^^^^^^^^^^^^^^^^^^^^
    )
    ^
  File "/workspace/dropbox/github/robinqu/RSSRipple/.venv/lib/python3.13/site-packages/sqlalchemy/engine/base.py", line 1643, in _execute_clauseelement
    ret = self._execute_context(
        dialect,
    ...<8 lines>...
        cache_hit=cache_hit,
    )
  File "/workspace/dropbox/github/robinqu/RSSRipple/.venv/lib/python3.13/site-packages/sqlalchemy/engine/base.py", line 1848, in _execute_context
    return self._exec_single_context(
           ~~~~~~~~~~~~~~~~~~~~~~~~~^
        dialect, context, statement, parameters
        ^^^^^^^^^^^^^^^^^^^^^^^^^^^^^^^^^^^^^^^
    )
    ^
  File "/workspace/dropbox/github/robinqu/RSSRipple/.venv/lib/python3.13/site-packages/sqlalchemy/engine/base.py", line 1988, in _exec_single_context
    self._handle_dbapi_exception(
    ~~~~~~~~~~~~~~~~~~~~~~~~~~~~^
        e, str_statement, effective_parameters, cursor, context
        ^^^^^^^^^^^^^^^^^^^^^^^^^^^^^^^^^^^^^^^^^^^^^^^^^^^^^^^
    )
    ^
  File "/workspace/dropbox/github/robinqu/RSSRipple/.venv/lib/python3.13/site-packages/sqlalchemy/engine/base.py", line 2368, in _handle_dbapi_exception
    raise exc_info[1].with_traceback(exc_info[2])
  File "/workspace/dropbox/github/robinqu/RSSRipple/.venv/lib/python3.13/site-packages/sqlalchemy/engine/base.py", line 1969, in _exec_single_context
    self.dialect.do_execute(
    ~~~~~~~~~~~~~~~~~~~~~~~^
        cursor, str_statement, effective_parameters, context
        ^^^^^^^^^^^^^^^^^^^^^^^^^^^^^^^^^^^^^^^^^^^^^^^^^^^^
    )
    ^
  File "/workspace/dropbox/github/robinqu/RSSRipple/.venv/lib/python3.13/site-packages/sqlalchemy/engine/default.py", line 952, in do_execute
    cursor.execute(statement, parameters)
    ~~~~~~~~~~~~~~^^^^^^^^^^^^^^^^^^^^^^^
  File "/workspace/dropbox/github/robinqu/RSSRipple/.venv/lib/python3.13/site-packages/sqlalchemy/dialects/postgresql/asyncpg.py", line 585, in execute
    self._adapt_connection.await_(
    ~~~~~~~~~~~~~~~~~~~~~~~~~~~~~^
        self._prepare_and_execute(operation, parameters)
        ^^^^^^^^^^^^^^^^^^^^^^^^^^^^^^^^^^^^^^^^^^^^^^^^
    )
    ^
  File "/workspace/dropbox/github/robinqu/RSSRipple/.venv/lib/python3.13/site-packages/sqlalchemy/util/_concurrency_py3k.py", line 123, in await_only
    raise exc.MissingGreenlet(
    ...<2 lines>...
    )
sqlalchemy.exc.MissingGreenlet: greenlet_spawn has not been called; can't call await_only() here. Was IO attempted in an unexpected place? (Background on this error at: https://sqlalche.me/e/20/xd2s)
