F                                                                        [100%]
=================================== FAILURES ===================================
____________________ test_manual_mapping_turso[shape_edit] _____________________

tmp_path = PosixPath('/tmp/pytest-of-robinqu/pytest-1538/test_manual_mapping_turso_shap0')
case = 'shape_edit'

    @pytest.mark.parametrize("case", ["shape_edit", "edit_during_lookup", "existing_mapping_edit", "cached_result_edit", "known_work_edit", "merge_during_lookup"])
    async def test_manual_mapping_turso(tmp_path, case):
>       await _run_case(tmp_path, case, "sqlite+aioturso:///" + str(tmp_path / "manual_mapping_test.db"))

tests/integration/metadata/test_manual_mapping_concurrency.py:65: 
_ _ _ _ _ _ _ _ _ _ _ _ _ _ _ _ _ _ _ _ _ _ _ _ _ _ _ _ _ _ _ _ _ _ _ _ _ _ _ _ 

tmp_path = PosixPath('/tmp/pytest-of-robinqu/pytest-1538/test_manual_mapping_turso_shap0')
case = 'shape_edit'
database_url = 'sqlite+aioturso:////tmp/pytest-of-robinqu/pytest-1538/test_manual_mapping_turso_shap0/manual_mapping_test.db'

    async def _run_case(tmp_path, case, database_url):
        env = dict(os.environ)
        for key in ("EDITOR_API", "EDITOR_SHAPE", "PREEXISTING_MAPPING", "SHORTCUT", "MERGE_API", "LATE_MAPPING", "REVERSE_API", "INJECT_UNIQUE", "MAPPING_ONLY"):
            env.pop(key, None)
        env.update(CASES[case])
        env.update(DATABASE_URL=database_url,
                   RECORDED_TITLE="1")
        result = await asyncio.to_thread(
            subprocess.run,
            [sys.executable, "-m", "tests.integration.metadata.manual_mapping_driver"],
            cwd=Path(__file__).resolve().parents[3], env=env,
            capture_output=True, text=True, timeout=45,
        )
        (tmp_path / "driver.log").write_text(result.stdout + result.stderr)
>       assert result.returncode == 0, result.stdout + result.stderr
E       AssertionError: {'recorded_case': '00e48de8-b5fd-4e99-8467-d384bd4a3183'}
E         {'editor_http_status': 200}
E         {'resource': '1c6c64eb-adf0-4168-9551-32889079480c', 'expected_movie': '42f61766-02e7-444c-8bc5-6e4a90c47fcd', 'actual_movie': '86965135-0884-4264-b4ac-150085104de7', 'search_title': 'Synthetic old automatic target'}
E         [metadata_agent] channel c765a458-ba96-49cb-b4b0-7f86cc6231c7 source='tmdb' is not available (disabled or missing credentials); search will return no external candidates
E         [fts] drain write failed for 2 rows (reconcile will heal): (turso.lib.DatabaseError) Parse error: no such table: movie_fts
E         [SQL: DELETE FROM movie_fts WHERE entity_id = ?]
E         [parameters: ('42f61766-02e7-444c-8bc5-6e4a90c47fcd',)]
E         (Background on this error at: https://sqlalche.me/e/20/4xp6)
E         [fts] search_series_fts failed for 'mission: impossible - ghost protocol 2011 2160p ai 60fps h26': (turso.lib.DatabaseError) Parse error: no such table: tv_series_fts
E         [SQL: SELECT entity_id FROM tv_series_fts WHERE fts_match(title_cn, title_en, original_title, aliases, ?) LIMIT ?]
E         [parameters: ('mission: impossible - ghost protocol 2011 2160p ai 60fps h265 10bit sdr_marjenbo', 30)]
E         (Background on this error at: https://sqlalche.me/e/20/4xp6)
E         Traceback (most recent call last):
E           File "<frozen runpy>", line 198, in _run_module_as_main
E           File "<frozen runpy>", line 88, in _run_code
E           File "/tmp/rssripple-v15-manual-mapping/tests/integration/metadata/manual_mapping_driver.py", line 246, in <module>
E             asyncio.run(main())
E             ~~~~~~~~~~~^^^^^^^^
E           File "/home/robinqu/.local/share/uv/python/cpython-3.13.3-linux-x86_64-gnu/lib/python3.13/asyncio/runners.py", line 195, in run
E             return runner.run(main)
E                    ~~~~~~~~~~^^^^^^
E           File "/home/robinqu/.local/share/uv/python/cpython-3.13.3-linux-x86_64-gnu/lib/python3.13/asyncio/runners.py", line 118, in run
E             return self._loop.run_until_complete(task)
E                    ~~~~~~~~~~~~~~~~~~~~~~~~~~~~~^^^^^^
E           File "/home/robinqu/.local/share/uv/python/cpython-3.13.3-linux-x86_64-gnu/lib/python3.13/asyncio/base_events.py", line 719, in run_until_complete
E             return future.result()
E                    ~~~~~~~~~~~~~^^
E           File "/tmp/rssripple-v15-manual-mapping/tests/integration/metadata/manual_mapping_driver.py", line 212, in main
E             assert saved.movie_id is None and saved.series_id is None, "Old lookup overwrote batch shape"
E                    ^^^^^^^^^^^^^^^^^^^^^^^^^^^^^^^^^^^^^^^^^^^^^^^^^^
E         AssertionError: Old lookup overwrote batch shape
E         
E       assert 1 == 0
E        +  where 1 = CompletedProcess(args=['/workspace/dropbox/github/robinqu/RSSRipple/.venv/bin/python', '-m', 'tests.integration.metada...e"\n           ^^^^^^^^^^^^^^^^^^^^^^^^^^^^^^^^^^^^^^^^^^^^^^^^^^\nAssertionError: Old lookup overwrote batch shape\n').returncode

tests/integration/metadata/test_manual_mapping_concurrency.py:60: AssertionError
=========================== short test summary info ============================
FAILED tests/integration/metadata/test_manual_mapping_concurrency.py::test_manual_mapping_turso[shape_edit]
1 failed in 2.12s
