.............FFFFFF......                                                [100%]
=================================== FAILURES ===================================
___ test_manual_mapping_precedes_success_cache[True-False-False-normalized] ____

db_session = <sqlalchemy.ext.asyncio.session.AsyncSession object at 0x7f7712712bd0>
sample_channel = <app.models.channel.Channel object at 0x7f7737b96fd0>
mapping_kind = 'normalized', force_refresh = False
candidate_matches_manual = False, already_linked = True

    @pytest.mark.parametrize("mapping_kind", ["normalized", "raw_fallback", "empty_target", "other_channel"])
    @pytest.mark.parametrize("force_refresh,candidate_matches_manual", [(False, False), (True, False), (True, True)])
    @pytest.mark.parametrize("already_linked", [False, True])
    async def test_manual_mapping_precedes_success_cache(
        db_session, sample_channel, mapping_kind, force_refresh, candidate_matches_manual, already_linked,
    ):
        corpus = Path(__file__).resolve().parents[1] / "fixtures/metadata_corpus_v1/candidates.json.gz"
        with gzip.open(corpus, "rt") as stream:
            cases = json.load(stream)["cases"]
        case = next(c for c in cases if c["id"] == "00e48de8-b5fd-4e99-8467-d384bd4a3183")
        raw = case["input"]["title_raw"]
        sample_channel.metadata_source = "tmdb"
        manual = Movie(title_en="Synthetic manual choice", is_anime=False)
        cached = Movie(title_en="Synthetic automatic choice", is_anime=False)
        resource = FileResource(channel_id=sample_channel.id, guid=str(uuid.uuid4()), title_raw=raw, torrent_url="")
        db_session.add_all([manual, cached, resource])
        await db_session.flush()
        if already_linked:
            resource.movie_id = manual.id
        channel_id = sample_channel.id
        if mapping_kind == "other_channel":
            other = Channel(name="Synthetic other channel", url="https://example.invalid/other", field_mapping={})
            db_session.add(other)
            await db_session.flush()
            channel_id = other.id
        key = normalize_title(extract_search_title(resource))
        if mapping_kind == "raw_fallback":
            key = "synthetic-legacy-key"
        db_session.add(ChannelRawTitleMapping(
            channel_id=channel_id, raw_title=raw, search_title_key=key,
            movie_id=None if mapping_kind == "empty_target" else manual.id,
            content_type="movie",
        ))
        agent = UnifiedMetadataAgent()
        incoming_title = manual.title_en if candidate_matches_manual else cached.title_en
        agent._run_react = AsyncMock(return_value=(
            {"clean_title": incoming_title, "content_type": "movie", "found": True,
             "matched_entity": {"title_en": incoming_title, "content_type": "movie", "is_anime": False,
                                "release_date": "2011-12-07"}},
            {"method": "synthetic", "data_sources_used": [], "source_errors": {}, "error": None},
        ))
        agent._ensure_genre = AsyncMock()
        agent._get_cache = AsyncMock(wraps=agent._get_cache)
        await agent._set_cache(raw, "tmdb", ResourceMetadata(
            clean_title=cached.title_en, content_type="movie", found=True,
            matched_entity={"title_en": cached.title_en, "content_type": "movie", "is_anime": False},
        ), db_session)
        await db_session.commit()
        await agent.process(resource, sample_channel, db_session, force_refresh=force_refresh)
        await db_session.commit()
        if force_refresh:
            agent._get_cache.assert_not_awaited()
    
        from app.database import async_session_factory
    
        async with async_session_factory() as observer:
            saved = await observer.get(FileResource, resource.id)
            keep_manual = (
                mapping_kind in {"normalized", "raw_fallback"}
                or candidate_matches_manual
                or (already_linked and not force_refresh)
            )
            expected = manual.id if keep_manual else cached.id
>           assert saved.movie_id == expected
E           AssertionError: assert 'd6a97ee1-bf1...-82cd78b5293a' == '78820b4b-3fc...-77a770138c88'
E             
E             - 78820b4b-3fce-4c82-a1d7-77a770138c88
E             + d6a97ee1-bf1e-4dea-bd1c-82cd78b5293a

tests/unit/test_manual_title_mapping.py:104: AssertionError
__ test_manual_mapping_precedes_success_cache[True-False-False-raw_fallback] ___

db_session = <sqlalchemy.ext.asyncio.session.AsyncSession object at 0x7f7730fb11f0>
sample_channel = <app.models.channel.Channel object at 0x7f7712825ba0>
mapping_kind = 'raw_fallback', force_refresh = False
candidate_matches_manual = False, already_linked = True

    @pytest.mark.parametrize("mapping_kind", ["normalized", "raw_fallback", "empty_target", "other_channel"])
    @pytest.mark.parametrize("force_refresh,candidate_matches_manual", [(False, False), (True, False), (True, True)])
    @pytest.mark.parametrize("already_linked", [False, True])
    async def test_manual_mapping_precedes_success_cache(
        db_session, sample_channel, mapping_kind, force_refresh, candidate_matches_manual, already_linked,
    ):
        corpus = Path(__file__).resolve().parents[1] / "fixtures/metadata_corpus_v1/candidates.json.gz"
        with gzip.open(corpus, "rt") as stream:
            cases = json.load(stream)["cases"]
        case = next(c for c in cases if c["id"] == "00e48de8-b5fd-4e99-8467-d384bd4a3183")
        raw = case["input"]["title_raw"]
        sample_channel.metadata_source = "tmdb"
        manual = Movie(title_en="Synthetic manual choice", is_anime=False)
        cached = Movie(title_en="Synthetic automatic choice", is_anime=False)
        resource = FileResource(channel_id=sample_channel.id, guid=str(uuid.uuid4()), title_raw=raw, torrent_url="")
        db_session.add_all([manual, cached, resource])
        await db_session.flush()
        if already_linked:
            resource.movie_id = manual.id
        channel_id = sample_channel.id
        if mapping_kind == "other_channel":
            other = Channel(name="Synthetic other channel", url="https://example.invalid/other", field_mapping={})
            db_session.add(other)
            await db_session.flush()
            channel_id = other.id
        key = normalize_title(extract_search_title(resource))
        if mapping_kind == "raw_fallback":
            key = "synthetic-legacy-key"
        db_session.add(ChannelRawTitleMapping(
            channel_id=channel_id, raw_title=raw, search_title_key=key,
            movie_id=None if mapping_kind == "empty_target" else manual.id,
            content_type="movie",
        ))
        agent = UnifiedMetadataAgent()
        incoming_title = manual.title_en if candidate_matches_manual else cached.title_en
        agent._run_react = AsyncMock(return_value=(
            {"clean_title": incoming_title, "content_type": "movie", "found": True,
             "matched_entity": {"title_en": incoming_title, "content_type": "movie", "is_anime": False,
                                "release_date": "2011-12-07"}},
            {"method": "synthetic", "data_sources_used": [], "source_errors": {}, "error": None},
        ))
        agent._ensure_genre = AsyncMock()
        agent._get_cache = AsyncMock(wraps=agent._get_cache)
        await agent._set_cache(raw, "tmdb", ResourceMetadata(
            clean_title=cached.title_en, content_type="movie", found=True,
            matched_entity={"title_en": cached.title_en, "content_type": "movie", "is_anime": False},
        ), db_session)
        await db_session.commit()
        await agent.process(resource, sample_channel, db_session, force_refresh=force_refresh)
        await db_session.commit()
        if force_refresh:
            agent._get_cache.assert_not_awaited()
    
        from app.database import async_session_factory
    
        async with async_session_factory() as observer:
            saved = await observer.get(FileResource, resource.id)
            keep_manual = (
                mapping_kind in {"normalized", "raw_fallback"}
                or candidate_matches_manual
                or (already_linked and not force_refresh)
            )
            expected = manual.id if keep_manual else cached.id
>           assert saved.movie_id == expected
E           AssertionError: assert 'f1ffe45d-08b...-431efd4db5df' == 'db3f93c9-c8c...-51db4d591de2'
E             
E             - db3f93c9-c8c1-40c4-a3d2-51db4d591de2
E             + f1ffe45d-08bc-4486-bf32-431efd4db5df

tests/unit/test_manual_title_mapping.py:104: AssertionError
__ test_manual_mapping_precedes_success_cache[True-False-False-empty_target] ___

db_session = <sqlalchemy.ext.asyncio.session.AsyncSession object at 0x7f77312b14f0>
sample_channel = <app.models.channel.Channel object at 0x7f773228b950>
mapping_kind = 'empty_target', force_refresh = False
candidate_matches_manual = False, already_linked = True

    @pytest.mark.parametrize("mapping_kind", ["normalized", "raw_fallback", "empty_target", "other_channel"])
    @pytest.mark.parametrize("force_refresh,candidate_matches_manual", [(False, False), (True, False), (True, True)])
    @pytest.mark.parametrize("already_linked", [False, True])
    async def test_manual_mapping_precedes_success_cache(
        db_session, sample_channel, mapping_kind, force_refresh, candidate_matches_manual, already_linked,
    ):
        corpus = Path(__file__).resolve().parents[1] / "fixtures/metadata_corpus_v1/candidates.json.gz"
        with gzip.open(corpus, "rt") as stream:
            cases = json.load(stream)["cases"]
        case = next(c for c in cases if c["id"] == "00e48de8-b5fd-4e99-8467-d384bd4a3183")
        raw = case["input"]["title_raw"]
        sample_channel.metadata_source = "tmdb"
        manual = Movie(title_en="Synthetic manual choice", is_anime=False)
        cached = Movie(title_en="Synthetic automatic choice", is_anime=False)
        resource = FileResource(channel_id=sample_channel.id, guid=str(uuid.uuid4()), title_raw=raw, torrent_url="")
        db_session.add_all([manual, cached, resource])
        await db_session.flush()
        if already_linked:
            resource.movie_id = manual.id
        channel_id = sample_channel.id
        if mapping_kind == "other_channel":
            other = Channel(name="Synthetic other channel", url="https://example.invalid/other", field_mapping={})
            db_session.add(other)
            await db_session.flush()
            channel_id = other.id
        key = normalize_title(extract_search_title(resource))
        if mapping_kind == "raw_fallback":
            key = "synthetic-legacy-key"
        db_session.add(ChannelRawTitleMapping(
            channel_id=channel_id, raw_title=raw, search_title_key=key,
            movie_id=None if mapping_kind == "empty_target" else manual.id,
            content_type="movie",
        ))
        agent = UnifiedMetadataAgent()
        incoming_title = manual.title_en if candidate_matches_manual else cached.title_en
        agent._run_react = AsyncMock(return_value=(
            {"clean_title": incoming_title, "content_type": "movie", "found": True,
             "matched_entity": {"title_en": incoming_title, "content_type": "movie", "is_anime": False,
                                "release_date": "2011-12-07"}},
            {"method": "synthetic", "data_sources_used": [], "source_errors": {}, "error": None},
        ))
        agent._ensure_genre = AsyncMock()
        agent._get_cache = AsyncMock(wraps=agent._get_cache)
        await agent._set_cache(raw, "tmdb", ResourceMetadata(
            clean_title=cached.title_en, content_type="movie", found=True,
            matched_entity={"title_en": cached.title_en, "content_type": "movie", "is_anime": False},
        ), db_session)
        await db_session.commit()
        await agent.process(resource, sample_channel, db_session, force_refresh=force_refresh)
        await db_session.commit()
        if force_refresh:
            agent._get_cache.assert_not_awaited()
    
        from app.database import async_session_factory
    
        async with async_session_factory() as observer:
            saved = await observer.get(FileResource, resource.id)
            keep_manual = (
                mapping_kind in {"normalized", "raw_fallback"}
                or candidate_matches_manual
                or (already_linked and not force_refresh)
            )
            expected = manual.id if keep_manual else cached.id
>           assert saved.movie_id == expected
E           AssertionError: assert '1fc330bb-197...-ef2679a1955f' == 'a9c7ba93-a9d...-9ef5c4a39174'
E             
E             - a9c7ba93-a9de-4d98-b9cf-9ef5c4a39174
E             + 1fc330bb-197e-4e62-aae7-ef2679a1955f

tests/unit/test_manual_title_mapping.py:104: AssertionError
__ test_manual_mapping_precedes_success_cache[True-False-False-other_channel] __

db_session = <sqlalchemy.ext.asyncio.session.AsyncSession object at 0x7f7730d21670>
sample_channel = <app.models.channel.Channel object at 0x7f7730bbdba0>
mapping_kind = 'other_channel', force_refresh = False
candidate_matches_manual = False, already_linked = True

    @pytest.mark.parametrize("mapping_kind", ["normalized", "raw_fallback", "empty_target", "other_channel"])
    @pytest.mark.parametrize("force_refresh,candidate_matches_manual", [(False, False), (True, False), (True, True)])
    @pytest.mark.parametrize("already_linked", [False, True])
    async def test_manual_mapping_precedes_success_cache(
        db_session, sample_channel, mapping_kind, force_refresh, candidate_matches_manual, already_linked,
    ):
        corpus = Path(__file__).resolve().parents[1] / "fixtures/metadata_corpus_v1/candidates.json.gz"
        with gzip.open(corpus, "rt") as stream:
            cases = json.load(stream)["cases"]
        case = next(c for c in cases if c["id"] == "00e48de8-b5fd-4e99-8467-d384bd4a3183")
        raw = case["input"]["title_raw"]
        sample_channel.metadata_source = "tmdb"
        manual = Movie(title_en="Synthetic manual choice", is_anime=False)
        cached = Movie(title_en="Synthetic automatic choice", is_anime=False)
        resource = FileResource(channel_id=sample_channel.id, guid=str(uuid.uuid4()), title_raw=raw, torrent_url="")
        db_session.add_all([manual, cached, resource])
        await db_session.flush()
        if already_linked:
            resource.movie_id = manual.id
        channel_id = sample_channel.id
        if mapping_kind == "other_channel":
            other = Channel(name="Synthetic other channel", url="https://example.invalid/other", field_mapping={})
            db_session.add(other)
            await db_session.flush()
            channel_id = other.id
        key = normalize_title(extract_search_title(resource))
        if mapping_kind == "raw_fallback":
            key = "synthetic-legacy-key"
        db_session.add(ChannelRawTitleMapping(
            channel_id=channel_id, raw_title=raw, search_title_key=key,
            movie_id=None if mapping_kind == "empty_target" else manual.id,
            content_type="movie",
        ))
        agent = UnifiedMetadataAgent()
        incoming_title = manual.title_en if candidate_matches_manual else cached.title_en
        agent._run_react = AsyncMock(return_value=(
            {"clean_title": incoming_title, "content_type": "movie", "found": True,
             "matched_entity": {"title_en": incoming_title, "content_type": "movie", "is_anime": False,
                                "release_date": "2011-12-07"}},
            {"method": "synthetic", "data_sources_used": [], "source_errors": {}, "error": None},
        ))
        agent._ensure_genre = AsyncMock()
        agent._get_cache = AsyncMock(wraps=agent._get_cache)
        await agent._set_cache(raw, "tmdb", ResourceMetadata(
            clean_title=cached.title_en, content_type="movie", found=True,
            matched_entity={"title_en": cached.title_en, "content_type": "movie", "is_anime": False},
        ), db_session)
        await db_session.commit()
        await agent.process(resource, sample_channel, db_session, force_refresh=force_refresh)
        await db_session.commit()
        if force_refresh:
            agent._get_cache.assert_not_awaited()
    
        from app.database import async_session_factory
    
        async with async_session_factory() as observer:
            saved = await observer.get(FileResource, resource.id)
            keep_manual = (
                mapping_kind in {"normalized", "raw_fallback"}
                or candidate_matches_manual
                or (already_linked and not force_refresh)
            )
            expected = manual.id if keep_manual else cached.id
>           assert saved.movie_id == expected
E           AssertionError: assert 'c0bd19d7-509...-34c78be57154' == '5c9647af-2fd...-a5db0fe6b5fc'
E             
E             - 5c9647af-2fd7-4af7-a8bc-a5db0fe6b5fc
E             + c0bd19d7-5093-4ca6-909b-34c78be57154

tests/unit/test_manual_title_mapping.py:104: AssertionError
____ test_manual_mapping_precedes_success_cache[True-True-False-normalized] ____

db_session = <sqlalchemy.ext.asyncio.session.AsyncSession object at 0x7f773156cad0>
sample_channel = <app.models.channel.Channel object at 0x7f773228a8b0>
mapping_kind = 'normalized', force_refresh = True
candidate_matches_manual = False, already_linked = True

    @pytest.mark.parametrize("mapping_kind", ["normalized", "raw_fallback", "empty_target", "other_channel"])
    @pytest.mark.parametrize("force_refresh,candidate_matches_manual", [(False, False), (True, False), (True, True)])
    @pytest.mark.parametrize("already_linked", [False, True])
    async def test_manual_mapping_precedes_success_cache(
        db_session, sample_channel, mapping_kind, force_refresh, candidate_matches_manual, already_linked,
    ):
        corpus = Path(__file__).resolve().parents[1] / "fixtures/metadata_corpus_v1/candidates.json.gz"
        with gzip.open(corpus, "rt") as stream:
            cases = json.load(stream)["cases"]
        case = next(c for c in cases if c["id"] == "00e48de8-b5fd-4e99-8467-d384bd4a3183")
        raw = case["input"]["title_raw"]
        sample_channel.metadata_source = "tmdb"
        manual = Movie(title_en="Synthetic manual choice", is_anime=False)
        cached = Movie(title_en="Synthetic automatic choice", is_anime=False)
        resource = FileResource(channel_id=sample_channel.id, guid=str(uuid.uuid4()), title_raw=raw, torrent_url="")
        db_session.add_all([manual, cached, resource])
        await db_session.flush()
        if already_linked:
            resource.movie_id = manual.id
        channel_id = sample_channel.id
        if mapping_kind == "other_channel":
            other = Channel(name="Synthetic other channel", url="https://example.invalid/other", field_mapping={})
            db_session.add(other)
            await db_session.flush()
            channel_id = other.id
        key = normalize_title(extract_search_title(resource))
        if mapping_kind == "raw_fallback":
            key = "synthetic-legacy-key"
        db_session.add(ChannelRawTitleMapping(
            channel_id=channel_id, raw_title=raw, search_title_key=key,
            movie_id=None if mapping_kind == "empty_target" else manual.id,
            content_type="movie",
        ))
        agent = UnifiedMetadataAgent()
        incoming_title = manual.title_en if candidate_matches_manual else cached.title_en
        agent._run_react = AsyncMock(return_value=(
            {"clean_title": incoming_title, "content_type": "movie", "found": True,
             "matched_entity": {"title_en": incoming_title, "content_type": "movie", "is_anime": False,
                                "release_date": "2011-12-07"}},
            {"method": "synthetic", "data_sources_used": [], "source_errors": {}, "error": None},
        ))
        agent._ensure_genre = AsyncMock()
        agent._get_cache = AsyncMock(wraps=agent._get_cache)
        await agent._set_cache(raw, "tmdb", ResourceMetadata(
            clean_title=cached.title_en, content_type="movie", found=True,
            matched_entity={"title_en": cached.title_en, "content_type": "movie", "is_anime": False},
        ), db_session)
        await db_session.commit()
        await agent.process(resource, sample_channel, db_session, force_refresh=force_refresh)
        await db_session.commit()
        if force_refresh:
            agent._get_cache.assert_not_awaited()
    
        from app.database import async_session_factory
    
        async with async_session_factory() as observer:
            saved = await observer.get(FileResource, resource.id)
            keep_manual = (
                mapping_kind in {"normalized", "raw_fallback"}
                or candidate_matches_manual
                or (already_linked and not force_refresh)
            )
            expected = manual.id if keep_manual else cached.id
>           assert saved.movie_id == expected
E           AssertionError: assert 'ec232587-6cf...-2b93cb0d006d' == '536ff5f0-403...-9650a3932dc9'
E             
E             - 536ff5f0-4034-471a-b34f-9650a3932dc9
E             + ec232587-6cf9-4d27-a004-2b93cb0d006d

tests/unit/test_manual_title_mapping.py:104: AssertionError
------------------------------ Captured log call -------------------------------
WARNING  app.services.metadata_agent:metadata_agent.py:777 [metadata_agent] channel 76739cb9-2ae9-4e09-9700-10411670bf32 source='tmdb' is not available (disabled or missing credentials); search will return no external candidates
WARNING  app.services.fts:fts.py:340 [fts] search_series_fts failed for 'mission: impossible - ghost protocol 2011 2160p ai 60fps h26': (turso.lib.DatabaseError) Internal error: FTS parse error: Syntax Error: mission: impossible - ghost protocol 2011 2160p ai 60fps h265 10bit sdr_marjenbo
[SQL: SELECT entity_id FROM tv_series_fts WHERE fts_match(title_cn, title_en, original_title, aliases, ?) LIMIT ?]
[parameters: ('mission: impossible - ghost protocol 2011 2160p ai 60fps h265 10bit sdr_marjenbo', 30)]
(Background on this error at: https://sqlalche.me/e/20/4xp6)
___ test_manual_mapping_precedes_success_cache[True-True-False-raw_fallback] ___

db_session = <sqlalchemy.ext.asyncio.session.AsyncSession object at 0x7f7731167770>
sample_channel = <app.models.channel.Channel object at 0x7f7712650e90>
mapping_kind = 'raw_fallback', force_refresh = True
candidate_matches_manual = False, already_linked = True

    @pytest.mark.parametrize("mapping_kind", ["normalized", "raw_fallback", "empty_target", "other_channel"])
    @pytest.mark.parametrize("force_refresh,candidate_matches_manual", [(False, False), (True, False), (True, True)])
    @pytest.mark.parametrize("already_linked", [False, True])
    async def test_manual_mapping_precedes_success_cache(
        db_session, sample_channel, mapping_kind, force_refresh, candidate_matches_manual, already_linked,
    ):
        corpus = Path(__file__).resolve().parents[1] / "fixtures/metadata_corpus_v1/candidates.json.gz"
        with gzip.open(corpus, "rt") as stream:
            cases = json.load(stream)["cases"]
        case = next(c for c in cases if c["id"] == "00e48de8-b5fd-4e99-8467-d384bd4a3183")
        raw = case["input"]["title_raw"]
        sample_channel.metadata_source = "tmdb"
        manual = Movie(title_en="Synthetic manual choice", is_anime=False)
        cached = Movie(title_en="Synthetic automatic choice", is_anime=False)
        resource = FileResource(channel_id=sample_channel.id, guid=str(uuid.uuid4()), title_raw=raw, torrent_url="")
        db_session.add_all([manual, cached, resource])
        await db_session.flush()
        if already_linked:
            resource.movie_id = manual.id
        channel_id = sample_channel.id
        if mapping_kind == "other_channel":
            other = Channel(name="Synthetic other channel", url="https://example.invalid/other", field_mapping={})
            db_session.add(other)
            await db_session.flush()
            channel_id = other.id
        key = normalize_title(extract_search_title(resource))
        if mapping_kind == "raw_fallback":
            key = "synthetic-legacy-key"
        db_session.add(ChannelRawTitleMapping(
            channel_id=channel_id, raw_title=raw, search_title_key=key,
            movie_id=None if mapping_kind == "empty_target" else manual.id,
            content_type="movie",
        ))
        agent = UnifiedMetadataAgent()
        incoming_title = manual.title_en if candidate_matches_manual else cached.title_en
        agent._run_react = AsyncMock(return_value=(
            {"clean_title": incoming_title, "content_type": "movie", "found": True,
             "matched_entity": {"title_en": incoming_title, "content_type": "movie", "is_anime": False,
                                "release_date": "2011-12-07"}},
            {"method": "synthetic", "data_sources_used": [], "source_errors": {}, "error": None},
        ))
        agent._ensure_genre = AsyncMock()
        agent._get_cache = AsyncMock(wraps=agent._get_cache)
        await agent._set_cache(raw, "tmdb", ResourceMetadata(
            clean_title=cached.title_en, content_type="movie", found=True,
            matched_entity={"title_en": cached.title_en, "content_type": "movie", "is_anime": False},
        ), db_session)
        await db_session.commit()
        await agent.process(resource, sample_channel, db_session, force_refresh=force_refresh)
        await db_session.commit()
        if force_refresh:
            agent._get_cache.assert_not_awaited()
    
        from app.database import async_session_factory
    
        async with async_session_factory() as observer:
            saved = await observer.get(FileResource, resource.id)
            keep_manual = (
                mapping_kind in {"normalized", "raw_fallback"}
                or candidate_matches_manual
                or (already_linked and not force_refresh)
            )
            expected = manual.id if keep_manual else cached.id
>           assert saved.movie_id == expected
E           AssertionError: assert '53bfa182-65c...-47f8f647eddf' == '5223110c-960...-4e92ebcce751'
E             
E             - 5223110c-9608-4c10-b68f-4e92ebcce751
E             + 53bfa182-65c2-486f-8134-47f8f647eddf

tests/unit/test_manual_title_mapping.py:104: AssertionError
------------------------------ Captured log call -------------------------------
WARNING  app.services.metadata_agent:metadata_agent.py:777 [metadata_agent] channel 6ca09ac3-dd9f-43a4-bea9-5ba7a39f5262 source='tmdb' is not available (disabled or missing credentials); search will return no external candidates
WARNING  app.services.fts:fts.py:340 [fts] search_series_fts failed for 'mission: impossible - ghost protocol 2011 2160p ai 60fps h26': (turso.lib.DatabaseError) Internal error: FTS parse error: Syntax Error: mission: impossible - ghost protocol 2011 2160p ai 60fps h265 10bit sdr_marjenbo
[SQL: SELECT entity_id FROM tv_series_fts WHERE fts_match(title_cn, title_en, original_title, aliases, ?) LIMIT ?]
[parameters: ('mission: impossible - ghost protocol 2011 2160p ai 60fps h265 10bit sdr_marjenbo', 30)]
(Background on this error at: https://sqlalche.me/e/20/4xp6)
=============================== warnings summary ===============================
tests/unit/test_manual_title_mapping.py::test_movie_target_lookup_does_not_apply_candidate
  /workspace/dropbox/github/robinqu/RSSRipple/.venv/lib/python3.13/site-packages/pytest_asyncio/plugin.py:916: PytestDeprecationWarning: Overriding the "event_loop_policy" fixture is deprecated and will be removed in a future version of pytest-asyncio. Use the "pytest_asyncio_loop_factories" hook to customize event loop creation.
    warnings.warn(

-- Docs: https://docs.pytest.org/en/stable/how-to/capture-warnings.html
=========================== short test summary info ============================
FAILED tests/unit/test_manual_title_mapping.py::test_manual_mapping_precedes_success_cache[True-False-False-normalized]
FAILED tests/unit/test_manual_title_mapping.py::test_manual_mapping_precedes_success_cache[True-False-False-raw_fallback]
FAILED tests/unit/test_manual_title_mapping.py::test_manual_mapping_precedes_success_cache[True-False-False-empty_target]
FAILED tests/unit/test_manual_title_mapping.py::test_manual_mapping_precedes_success_cache[True-False-False-other_channel]
FAILED tests/unit/test_manual_title_mapping.py::test_manual_mapping_precedes_success_cache[True-True-False-normalized]
FAILED tests/unit/test_manual_title_mapping.py::test_manual_mapping_precedes_success_cache[True-True-False-raw_fallback]
6 failed, 19 passed, 1 warning in 14.12s
