.F.                                                                      [100%]
=================================== FAILURES ===================================
____________________________ test_concurrent_turso _____________________________
/workspace/dropbox/github/robinqu/RSSRipple/.venv/lib/python3.13/site-packages/turso/lib.py:418: in _exec_ddl_only
    _run_execute_with_io(stmt, self.extra_io)
/workspace/dropbox/github/robinqu/RSSRipple/.venv/lib/python3.13/site-packages/turso/lib.py:288: in _run_execute_with_io
    result = stmt.execute()
             ^^^^^^^^^^^^^^
E   turso.Error: Write-write conflict

During handling of the above exception, another exception occurred:
/workspace/dropbox/github/robinqu/RSSRipple/.venv/lib/python3.13/site-packages/sqlalchemy/engine/base.py:1147: in _commit_impl
    self.engine.dialect.do_commit(self.connection)
/workspace/dropbox/github/robinqu/RSSRipple/.venv/lib/python3.13/site-packages/sqlalchemy/engine/default.py:715: in do_commit
    dbapi_connection.commit()
/workspace/dropbox/github/robinqu/RSSRipple/.venv/lib/python3.13/site-packages/sqlalchemy/connectors/asyncio.py:380: in commit
    self._handle_exception(error)
/workspace/dropbox/github/robinqu/RSSRipple/.venv/lib/python3.13/site-packages/sqlalchemy/connectors/asyncio.py:368: in _handle_exception
    raise error.with_traceback(exc_info[2])
/workspace/dropbox/github/robinqu/RSSRipple/.venv/lib/python3.13/site-packages/sqlalchemy/connectors/asyncio.py:378: in commit
    self.await_(self._connection.commit())
/workspace/dropbox/github/robinqu/RSSRipple/.venv/lib/python3.13/site-packages/sqlalchemy/util/_concurrency_py3k.py:132: in await_only
    return current.parent.switch(awaitable)  # type: ignore[no-any-return,attr-defined] # noqa: E501
           ^^^^^^^^^^^^^^^^^^^^^^^^^^^^^^^^
/workspace/dropbox/github/robinqu/RSSRipple/.venv/lib/python3.13/site-packages/sqlalchemy/util/_concurrency_py3k.py:196: in greenlet_spawn
    value = await result
            ^^^^^^^^^^^^
/workspace/dropbox/github/robinqu/RSSRipple/.venv/lib/python3.13/site-packages/turso/lib_aio.py:138: in commit
    await self._run(lambda: self._conn.commit())  # type: ignore[union-attr]
    ^^^^^^^^^^^^^^^^^^^^^^^^^^^^^^^^^^^^^^^^^^^^
/workspace/dropbox/github/robinqu/RSSRipple/.venv/lib/python3.13/site-packages/turso/lib_aio.py:96: in _run
    return await fut
           ^^^^^^^^^
/workspace/dropbox/github/robinqu/RSSRipple/.venv/lib/python3.13/site-packages/turso/worker.py:38: in run
    result = func()
             ^^^^^^
/workspace/dropbox/github/robinqu/RSSRipple/.venv/lib/python3.13/site-packages/turso/lib_aio.py:138: in <lambda>
    await self._run(lambda: self._conn.commit())  # type: ignore[union-attr]
                            ^^^^^^^^^^^^^^^^^^^
/workspace/dropbox/github/robinqu/RSSRipple/.venv/lib/python3.13/site-packages/turso/lib.py:517: in commit
    raise _map_turso_exception(exc)
/workspace/dropbox/github/robinqu/RSSRipple/.venv/lib/python3.13/site-packages/turso/lib.py:512: in commit
    self._exec_ddl_only("COMMIT")
/workspace/dropbox/github/robinqu/RSSRipple/.venv/lib/python3.13/site-packages/turso/lib.py:422: in _exec_ddl_only
    raise _map_turso_exception(exc)
E   turso.lib.DatabaseError: Write-write conflict

The above exception was the direct cause of the following exception:
../rssripple_v35_cache_races.py:37: in test_concurrent_turso
    await concurrent_writes(dedup_turso)
../rssripple_v35_cache_races.py:24: in concurrent_writes
    await asyncio.wait_for(asyncio.gather(*tasks), 15)
/home/robinqu/.local/share/uv/python/cpython-3.13.3-linux-x86_64-gnu/lib/python3.13/asyncio/tasks.py:507: in wait_for
    return await fut
           ^^^^^^^^^
../rssripple_v35_cache_races.py:21: in write
    await db.commit()
/workspace/dropbox/github/robinqu/RSSRipple/.venv/lib/python3.13/site-packages/sqlalchemy/ext/asyncio/session.py:999: in commit
    await greenlet_spawn(self.sync_session.commit)
/workspace/dropbox/github/robinqu/RSSRipple/.venv/lib/python3.13/site-packages/sqlalchemy/util/_concurrency_py3k.py:203: in greenlet_spawn
    result = context.switch(value)
             ^^^^^^^^^^^^^^^^^^^^^
/workspace/dropbox/github/robinqu/RSSRipple/.venv/lib/python3.13/site-packages/sqlalchemy/orm/session.py:2035: in commit
    trans.commit(_to_root=True)
<string>:2: in commit
    ???
/workspace/dropbox/github/robinqu/RSSRipple/.venv/lib/python3.13/site-packages/sqlalchemy/orm/state_changes.py:137: in _go
    ret_value = fn(self, *arg, **kw)
                ^^^^^^^^^^^^^^^^^^^^
/workspace/dropbox/github/robinqu/RSSRipple/.venv/lib/python3.13/site-packages/sqlalchemy/orm/session.py:1323: in commit
    trans.commit()
/workspace/dropbox/github/robinqu/RSSRipple/.venv/lib/python3.13/site-packages/sqlalchemy/engine/base.py:2642: in commit
    self._do_commit()
/workspace/dropbox/github/robinqu/RSSRipple/.venv/lib/python3.13/site-packages/sqlalchemy/engine/base.py:2747: in _do_commit
    self._connection_commit_impl()
/workspace/dropbox/github/robinqu/RSSRipple/.venv/lib/python3.13/site-packages/sqlalchemy/engine/base.py:2718: in _connection_commit_impl
    self.connection._commit_impl()
/workspace/dropbox/github/robinqu/RSSRipple/.venv/lib/python3.13/site-packages/sqlalchemy/engine/base.py:1149: in _commit_impl
    self._handle_dbapi_exception(e, None, None, None, None)
/workspace/dropbox/github/robinqu/RSSRipple/.venv/lib/python3.13/site-packages/sqlalchemy/engine/base.py:2365: in _handle_dbapi_exception
    raise sqlalchemy_exception.with_traceback(exc_info[2]) from e
/workspace/dropbox/github/robinqu/RSSRipple/.venv/lib/python3.13/site-packages/sqlalchemy/engine/base.py:1147: in _commit_impl
    self.engine.dialect.do_commit(self.connection)
/workspace/dropbox/github/robinqu/RSSRipple/.venv/lib/python3.13/site-packages/sqlalchemy/engine/default.py:715: in do_commit
    dbapi_connection.commit()
/workspace/dropbox/github/robinqu/RSSRipple/.venv/lib/python3.13/site-packages/sqlalchemy/connectors/asyncio.py:380: in commit
    self._handle_exception(error)
/workspace/dropbox/github/robinqu/RSSRipple/.venv/lib/python3.13/site-packages/sqlalchemy/connectors/asyncio.py:368: in _handle_exception
    raise error.with_traceback(exc_info[2])
/workspace/dropbox/github/robinqu/RSSRipple/.venv/lib/python3.13/site-packages/sqlalchemy/connectors/asyncio.py:378: in commit
    self.await_(self._connection.commit())
/workspace/dropbox/github/robinqu/RSSRipple/.venv/lib/python3.13/site-packages/sqlalchemy/util/_concurrency_py3k.py:132: in await_only
    return current.parent.switch(awaitable)  # type: ignore[no-any-return,attr-defined] # noqa: E501
           ^^^^^^^^^^^^^^^^^^^^^^^^^^^^^^^^
/workspace/dropbox/github/robinqu/RSSRipple/.venv/lib/python3.13/site-packages/sqlalchemy/util/_concurrency_py3k.py:196: in greenlet_spawn
    value = await result
            ^^^^^^^^^^^^
/workspace/dropbox/github/robinqu/RSSRipple/.venv/lib/python3.13/site-packages/turso/lib_aio.py:138: in commit
    await self._run(lambda: self._conn.commit())  # type: ignore[union-attr]
    ^^^^^^^^^^^^^^^^^^^^^^^^^^^^^^^^^^^^^^^^^^^^
/workspace/dropbox/github/robinqu/RSSRipple/.venv/lib/python3.13/site-packages/turso/lib_aio.py:96: in _run
    return await fut
           ^^^^^^^^^
/workspace/dropbox/github/robinqu/RSSRipple/.venv/lib/python3.13/site-packages/turso/worker.py:38: in run
    result = func()
             ^^^^^^
/workspace/dropbox/github/robinqu/RSSRipple/.venv/lib/python3.13/site-packages/turso/lib_aio.py:138: in <lambda>
    await self._run(lambda: self._conn.commit())  # type: ignore[union-attr]
                            ^^^^^^^^^^^^^^^^^^^
/workspace/dropbox/github/robinqu/RSSRipple/.venv/lib/python3.13/site-packages/turso/lib.py:517: in commit
    raise _map_turso_exception(exc)
/workspace/dropbox/github/robinqu/RSSRipple/.venv/lib/python3.13/site-packages/turso/lib.py:512: in commit
    self._exec_ddl_only("COMMIT")
/workspace/dropbox/github/robinqu/RSSRipple/.venv/lib/python3.13/site-packages/turso/lib.py:422: in _exec_ddl_only
    raise _map_turso_exception(exc)
E   sqlalchemy.exc.DatabaseError: (turso.lib.DatabaseError) Write-write conflict
E   (Background on this error at: https://sqlalche.me/e/20/4xp6)
---------------------------- Captured log teardown -----------------------------
ERROR    sqlalchemy.pool.impl.AsyncAdaptedQueuePool:base.py:1008 Exception during reset or similar
Traceback (most recent call last):
  File "/workspace/dropbox/github/robinqu/RSSRipple/.venv/lib/python3.13/site-packages/sqlalchemy/pool/base.py", line 986, in _finalize_fairy
    fairy._reset(
    ~~~~~~~~~~~~^
        pool,
        ^^^^^
    ...<2 lines>...
        asyncio_safe=can_manipulate_connection,
        ^^^^^^^^^^^^^^^^^^^^^^^^^^^^^^^^^^^^^^^
    )
    ^
  File "/workspace/dropbox/github/robinqu/RSSRipple/.venv/lib/python3.13/site-packages/sqlalchemy/pool/base.py", line 1441, in _reset
    pool._dialect.do_rollback(self)
    ~~~~~~~~~~~~~~~~~~~~~~~~~^^^^^^
  File "/workspace/dropbox/github/robinqu/RSSRipple/.venv/lib/python3.13/site-packages/sqlalchemy/engine/default.py", line 712, in do_rollback
    dbapi_connection.rollback()
    ~~~~~~~~~~~~~~~~~~~~~~~~~^^
  File "/workspace/dropbox/github/robinqu/RSSRipple/.venv/lib/python3.13/site-packages/sqlalchemy/connectors/asyncio.py", line 372, in rollback
    self.await_(self._connection.rollback())
    ~~~~~~~~~~~^^^^^^^^^^^^^^^^^^^^^^^^^^^^^
  File "/workspace/dropbox/github/robinqu/RSSRipple/.venv/lib/python3.13/site-packages/sqlalchemy/util/_concurrency_py3k.py", line 132, in await_only
    return current.parent.switch(awaitable)  # type: ignore[no-any-return,attr-defined] # noqa: E501
           ~~~~~~~~~~~~~~~~~~~~~^^^^^^^^^^^
  File "/workspace/dropbox/github/robinqu/RSSRipple/.venv/lib/python3.13/site-packages/sqlalchemy/util/_concurrency_py3k.py", line 196, in greenlet_spawn
    value = await result
            ^^^^^^^^^^^^
  File "/workspace/dropbox/github/robinqu/RSSRipple/.venv/lib/python3.13/site-packages/turso/lib_aio.py", line 141, in rollback
    await self._run(lambda: self._conn.rollback())  # type: ignore[union-attr]
    ^^^^^^^^^^^^^^^^^^^^^^^^^^^^^^^^^^^^^^^^^^^^^^
  File "/workspace/dropbox/github/robinqu/RSSRipple/.venv/lib/python3.13/site-packages/turso/lib_aio.py", line 96, in _run
    return await fut
           ^^^^^^^^^
asyncio.exceptions.CancelledError
=========================== short test summary info ============================
FAILED ::test_concurrent_turso - sqlalchemy.exc.DatabaseError: (turso.lib.Dat...
1 failed, 2 passed in 3.63s
