F                                                                        [100%]
=================================== FAILURES ===================================
______ test_delivery_waits_for_inflight_siblings_before_propagating_loss _______

db_session = <sqlalchemy.ext.asyncio.session.AsyncSession object at 0x7fe337865d30>
seed = namespace(channel=<app.models.channel.Channel object at 0x7fe337865fd0>, downloader=<app.models.downloader.DownloaderI...resource.FileResource object at 0x7fe337866f90>, task=<app.models.download_task.DownloadTask object at 0x7fe3344b4050>)
monkeypatch = <_pytest.monkeypatch.MonkeyPatch object at 0x7fe337884e90>

    async def test_delivery_waits_for_inflight_siblings_before_propagating_loss(db_session, seed, monkeypatch):
        from app.services import task_queue
    
        db_session.add_all([_webhook(seed.agent.id), _webhook(seed.agent.id)])
        await notify_service.create_notification_for_task(db_session, seed.task)
        await db_session.commit()
        await notify_service.ensure_deliveries(db_session)
        second_started, release, lost = asyncio.Event(), asyncio.Event(), asyncio.Event()
        calls = []
    
        async def guard():
            if lost.is_set():
                raise task_queue.ExecutionOwnershipLostError("Synthetic lost ownership")
    
        class HttpClient:
            def __init__(self, **kwargs):
                pass
    
            async def __aenter__(self):
                return self
    
            async def __aexit__(self, *args):
                return False
    
            async def post(self, url, json=None):
                calls.append(url)
                if len(calls) == 1:
                    await second_started.wait()
                    lost.set()
                else:
                    second_started.set()
                    await release.wait()
                return _FakeResp()
    
        monkeypatch.setattr(task_queue, "require_execution_ownership", guard)
        monkeypatch.setattr(notify_service.httpx, "AsyncClient", HttpClient)
        running = asyncio.create_task(notify_service.deliver_due_deliveries(db_session))
        try:
            await asyncio.wait_for(lost.wait(), 2)
            await asyncio.sleep(0.05)
>           assert not running.done(), "Delivery returned while a sibling still owns its DB session"
E           AssertionError: Delivery returned while a sibling still owns its DB session
E           assert not True
E            +  where True = <built-in method done of _asyncio.Task object at 0x7fe334bd1a70>()
E            +    where <built-in method done of _asyncio.Task object at 0x7fe334bd1a70> = <Task finished name='Task-7' coro=<deliver_due_deliveries() done, defined at /tmp/rssripple-v14-dispatch-lx/app/services/notify_service.py:427> exception=ExecutionOwnershipLostError('Synthetic lost ownership')>.done

tests/unit/test_queue_notification_ownership.py:117: AssertionError
=============================== warnings summary ===============================
tests/unit/test_queue_notification_ownership.py::test_delivery_waits_for_inflight_siblings_before_propagating_loss
  /workspace/dropbox/github/robinqu/RSSRipple/.venv/lib/python3.13/site-packages/pytest_asyncio/plugin.py:916: PytestDeprecationWarning: Overriding the "event_loop_policy" fixture is deprecated and will be removed in a future version of pytest-asyncio. Use the "pytest_asyncio_loop_factories" hook to customize event loop creation.
    warnings.warn(

-- Docs: https://docs.pytest.org/en/stable/how-to/capture-warnings.html
=========================== short test summary info ============================
FAILED tests/unit/test_queue_notification_ownership.py::test_delivery_waits_for_inflight_siblings_before_propagating_loss
1 failed, 1 warning in 0.85s
