 Network rssripple-v14-http-sj_integration-gate  Creating
 Network rssripple-v14-http-sj_integration-gate  Created
 Volume "rssripple-v14-http-sj_gate-data"  Creating
 Volume "rssripple-v14-http-sj_gate-data"  Created
 Container rssripple-v14-http-sj-queue-recovery-redis-1  Creating
 Container rssripple-v14-http-sj-test-server-1  Creating
 Container rssripple-v14-http-sj-test-server-1  Created
 Container rssripple-v14-http-sj-app-1  Creating
 Container rssripple-v14-http-sj-queue-recovery-redis-1  Created
 Container rssripple-v14-http-sj-app-redis-1  Creating
 Container rssripple-v14-http-sj-app-1  Created
 Container rssripple-v14-http-sj-app-redis-1  Created
 Container rssripple-v14-http-sj-test-server-1  Starting
 Container rssripple-v14-http-sj-queue-recovery-redis-1  Starting
 Container rssripple-v14-http-sj-test-server-1  Started
 Container rssripple-v14-http-sj-test-server-1  Waiting
 Container rssripple-v14-http-sj-queue-recovery-redis-1  Started
 Container rssripple-v14-http-sj-test-server-1  Waiting
 Container rssripple-v14-http-sj-queue-recovery-redis-1  Waiting
 Container rssripple-v14-http-sj-queue-recovery-redis-1  Healthy
 Container rssripple-v14-http-sj-test-server-1  Healthy
 Container rssripple-v14-http-sj-app-1  Starting
 Container rssripple-v14-http-sj-test-server-1  Healthy
 Container rssripple-v14-http-sj-app-redis-1  Starting
 Container rssripple-v14-http-sj-app-1  Started
 Container rssripple-v14-http-sj-app-redis-1  Started
 Container rssripple-v14-http-sj-test-server-1  Waiting
 Container rssripple-v14-http-sj-queue-recovery-redis-1  Waiting
 Container rssripple-v14-http-sj-app-redis-1  Waiting
 Container rssripple-v14-http-sj-app-1  Waiting
 Container rssripple-v14-http-sj-test-server-1  Healthy
 Container rssripple-v14-http-sj-queue-recovery-redis-1  Healthy
 Container rssripple-v14-http-sj-app-1  Healthy
 Container rssripple-v14-http-sj-app-redis-1  Healthy
