FF..                                                                     [100%]
=================================== FAILURES ===================================
____ test_reparse_only_current_execution_clears_confirmation_marker[before] ____

db_session = <sqlalchemy.ext.asyncio.session.AsyncSession object at 0x7f783ef88c20>
monkeypatch = <_pytest.monkeypatch.MonkeyPatch object at 0x7f783f087230>
phase = 'before'

    @pytest.mark.parametrize("phase", ["before", "during", "success", "failure"])
    async def test_reparse_only_current_execution_clears_confirmation_marker(db_session, monkeypatch, phase):
        from app.database import async_session_factory
        from app.models.channel import Channel
        from app.models.file_resource import FileResource
        from app.utils.time import utcnow
    
        channel = Channel(name="Reparse", type="rss_feed", url="https://example.invalid", field_mapping={})
        db_session.add(channel)
        await db_session.flush()
        marker = utcnow()
        resource = FileResource(channel_id=channel.id, guid="reparse", title_raw="Synthetic",
                                torrent_url="magnet:?xt=synthetic", confirmation_ignored_at=marker)
        db_session.add(resource)
        await db_session.commit()
        resource_id, channel_id = resource.id, channel.id
        expired = phase == "before"
    
        async def guard():
            if expired:
                raise task_queue.ExecutionOwnershipLostError("Expired reparse")
    
        async def process(*args, **kwargs):
            nonlocal expired
            expired = phase == "during"
            if phase == "failure":
                raise RuntimeError("Metadata unavailable")
    
        process_mock = AsyncMock(side_effect=process)
        monkeypatch.setattr(task_queue, "require_execution_ownership", guard)
        monkeypatch.setattr("app.services.fetch_service._process_resource_metadata", process_mock)
        payload = {"resource_id": resource_id, "channel_id": channel_id}
        if phase in {"before", "during"}:
>           with pytest.raises(task_queue.ExecutionOwnershipLostError):
                 ^^^^^^^^^^^^^^^^^^^^^^^^^^^^^^^^^^^^^^^^^^^^^^^^^^^^^
E           Failed: DID NOT RAISE ExecutionOwnershipLostError

tests/unit/test_queue_metadata_ownership.py:45: Failed
____ test_reparse_only_current_execution_clears_confirmation_marker[during] ____

db_session = <sqlalchemy.ext.asyncio.session.AsyncSession object at 0x7f782bb6da70>
monkeypatch = <_pytest.monkeypatch.MonkeyPatch object at 0x7f782bb317b0>
phase = 'during'

    @pytest.mark.parametrize("phase", ["before", "during", "success", "failure"])
    async def test_reparse_only_current_execution_clears_confirmation_marker(db_session, monkeypatch, phase):
        from app.database import async_session_factory
        from app.models.channel import Channel
        from app.models.file_resource import FileResource
        from app.utils.time import utcnow
    
        channel = Channel(name="Reparse", type="rss_feed", url="https://example.invalid", field_mapping={})
        db_session.add(channel)
        await db_session.flush()
        marker = utcnow()
        resource = FileResource(channel_id=channel.id, guid="reparse", title_raw="Synthetic",
                                torrent_url="magnet:?xt=synthetic", confirmation_ignored_at=marker)
        db_session.add(resource)
        await db_session.commit()
        resource_id, channel_id = resource.id, channel.id
        expired = phase == "before"
    
        async def guard():
            if expired:
                raise task_queue.ExecutionOwnershipLostError("Expired reparse")
    
        async def process(*args, **kwargs):
            nonlocal expired
            expired = phase == "during"
            if phase == "failure":
                raise RuntimeError("Metadata unavailable")
    
        process_mock = AsyncMock(side_effect=process)
        monkeypatch.setattr(task_queue, "require_execution_ownership", guard)
        monkeypatch.setattr("app.services.fetch_service._process_resource_metadata", process_mock)
        payload = {"resource_id": resource_id, "channel_id": channel_id}
        if phase in {"before", "during"}:
>           with pytest.raises(task_queue.ExecutionOwnershipLostError):
                 ^^^^^^^^^^^^^^^^^^^^^^^^^^^^^^^^^^^^^^^^^^^^^^^^^^^^^
E           Failed: DID NOT RAISE ExecutionOwnershipLostError

tests/unit/test_queue_metadata_ownership.py:45: Failed
=============================== warnings summary ===============================
tests/unit/test_queue_metadata_ownership.py::test_reparse_only_current_execution_clears_confirmation_marker[before]
  /workspace/dropbox/github/robinqu/RSSRipple/.venv/lib/python3.13/site-packages/pytest_asyncio/plugin.py:916: PytestDeprecationWarning: Overriding the "event_loop_policy" fixture is deprecated and will be removed in a future version of pytest-asyncio. Use the "pytest_asyncio_loop_factories" hook to customize event loop creation.
    warnings.warn(

-- Docs: https://docs.pytest.org/en/stable/how-to/capture-warnings.html
=========================== short test summary info ============================
FAILED tests/unit/test_queue_metadata_ownership.py::test_reparse_only_current_execution_clears_confirmation_marker[before]
FAILED tests/unit/test_queue_metadata_ownership.py::test_reparse_only_current_execution_clears_confirmation_marker[during]
2 failed, 2 passed, 15 deselected, 1 warning in 1.98s
