FF                                                                       [100%]
=================================== FAILURES ===================================
_ test_download_losing_ownership_during_rpc_leaves_reservation_unsettled[False] _

monkeypatch = <_pytest.monkeypatch.MonkeyPatch object at 0x7f69f1f3c770>
db_session = <sqlalchemy.ext.asyncio.session.AsyncSession object at 0x7f69f1f21d30>
rpc_failed = False

    @pytest.mark.parametrize("rpc_failed", [False, True])
    async def test_download_losing_ownership_during_rpc_leaves_reservation_unsettled(
        monkeypatch, db_session, rpc_failed,
    ):
        from app.models.download_dispatch import DownloadDispatch
    
        client = fakeredis.aioredis.FakeRedis(decode_responses=True)
        queue = RedisQueue(redis_client=client)
        channel = Channel(name="rpc-loss", type="rss_feed", url="https://example.invalid", field_mapping={})
        downloader = DownloaderInstance(name="rpc-loss", type="mock", url="http://example.invalid", download_dir="/downloads")
        db_session.add_all([channel, downloader])
        await db_session.flush()
        resource = FileResource(channel_id=channel.id, guid="rpc-loss", title_raw="Synthetic", torrent_url="magnet:?xt=synthetic")
        db_session.add(resource)
        await db_session.commit()
        finished = asyncio.Event()
        errors = []
    
        async def add_torrent(*args, **kwargs):
            await client.hset("rssripple:job:rpc-loss", "execution_token", "replacement")
            if rpc_failed:
                raise RuntimeError("Old RPC failed after takeover")
            return {"torrent_id": 1}
    
        wrapper = SimpleNamespace(add_torrent=AsyncMock(side_effect=add_torrent))
        monkeypatch.setattr("app.clients.downloader.get_downloader_client", lambda _: wrapper)
    
        async def handler(payload):
            try:
                await create_and_submit_task(resource, downloader, db_session)
                await db_session.commit()
            except Exception as exc:
                await db_session.rollback()
                errors.append(exc)
            finally:
                finished.set()
    
        queue.register("synthetic", handler)
        await queue.start()
        try:
            await queue.enqueue("synthetic", "rpc-loss", {})
            await asyncio.wait_for(finished.wait(), 5)
            wrapper.add_torrent.assert_awaited_once()
>           assert len(errors) == 1 and isinstance(errors[0], ExecutionOwnershipLostError)
E           assert (0 == 1)
E            +  where 0 = len([])

tests/unit/test_queue_download_ownership.py:62: AssertionError
_ test_download_losing_ownership_during_rpc_leaves_reservation_unsettled[True] _

monkeypatch = <_pytest.monkeypatch.MonkeyPatch object at 0x7f69f15f28b0>
db_session = <sqlalchemy.ext.asyncio.session.AsyncSession object at 0x7f69f1f32fd0>
rpc_failed = True

    @pytest.mark.parametrize("rpc_failed", [False, True])
    async def test_download_losing_ownership_during_rpc_leaves_reservation_unsettled(
        monkeypatch, db_session, rpc_failed,
    ):
        from app.models.download_dispatch import DownloadDispatch
    
        client = fakeredis.aioredis.FakeRedis(decode_responses=True)
        queue = RedisQueue(redis_client=client)
        channel = Channel(name="rpc-loss", type="rss_feed", url="https://example.invalid", field_mapping={})
        downloader = DownloaderInstance(name="rpc-loss", type="mock", url="http://example.invalid", download_dir="/downloads")
        db_session.add_all([channel, downloader])
        await db_session.flush()
        resource = FileResource(channel_id=channel.id, guid="rpc-loss", title_raw="Synthetic", torrent_url="magnet:?xt=synthetic")
        db_session.add(resource)
        await db_session.commit()
        finished = asyncio.Event()
        errors = []
    
        async def add_torrent(*args, **kwargs):
            await client.hset("rssripple:job:rpc-loss", "execution_token", "replacement")
            if rpc_failed:
                raise RuntimeError("Old RPC failed after takeover")
            return {"torrent_id": 1}
    
        wrapper = SimpleNamespace(add_torrent=AsyncMock(side_effect=add_torrent))
        monkeypatch.setattr("app.clients.downloader.get_downloader_client", lambda _: wrapper)
    
        async def handler(payload):
            try:
                await create_and_submit_task(resource, downloader, db_session)
                await db_session.commit()
            except Exception as exc:
                await db_session.rollback()
                errors.append(exc)
            finally:
                finished.set()
    
        queue.register("synthetic", handler)
        await queue.start()
        try:
            await queue.enqueue("synthetic", "rpc-loss", {})
            await asyncio.wait_for(finished.wait(), 5)
            wrapper.add_torrent.assert_awaited_once()
>           assert len(errors) == 1 and isinstance(errors[0], ExecutionOwnershipLostError)
E           assert (0 == 1)
E            +  where 0 = len([])

tests/unit/test_queue_download_ownership.py:62: AssertionError
------------------------------ Captured log call -------------------------------
WARNING  app.services.agent_service:agent_service.py:294 Failed to add torrent for resource 16fdfd67-a4a2-4585-8136-0f7e14f74d84: Old RPC failed after takeover
=============================== warnings summary ===============================
tests/unit/test_queue_download_ownership.py::test_download_losing_ownership_during_rpc_leaves_reservation_unsettled[False]
  /workspace/dropbox/github/robinqu/RSSRipple/.venv/lib/python3.13/site-packages/pytest_asyncio/plugin.py:916: PytestDeprecationWarning: Overriding the "event_loop_policy" fixture is deprecated and will be removed in a future version of pytest-asyncio. Use the "pytest_asyncio_loop_factories" hook to customize event loop creation.
    warnings.warn(

-- Docs: https://docs.pytest.org/en/stable/how-to/capture-warnings.html
=========================== short test summary info ============================
FAILED tests/unit/test_queue_download_ownership.py::test_download_losing_ownership_during_rpc_leaves_reservation_unsettled[False]
FAILED tests/unit/test_queue_download_ownership.py::test_download_losing_ownership_during_rpc_leaves_reservation_unsettled[True]
2 failed, 13 deselected, 1 warning in 1.08s
