FFFF                                                                     [100%]
=================================== FAILURES ===================================
_ test_resource_metadata_loss_rolls_back_flushed_fields_and_publication[False-False] _

db_session = <sqlalchemy.ext.asyncio.session.AsyncSession object at 0x7ff7cbce8ec0>
monkeypatch = <_pytest.monkeypatch.MonkeyPatch object at 0x7ff7cbf1afd0>
agent_enabled = False, raises_loss = False

    @pytest.mark.parametrize("agent_enabled", [False, True])
    @pytest.mark.parametrize("raises_loss", [False, True])
    async def test_resource_metadata_loss_rolls_back_flushed_fields_and_publication(
        db_session, monkeypatch, agent_enabled, raises_loss,
    ):
        import asyncio
        from types import SimpleNamespace
    
        from sqlalchemy import select
    
        from app.database import async_session_factory
        from app.models.channel import Channel
        from app.models.file_resource import FileResource
        from app.models.resource_publication import ResourcePublication
        from app.services import fetch_service
    
        channel = Channel(name="Loss", type="rss_feed", url="https://example.invalid",
                          field_mapping={}, metadata_agent_enabled=agent_enabled)
        db_session.add(channel)
        await db_session.flush()
        resource = FileResource(channel_id=channel.id, guid="loss", title_raw="Synthetic",
                                search_title="Original", torrent_url="https://example.invalid/file.torrent")
        db_session.add(resource)
        await db_session.commit()
        resource_id, channel_id = resource.id, channel.id
        expired = False
    
        async def guard():
            if expired:
                raise task_queue.ExecutionOwnershipLostError("Expired after metadata flush")
    
        async def change(db, row, channel):
            nonlocal expired
            row.search_title = "Stale replacement"
            await db.flush()
            expired = True
            if raises_loss:
                raise task_queue.ExecutionOwnershipLostError("Metadata provider lost ownership")
    
        async def agent_process(row, channel, db, **kwargs):
            await change(db, row, channel)
    
        monkeypatch.setattr(task_queue, "require_execution_ownership", guard)
        monkeypatch.setattr("app.services.torrent_inspect.ensure_torrent_cached", AsyncMock())
        monkeypatch.setattr("app.services.torrent_inspect.maybe_inspect_torrent", AsyncMock())
        monkeypatch.setattr(fetch_service, "fetch_and_link_metadata", change)
        monkeypatch.setattr("app.services.metadata_agent.get_agent", lambda: SimpleNamespace(process=agent_process))
>       with pytest.raises(task_queue.ExecutionOwnershipLostError):
             ^^^^^^^^^^^^^^^^^^^^^^^^^^^^^^^^^^^^^^^^^^^^^^^^^^^^^
E       Failed: DID NOT RAISE ExecutionOwnershipLostError

tests/unit/test_queue_metadata_ownership.py:59: Failed
------------------------------ Captured log call -------------------------------
WARNING  app.services.fetch_service:fetch_service.py:410 [metadata-task] failed for a9d14889-625b-4f1f-8ed8-4549dcf701f7: Resource requires an initial publication; roll back transaction
_ test_resource_metadata_loss_rolls_back_flushed_fields_and_publication[False-True] _

db_session = <sqlalchemy.ext.asyncio.session.AsyncSession object at 0x7ff7cbd62490>
monkeypatch = <_pytest.monkeypatch.MonkeyPatch object at 0x7ff7cec349e0>
agent_enabled = True, raises_loss = False

    @pytest.mark.parametrize("agent_enabled", [False, True])
    @pytest.mark.parametrize("raises_loss", [False, True])
    async def test_resource_metadata_loss_rolls_back_flushed_fields_and_publication(
        db_session, monkeypatch, agent_enabled, raises_loss,
    ):
        import asyncio
        from types import SimpleNamespace
    
        from sqlalchemy import select
    
        from app.database import async_session_factory
        from app.models.channel import Channel
        from app.models.file_resource import FileResource
        from app.models.resource_publication import ResourcePublication
        from app.services import fetch_service
    
        channel = Channel(name="Loss", type="rss_feed", url="https://example.invalid",
                          field_mapping={}, metadata_agent_enabled=agent_enabled)
        db_session.add(channel)
        await db_session.flush()
        resource = FileResource(channel_id=channel.id, guid="loss", title_raw="Synthetic",
                                search_title="Original", torrent_url="https://example.invalid/file.torrent")
        db_session.add(resource)
        await db_session.commit()
        resource_id, channel_id = resource.id, channel.id
        expired = False
    
        async def guard():
            if expired:
                raise task_queue.ExecutionOwnershipLostError("Expired after metadata flush")
    
        async def change(db, row, channel):
            nonlocal expired
            row.search_title = "Stale replacement"
            await db.flush()
            expired = True
            if raises_loss:
                raise task_queue.ExecutionOwnershipLostError("Metadata provider lost ownership")
    
        async def agent_process(row, channel, db, **kwargs):
            await change(db, row, channel)
    
        monkeypatch.setattr(task_queue, "require_execution_ownership", guard)
        monkeypatch.setattr("app.services.torrent_inspect.ensure_torrent_cached", AsyncMock())
        monkeypatch.setattr("app.services.torrent_inspect.maybe_inspect_torrent", AsyncMock())
        monkeypatch.setattr(fetch_service, "fetch_and_link_metadata", change)
        monkeypatch.setattr("app.services.metadata_agent.get_agent", lambda: SimpleNamespace(process=agent_process))
>       with pytest.raises(task_queue.ExecutionOwnershipLostError):
             ^^^^^^^^^^^^^^^^^^^^^^^^^^^^^^^^^^^^^^^^^^^^^^^^^^^^^
E       Failed: DID NOT RAISE ExecutionOwnershipLostError

tests/unit/test_queue_metadata_ownership.py:59: Failed
------------------------------ Captured log call -------------------------------
WARNING  app.services.fetch_service:fetch_service.py:410 [metadata-task] failed for 190ff6b8-c5eb-4faf-a9ee-f236e1166299: Resource requires an initial publication; roll back transaction
_ test_resource_metadata_loss_rolls_back_flushed_fields_and_publication[True-False] _

db_session = <sqlalchemy.ext.asyncio.session.AsyncSession object at 0x7ff7cbf1a9e0>
monkeypatch = <_pytest.monkeypatch.MonkeyPatch object at 0x7ff7cbf467b0>
agent_enabled = False, raises_loss = True

    @pytest.mark.parametrize("agent_enabled", [False, True])
    @pytest.mark.parametrize("raises_loss", [False, True])
    async def test_resource_metadata_loss_rolls_back_flushed_fields_and_publication(
        db_session, monkeypatch, agent_enabled, raises_loss,
    ):
        import asyncio
        from types import SimpleNamespace
    
        from sqlalchemy import select
    
        from app.database import async_session_factory
        from app.models.channel import Channel
        from app.models.file_resource import FileResource
        from app.models.resource_publication import ResourcePublication
        from app.services import fetch_service
    
        channel = Channel(name="Loss", type="rss_feed", url="https://example.invalid",
                          field_mapping={}, metadata_agent_enabled=agent_enabled)
        db_session.add(channel)
        await db_session.flush()
        resource = FileResource(channel_id=channel.id, guid="loss", title_raw="Synthetic",
                                search_title="Original", torrent_url="https://example.invalid/file.torrent")
        db_session.add(resource)
        await db_session.commit()
        resource_id, channel_id = resource.id, channel.id
        expired = False
    
        async def guard():
            if expired:
                raise task_queue.ExecutionOwnershipLostError("Expired after metadata flush")
    
        async def change(db, row, channel):
            nonlocal expired
            row.search_title = "Stale replacement"
            await db.flush()
            expired = True
            if raises_loss:
                raise task_queue.ExecutionOwnershipLostError("Metadata provider lost ownership")
    
        async def agent_process(row, channel, db, **kwargs):
            await change(db, row, channel)
    
        monkeypatch.setattr(task_queue, "require_execution_ownership", guard)
        monkeypatch.setattr("app.services.torrent_inspect.ensure_torrent_cached", AsyncMock())
        monkeypatch.setattr("app.services.torrent_inspect.maybe_inspect_torrent", AsyncMock())
        monkeypatch.setattr(fetch_service, "fetch_and_link_metadata", change)
        monkeypatch.setattr("app.services.metadata_agent.get_agent", lambda: SimpleNamespace(process=agent_process))
>       with pytest.raises(task_queue.ExecutionOwnershipLostError):
             ^^^^^^^^^^^^^^^^^^^^^^^^^^^^^^^^^^^^^^^^^^^^^^^^^^^^^
E       Failed: DID NOT RAISE ExecutionOwnershipLostError

tests/unit/test_queue_metadata_ownership.py:59: Failed
------------------------------ Captured log call -------------------------------
WARNING  app.services.fetch_service:fetch_service.py:288 Metadata linking failed for 1f201435-b383-4196-81e9-84394bc3807b: Metadata provider lost ownership
WARNING  app.services.fetch_service:fetch_service.py:410 [metadata-task] failed for 1f201435-b383-4196-81e9-84394bc3807b: Resource requires an initial publication; roll back transaction
_ test_resource_metadata_loss_rolls_back_flushed_fields_and_publication[True-True] _

db_session = <sqlalchemy.ext.asyncio.session.AsyncSession object at 0x7ff7cec36580>
monkeypatch = <_pytest.monkeypatch.MonkeyPatch object at 0x7ff7ab0331d0>
agent_enabled = True, raises_loss = True

    @pytest.mark.parametrize("agent_enabled", [False, True])
    @pytest.mark.parametrize("raises_loss", [False, True])
    async def test_resource_metadata_loss_rolls_back_flushed_fields_and_publication(
        db_session, monkeypatch, agent_enabled, raises_loss,
    ):
        import asyncio
        from types import SimpleNamespace
    
        from sqlalchemy import select
    
        from app.database import async_session_factory
        from app.models.channel import Channel
        from app.models.file_resource import FileResource
        from app.models.resource_publication import ResourcePublication
        from app.services import fetch_service
    
        channel = Channel(name="Loss", type="rss_feed", url="https://example.invalid",
                          field_mapping={}, metadata_agent_enabled=agent_enabled)
        db_session.add(channel)
        await db_session.flush()
        resource = FileResource(channel_id=channel.id, guid="loss", title_raw="Synthetic",
                                search_title="Original", torrent_url="https://example.invalid/file.torrent")
        db_session.add(resource)
        await db_session.commit()
        resource_id, channel_id = resource.id, channel.id
        expired = False
    
        async def guard():
            if expired:
                raise task_queue.ExecutionOwnershipLostError("Expired after metadata flush")
    
        async def change(db, row, channel):
            nonlocal expired
            row.search_title = "Stale replacement"
            await db.flush()
            expired = True
            if raises_loss:
                raise task_queue.ExecutionOwnershipLostError("Metadata provider lost ownership")
    
        async def agent_process(row, channel, db, **kwargs):
            await change(db, row, channel)
    
        monkeypatch.setattr(task_queue, "require_execution_ownership", guard)
        monkeypatch.setattr("app.services.torrent_inspect.ensure_torrent_cached", AsyncMock())
        monkeypatch.setattr("app.services.torrent_inspect.maybe_inspect_torrent", AsyncMock())
        monkeypatch.setattr(fetch_service, "fetch_and_link_metadata", change)
        monkeypatch.setattr("app.services.metadata_agent.get_agent", lambda: SimpleNamespace(process=agent_process))
>       with pytest.raises(task_queue.ExecutionOwnershipLostError):
             ^^^^^^^^^^^^^^^^^^^^^^^^^^^^^^^^^^^^^^^^^^^^^^^^^^^^^
E       Failed: DID NOT RAISE ExecutionOwnershipLostError

tests/unit/test_queue_metadata_ownership.py:59: Failed
------------------------------ Captured log call -------------------------------
WARNING  app.services.fetch_service:fetch_service.py:280 MetadataAgent failed for 087f4e7d-16ae-41a6-9227-4dc8d5c04544: Metadata provider lost ownership
WARNING  app.services.fetch_service:fetch_service.py:410 [metadata-task] failed for 087f4e7d-16ae-41a6-9227-4dc8d5c04544: Resource requires an initial publication; roll back transaction
=============================== warnings summary ===============================
tests/unit/test_queue_metadata_ownership.py::test_resource_metadata_loss_rolls_back_flushed_fields_and_publication[False-False]
  /workspace/dropbox/github/robinqu/RSSRipple/.venv/lib/python3.13/site-packages/pytest_asyncio/plugin.py:916: PytestDeprecationWarning: Overriding the "event_loop_policy" fixture is deprecated and will be removed in a future version of pytest-asyncio. Use the "pytest_asyncio_loop_factories" hook to customize event loop creation.
    warnings.warn(

-- Docs: https://docs.pytest.org/en/stable/how-to/capture-warnings.html
=========================== short test summary info ============================
FAILED tests/unit/test_queue_metadata_ownership.py::test_resource_metadata_loss_rolls_back_flushed_fields_and_publication[False-False]
FAILED tests/unit/test_queue_metadata_ownership.py::test_resource_metadata_loss_rolls_back_flushed_fields_and_publication[False-True]
FAILED tests/unit/test_queue_metadata_ownership.py::test_resource_metadata_loss_rolls_back_flushed_fields_and_publication[True-False]
FAILED tests/unit/test_queue_metadata_ownership.py::test_resource_metadata_loss_rolls_back_flushed_fields_and_publication[True-True]
4 failed, 19 deselected, 1 warning in 2.40s
