FFFF                                                                     [100%]
=================================== FAILURES ===================================
_________ test_resource_metadata_commit_boundaries[movie-publication] __________

db_session = <sqlalchemy.ext.asyncio.session.AsyncSession object at 0x7f0af1371010>
monkeypatch = <_pytest.monkeypatch.MonkeyPatch object at 0x7f0af1532fd0>
phase = 'publication', kind = 'movie'

    @pytest.mark.parametrize("phase", ["publication", "poster"])
    @pytest.mark.parametrize("kind", ["movie", "series"])
    async def test_resource_metadata_commit_boundaries(db_session, monkeypatch, phase, kind):
        import asyncio
    
        from sqlalchemy import select
    
        from app.database import async_session_factory
        from app.models.channel import Channel
        from app.models.file_resource import FileResource
        from app.models.resource_publication import ResourcePublication
        from app.models.series import TVSeries
        from app.models.work_collection import WorkCollection
        from app.services import fetch_service, resource_publication
    
        channel = Channel(name="Boundary", type="rss_feed", url="https://example.invalid",
                          field_mapping={}, metadata_agent_enabled=False)
        collection = WorkCollection(title_cn="Synthetic")
        db_session.add_all([channel, collection])
        await db_session.flush()
        original_poster = "https://example.invalid/poster.jpg"
        work = (Movie(title_cn="Synthetic", poster_url=original_poster) if kind == "movie"
                else TVSeries(title_cn="Synthetic", collection_id=collection.id, season_number=1, poster_url=original_poster))
        db_session.add(work)
        await db_session.flush()
        resource = FileResource(channel_id=channel.id, guid="boundary", title_raw="Synthetic",
                                search_title="Original", torrent_url="https://example.invalid/file.torrent")
        db_session.add(resource)
        await db_session.commit()
        resource_id, channel_id, work_id = resource.id, channel.id, work.id
        expired = False
        reached = []
        publish = resource_publication.publish_resource
    
        async def guard():
            if expired:
                raise task_queue.ExecutionOwnershipLostError("Expired at commit boundary")
    
        async def link(db, row, channel):
            row.search_title = "Linked"
            setattr(row, "movie_id" if kind == "movie" else "series_id", work_id)
    
        async def publish_then_expire(db, *args, **kwargs):
            nonlocal expired
            result = await publish(db, *args, **kwargs)
            await db.flush()
            reached.append("publication")
            expired = phase == "publication"
            return result
    
        async def poster(url):
            nonlocal expired
            reached.append("poster")
            expired = True
            return "/posters/synthetic.jpg"
    
        monkeypatch.setattr(task_queue, "require_execution_ownership", guard)
        monkeypatch.setattr("app.services.torrent_inspect.ensure_torrent_cached", AsyncMock())
        monkeypatch.setattr("app.services.torrent_inspect.maybe_inspect_torrent", AsyncMock())
        monkeypatch.setattr(fetch_service, "fetch_and_link_metadata", link)
        monkeypatch.setattr(resource_publication, "publish_resource", publish_then_expire)
        monkeypatch.setattr("app.services.metadata_service.download_and_cache_poster", poster)
>       with pytest.raises(task_queue.ExecutionOwnershipLostError):
             ^^^^^^^^^^^^^^^^^^^^^^^^^^^^^^^^^^^^^^^^^^^^^^^^^^^^^
E       Failed: DID NOT RAISE ExecutionOwnershipLostError

tests/unit/test_queue_metadata_ownership.py:74: Failed
------------------------------ Captured log call -------------------------------
WARNING  app.services.fetch_service:fetch_service.py:445 [metadata-task] failed for 31860f54-926b-4948-9920-191f1488c5c5: Resource requires an initial publication; roll back transaction
____________ test_resource_metadata_commit_boundaries[movie-poster] ____________

db_session = <sqlalchemy.ext.asyncio.session.AsyncSession object at 0x7f0af11ea490>
monkeypatch = <_pytest.monkeypatch.MonkeyPatch object at 0x7f0ae8bc9590>
phase = 'poster', kind = 'movie'

    @pytest.mark.parametrize("phase", ["publication", "poster"])
    @pytest.mark.parametrize("kind", ["movie", "series"])
    async def test_resource_metadata_commit_boundaries(db_session, monkeypatch, phase, kind):
        import asyncio
    
        from sqlalchemy import select
    
        from app.database import async_session_factory
        from app.models.channel import Channel
        from app.models.file_resource import FileResource
        from app.models.resource_publication import ResourcePublication
        from app.models.series import TVSeries
        from app.models.work_collection import WorkCollection
        from app.services import fetch_service, resource_publication
    
        channel = Channel(name="Boundary", type="rss_feed", url="https://example.invalid",
                          field_mapping={}, metadata_agent_enabled=False)
        collection = WorkCollection(title_cn="Synthetic")
        db_session.add_all([channel, collection])
        await db_session.flush()
        original_poster = "https://example.invalid/poster.jpg"
        work = (Movie(title_cn="Synthetic", poster_url=original_poster) if kind == "movie"
                else TVSeries(title_cn="Synthetic", collection_id=collection.id, season_number=1, poster_url=original_poster))
        db_session.add(work)
        await db_session.flush()
        resource = FileResource(channel_id=channel.id, guid="boundary", title_raw="Synthetic",
                                search_title="Original", torrent_url="https://example.invalid/file.torrent")
        db_session.add(resource)
        await db_session.commit()
        resource_id, channel_id, work_id = resource.id, channel.id, work.id
        expired = False
        reached = []
        publish = resource_publication.publish_resource
    
        async def guard():
            if expired:
                raise task_queue.ExecutionOwnershipLostError("Expired at commit boundary")
    
        async def link(db, row, channel):
            row.search_title = "Linked"
            setattr(row, "movie_id" if kind == "movie" else "series_id", work_id)
    
        async def publish_then_expire(db, *args, **kwargs):
            nonlocal expired
            result = await publish(db, *args, **kwargs)
            await db.flush()
            reached.append("publication")
            expired = phase == "publication"
            return result
    
        async def poster(url):
            nonlocal expired
            reached.append("poster")
            expired = True
            return "/posters/synthetic.jpg"
    
        monkeypatch.setattr(task_queue, "require_execution_ownership", guard)
        monkeypatch.setattr("app.services.torrent_inspect.ensure_torrent_cached", AsyncMock())
        monkeypatch.setattr("app.services.torrent_inspect.maybe_inspect_torrent", AsyncMock())
        monkeypatch.setattr(fetch_service, "fetch_and_link_metadata", link)
        monkeypatch.setattr(resource_publication, "publish_resource", publish_then_expire)
        monkeypatch.setattr("app.services.metadata_service.download_and_cache_poster", poster)
>       with pytest.raises(task_queue.ExecutionOwnershipLostError):
             ^^^^^^^^^^^^^^^^^^^^^^^^^^^^^^^^^^^^^^^^^^^^^^^^^^^^^
E       Failed: DID NOT RAISE ExecutionOwnershipLostError

tests/unit/test_queue_metadata_ownership.py:74: Failed
------------------------------ Captured log call -------------------------------
WARNING  app.services.fetch_service:fetch_service.py:445 [metadata-task] failed for edad3bd4-506b-4b02-a169-fbbf9c660e9d: Resource requires an initial publication; roll back transaction
_________ test_resource_metadata_commit_boundaries[series-publication] _________

db_session = <sqlalchemy.ext.asyncio.session.AsyncSession object at 0x7f0af1532c40>
monkeypatch = <_pytest.monkeypatch.MonkeyPatch object at 0x7f0af1561b80>
phase = 'publication', kind = 'series'

    @pytest.mark.parametrize("phase", ["publication", "poster"])
    @pytest.mark.parametrize("kind", ["movie", "series"])
    async def test_resource_metadata_commit_boundaries(db_session, monkeypatch, phase, kind):
        import asyncio
    
        from sqlalchemy import select
    
        from app.database import async_session_factory
        from app.models.channel import Channel
        from app.models.file_resource import FileResource
        from app.models.resource_publication import ResourcePublication
        from app.models.series import TVSeries
        from app.models.work_collection import WorkCollection
        from app.services import fetch_service, resource_publication
    
        channel = Channel(name="Boundary", type="rss_feed", url="https://example.invalid",
                          field_mapping={}, metadata_agent_enabled=False)
        collection = WorkCollection(title_cn="Synthetic")
        db_session.add_all([channel, collection])
        await db_session.flush()
        original_poster = "https://example.invalid/poster.jpg"
        work = (Movie(title_cn="Synthetic", poster_url=original_poster) if kind == "movie"
                else TVSeries(title_cn="Synthetic", collection_id=collection.id, season_number=1, poster_url=original_poster))
        db_session.add(work)
        await db_session.flush()
        resource = FileResource(channel_id=channel.id, guid="boundary", title_raw="Synthetic",
                                search_title="Original", torrent_url="https://example.invalid/file.torrent")
        db_session.add(resource)
        await db_session.commit()
        resource_id, channel_id, work_id = resource.id, channel.id, work.id
        expired = False
        reached = []
        publish = resource_publication.publish_resource
    
        async def guard():
            if expired:
                raise task_queue.ExecutionOwnershipLostError("Expired at commit boundary")
    
        async def link(db, row, channel):
            row.search_title = "Linked"
            setattr(row, "movie_id" if kind == "movie" else "series_id", work_id)
    
        async def publish_then_expire(db, *args, **kwargs):
            nonlocal expired
            result = await publish(db, *args, **kwargs)
            await db.flush()
            reached.append("publication")
            expired = phase == "publication"
            return result
    
        async def poster(url):
            nonlocal expired
            reached.append("poster")
            expired = True
            return "/posters/synthetic.jpg"
    
        monkeypatch.setattr(task_queue, "require_execution_ownership", guard)
        monkeypatch.setattr("app.services.torrent_inspect.ensure_torrent_cached", AsyncMock())
        monkeypatch.setattr("app.services.torrent_inspect.maybe_inspect_torrent", AsyncMock())
        monkeypatch.setattr(fetch_service, "fetch_and_link_metadata", link)
        monkeypatch.setattr(resource_publication, "publish_resource", publish_then_expire)
        monkeypatch.setattr("app.services.metadata_service.download_and_cache_poster", poster)
>       with pytest.raises(task_queue.ExecutionOwnershipLostError):
             ^^^^^^^^^^^^^^^^^^^^^^^^^^^^^^^^^^^^^^^^^^^^^^^^^^^^^
E       Failed: DID NOT RAISE ExecutionOwnershipLostError

tests/unit/test_queue_metadata_ownership.py:74: Failed
------------------------------ Captured log call -------------------------------
WARNING  app.services.fetch_service:fetch_service.py:445 [metadata-task] failed for db3baa23-9ab9-4e98-9298-b7f6743e5524: Resource requires an initial publication; roll back transaction
___________ test_resource_metadata_commit_boundaries[series-poster] ____________

db_session = <sqlalchemy.ext.asyncio.session.AsyncSession object at 0x7f0ae8719150>
monkeypatch = <_pytest.monkeypatch.MonkeyPatch object at 0x7f0af15cfa10>
phase = 'poster', kind = 'series'

    @pytest.mark.parametrize("phase", ["publication", "poster"])
    @pytest.mark.parametrize("kind", ["movie", "series"])
    async def test_resource_metadata_commit_boundaries(db_session, monkeypatch, phase, kind):
        import asyncio
    
        from sqlalchemy import select
    
        from app.database import async_session_factory
        from app.models.channel import Channel
        from app.models.file_resource import FileResource
        from app.models.resource_publication import ResourcePublication
        from app.models.series import TVSeries
        from app.models.work_collection import WorkCollection
        from app.services import fetch_service, resource_publication
    
        channel = Channel(name="Boundary", type="rss_feed", url="https://example.invalid",
                          field_mapping={}, metadata_agent_enabled=False)
        collection = WorkCollection(title_cn="Synthetic")
        db_session.add_all([channel, collection])
        await db_session.flush()
        original_poster = "https://example.invalid/poster.jpg"
        work = (Movie(title_cn="Synthetic", poster_url=original_poster) if kind == "movie"
                else TVSeries(title_cn="Synthetic", collection_id=collection.id, season_number=1, poster_url=original_poster))
        db_session.add(work)
        await db_session.flush()
        resource = FileResource(channel_id=channel.id, guid="boundary", title_raw="Synthetic",
                                search_title="Original", torrent_url="https://example.invalid/file.torrent")
        db_session.add(resource)
        await db_session.commit()
        resource_id, channel_id, work_id = resource.id, channel.id, work.id
        expired = False
        reached = []
        publish = resource_publication.publish_resource
    
        async def guard():
            if expired:
                raise task_queue.ExecutionOwnershipLostError("Expired at commit boundary")
    
        async def link(db, row, channel):
            row.search_title = "Linked"
            setattr(row, "movie_id" if kind == "movie" else "series_id", work_id)
    
        async def publish_then_expire(db, *args, **kwargs):
            nonlocal expired
            result = await publish(db, *args, **kwargs)
            await db.flush()
            reached.append("publication")
            expired = phase == "publication"
            return result
    
        async def poster(url):
            nonlocal expired
            reached.append("poster")
            expired = True
            return "/posters/synthetic.jpg"
    
        monkeypatch.setattr(task_queue, "require_execution_ownership", guard)
        monkeypatch.setattr("app.services.torrent_inspect.ensure_torrent_cached", AsyncMock())
        monkeypatch.setattr("app.services.torrent_inspect.maybe_inspect_torrent", AsyncMock())
        monkeypatch.setattr(fetch_service, "fetch_and_link_metadata", link)
        monkeypatch.setattr(resource_publication, "publish_resource", publish_then_expire)
        monkeypatch.setattr("app.services.metadata_service.download_and_cache_poster", poster)
>       with pytest.raises(task_queue.ExecutionOwnershipLostError):
             ^^^^^^^^^^^^^^^^^^^^^^^^^^^^^^^^^^^^^^^^^^^^^^^^^^^^^
E       Failed: DID NOT RAISE ExecutionOwnershipLostError

tests/unit/test_queue_metadata_ownership.py:74: Failed
------------------------------ Captured log call -------------------------------
WARNING  app.services.fetch_service:fetch_service.py:445 [metadata-task] failed for 1d11bb3c-b9e4-4000-9144-6b8b0c29bdbf: Resource requires an initial publication; roll back transaction
=============================== warnings summary ===============================
tests/unit/test_queue_metadata_ownership.py::test_resource_metadata_commit_boundaries[movie-publication]
  /workspace/dropbox/github/robinqu/RSSRipple/.venv/lib/python3.13/site-packages/pytest_asyncio/plugin.py:916: PytestDeprecationWarning: Overriding the "event_loop_policy" fixture is deprecated and will be removed in a future version of pytest-asyncio. Use the "pytest_asyncio_loop_factories" hook to customize event loop creation.
    warnings.warn(

-- Docs: https://docs.pytest.org/en/stable/how-to/capture-warnings.html
=========================== short test summary info ============================
FAILED tests/unit/test_queue_metadata_ownership.py::test_resource_metadata_commit_boundaries[movie-publication]
FAILED tests/unit/test_queue_metadata_ownership.py::test_resource_metadata_commit_boundaries[movie-poster]
FAILED tests/unit/test_queue_metadata_ownership.py::test_resource_metadata_commit_boundaries[series-publication]
FAILED tests/unit/test_queue_metadata_ownership.py::test_resource_metadata_commit_boundaries[series-poster]
4 failed, 25 deselected, 1 warning in 2.45s
