 Container rssripple-v14-http-sj-app-redis-1  Stopping
 Container rssripple-v14-http-sj-app-1  Stopping
 Container rssripple-v14-http-sj-app-redis-1  Stopped
 Container rssripple-v14-http-sj-app-redis-1  Removing
 Container rssripple-v14-http-sj-app-1  Stopped
 Container rssripple-v14-http-sj-app-1  Removing
 Container rssripple-v14-http-sj-app-1  Removed
 Container rssripple-v14-http-sj-app-redis-1  Removed
 Container rssripple-v14-http-sj-test-server-1  Stopping
 Container rssripple-v14-http-sj-queue-recovery-redis-1  Stopping
 Container rssripple-v14-http-sj-queue-recovery-redis-1  Stopped
 Container rssripple-v14-http-sj-queue-recovery-redis-1  Removing
 Container rssripple-v14-http-sj-queue-recovery-redis-1  Removed
 Container rssripple-v14-http-sj-test-server-1  Stopped
 Container rssripple-v14-http-sj-test-server-1  Removing
 Container rssripple-v14-http-sj-test-server-1  Removed
 Volume rssripple-v14-http-sj_gate-data  Removing
 Network rssripple-v14-http-sj_integration-gate  Removing
 Volume rssripple-v14-http-sj_gate-data  Removed
 Network rssripple-v14-http-sj_integration-gate  Removed
