FFF                                                                      [100%]
=================================== FAILURES ===================================
______________ test_magnet_sweep_propagates_ownership_loss[entry] ______________

db_engine = <sqlalchemy.ext.asyncio.engine.AsyncEngine object at 0x7fb263c69bd0>
monkeypatch = <_pytest.monkeypatch.MonkeyPatch object at 0x7fb263a8ad70>
phase = 'entry'

    @pytest.mark.asyncio
    @pytest.mark.parametrize("phase", ["entry", "after_update", "enqueue"])
    async def test_magnet_sweep_propagates_ownership_loss(db_engine, monkeypatch, phase):
        from sqlalchemy.ext.asyncio import AsyncSession
    
        from app.database import async_session_factory
        from app.services import task_queue
        from app.utils.time import utcnow
    
        attempt_id = str(uuid.uuid4())
        resource, _ = await _make_resource(
            torrent_url="magnet:?xt=urn:btih:aaa", magnet_resolve_status="pending",
            magnet_resolve_attempt_id=attempt_id,
            magnet_resolve_updated_at=utcnow() - timedelta(days=30),
        )
        expired = phase == "entry"
        original = AsyncSession.execute
    
        async def execute(session, statement, *args, **kwargs):
            nonlocal expired
            result = await original(session, statement, *args, **kwargs)
            if phase == "after_update" and getattr(statement, "is_update", False):
                expired = True
            return result
    
        async def guard():
            if expired:
                raise task_queue.ExecutionOwnershipLostError("expired sweep")
    
        enqueue = AsyncMock(side_effect=task_queue.ExecutionOwnershipLostError("expired enqueue"))
        monkeypatch.setattr(AsyncSession, "execute", execute)
        monkeypatch.setattr(task_queue, "require_execution_ownership", guard)
        monkeypatch.setattr("app.services.magnet_resolve.enqueue_resolution", enqueue)
>       with pytest.raises(task_queue.ExecutionOwnershipLostError):
             ^^^^^^^^^^^^^^^^^^^^^^^^^^^^^^^^^^^^^^^^^^^^^^^^^^^^^
E       Failed: DID NOT RAISE ExecutionOwnershipLostError

tests/unit/test_job_handlers.py:476: Failed
------------------------------ Captured log call -------------------------------
WARNING  app.job_handlers:job_handlers.py:796 [magnet] sweep enqueue failed for 6abdc41a-0ba1-45d8-b276-efe32c3f868e: expired enqueue
__________ test_magnet_sweep_propagates_ownership_loss[after_update] ___________

db_engine = <sqlalchemy.ext.asyncio.engine.AsyncEngine object at 0x7fb2604ae390>
monkeypatch = <_pytest.monkeypatch.MonkeyPatch object at 0x7fb2638869c0>
phase = 'after_update'

    @pytest.mark.asyncio
    @pytest.mark.parametrize("phase", ["entry", "after_update", "enqueue"])
    async def test_magnet_sweep_propagates_ownership_loss(db_engine, monkeypatch, phase):
        from sqlalchemy.ext.asyncio import AsyncSession
    
        from app.database import async_session_factory
        from app.services import task_queue
        from app.utils.time import utcnow
    
        attempt_id = str(uuid.uuid4())
        resource, _ = await _make_resource(
            torrent_url="magnet:?xt=urn:btih:aaa", magnet_resolve_status="pending",
            magnet_resolve_attempt_id=attempt_id,
            magnet_resolve_updated_at=utcnow() - timedelta(days=30),
        )
        expired = phase == "entry"
        original = AsyncSession.execute
    
        async def execute(session, statement, *args, **kwargs):
            nonlocal expired
            result = await original(session, statement, *args, **kwargs)
            if phase == "after_update" and getattr(statement, "is_update", False):
                expired = True
            return result
    
        async def guard():
            if expired:
                raise task_queue.ExecutionOwnershipLostError("expired sweep")
    
        enqueue = AsyncMock(side_effect=task_queue.ExecutionOwnershipLostError("expired enqueue"))
        monkeypatch.setattr(AsyncSession, "execute", execute)
        monkeypatch.setattr(task_queue, "require_execution_ownership", guard)
        monkeypatch.setattr("app.services.magnet_resolve.enqueue_resolution", enqueue)
>       with pytest.raises(task_queue.ExecutionOwnershipLostError):
             ^^^^^^^^^^^^^^^^^^^^^^^^^^^^^^^^^^^^^^^^^^^^^^^^^^^^^
E       Failed: DID NOT RAISE ExecutionOwnershipLostError

tests/unit/test_job_handlers.py:476: Failed
------------------------------ Captured log call -------------------------------
WARNING  app.job_handlers:job_handlers.py:796 [magnet] sweep enqueue failed for 64cf77bb-36de-4805-9d53-e19f8c2c4a34: expired enqueue
_____________ test_magnet_sweep_propagates_ownership_loss[enqueue] _____________

db_engine = <sqlalchemy.ext.asyncio.engine.AsyncEngine object at 0x7fb2604c0650>
monkeypatch = <_pytest.monkeypatch.MonkeyPatch object at 0x7fb2619ba450>
phase = 'enqueue'

    @pytest.mark.asyncio
    @pytest.mark.parametrize("phase", ["entry", "after_update", "enqueue"])
    async def test_magnet_sweep_propagates_ownership_loss(db_engine, monkeypatch, phase):
        from sqlalchemy.ext.asyncio import AsyncSession
    
        from app.database import async_session_factory
        from app.services import task_queue
        from app.utils.time import utcnow
    
        attempt_id = str(uuid.uuid4())
        resource, _ = await _make_resource(
            torrent_url="magnet:?xt=urn:btih:aaa", magnet_resolve_status="pending",
            magnet_resolve_attempt_id=attempt_id,
            magnet_resolve_updated_at=utcnow() - timedelta(days=30),
        )
        expired = phase == "entry"
        original = AsyncSession.execute
    
        async def execute(session, statement, *args, **kwargs):
            nonlocal expired
            result = await original(session, statement, *args, **kwargs)
            if phase == "after_update" and getattr(statement, "is_update", False):
                expired = True
            return result
    
        async def guard():
            if expired:
                raise task_queue.ExecutionOwnershipLostError("expired sweep")
    
        enqueue = AsyncMock(side_effect=task_queue.ExecutionOwnershipLostError("expired enqueue"))
        monkeypatch.setattr(AsyncSession, "execute", execute)
        monkeypatch.setattr(task_queue, "require_execution_ownership", guard)
        monkeypatch.setattr("app.services.magnet_resolve.enqueue_resolution", enqueue)
>       with pytest.raises(task_queue.ExecutionOwnershipLostError):
             ^^^^^^^^^^^^^^^^^^^^^^^^^^^^^^^^^^^^^^^^^^^^^^^^^^^^^
E       Failed: DID NOT RAISE ExecutionOwnershipLostError

tests/unit/test_job_handlers.py:476: Failed
------------------------------ Captured log call -------------------------------
WARNING  app.job_handlers:job_handlers.py:796 [magnet] sweep enqueue failed for f232b3ee-bf3f-4ae9-8ee0-92d961ceb286: expired enqueue
=============================== warnings summary ===============================
tests/unit/test_job_handlers.py::test_magnet_sweep_propagates_ownership_loss[entry]
  /workspace/dropbox/github/robinqu/RSSRipple/.venv/lib/python3.13/site-packages/pytest_asyncio/plugin.py:916: PytestDeprecationWarning: Overriding the "event_loop_policy" fixture is deprecated and will be removed in a future version of pytest-asyncio. Use the "pytest_asyncio_loop_factories" hook to customize event loop creation.
    warnings.warn(

-- Docs: https://docs.pytest.org/en/stable/how-to/capture-warnings.html
=========================== short test summary info ============================
FAILED tests/unit/test_job_handlers.py::test_magnet_sweep_propagates_ownership_loss[entry]
FAILED tests/unit/test_job_handlers.py::test_magnet_sweep_propagates_ownership_loss[after_update]
FAILED tests/unit/test_job_handlers.py::test_magnet_sweep_propagates_ownership_loss[enqueue]
3 failed, 28 deselected, 1 warning in 1.42s
