F                                                                        [100%]
=================================== FAILURES ===================================
___________ test_old_resolution_failure_preserves_replacement_result ___________

db_session = <sqlalchemy.ext.asyncio.session.AsyncSession object at 0x7fe9546852b0>
sample_channel = <app.models.channel.Channel object at 0x7fe954685160>
monkeypatch = <_pytest.monkeypatch.MonkeyPatch object at 0x7fe9547c2c40>

    async def test_old_resolution_failure_preserves_replacement_result(db_session, sample_channel, monkeypatch):
        from app.database import async_session_factory
        from app.models.file_resource import FileResource
    
        resource = await _make_magnet_resource(db_session, sample_channel.id)
        resource_id = resource.id
    
        async def replaced_then_failed(*args, **kwargs):
            async with async_session_factory() as replacement:
                row = await replacement.get(FileResource, resource_id)
                row.magnet_resolve_status = "done"
                row.magnet_resolve_error = None
                row.torrent_file = "/synthetic/replacement.torrent"
                await replacement.commit()
            raise mr.MagnetResolveError("Old resolver failed after replacement")
    
        monkeypatch.setattr(mr, "resolve_magnet_to_cache", replaced_then_failed)
        monkeypatch.setattr(mr.settings, "magnet_resolve_max_attempts", 0)
        await mr._attempt_loop(resource_id)
        async with async_session_factory() as observer:
            saved = await observer.get(FileResource, resource_id)
>           assert saved.magnet_resolve_status == "done"
E           AssertionError: assert 'failed' == 'done'
E             
E             - done
E             + failed

tests/unit/test_magnet_resolve.py:233: AssertionError
=============================== warnings summary ===============================
tests/unit/test_magnet_resolve.py::test_old_resolution_failure_preserves_replacement_result
  /workspace/dropbox/github/robinqu/RSSRipple/.venv/lib/python3.13/site-packages/pytest_asyncio/plugin.py:916: PytestDeprecationWarning: Overriding the "event_loop_policy" fixture is deprecated and will be removed in a future version of pytest-asyncio. Use the "pytest_asyncio_loop_factories" hook to customize event loop creation.
    warnings.warn(

-- Docs: https://docs.pytest.org/en/stable/how-to/capture-warnings.html
=========================== short test summary info ============================
FAILED tests/unit/test_magnet_resolve.py::test_old_resolution_failure_preserves_replacement_result
1 failed, 56 deselected, 1 warning in 0.67s
