FF                                                                       [100%]
=================================== FAILURES ===================================
________ test_reconcile_loss_preserves_episode_and_publications[entry] _________

db_session = <sqlalchemy.ext.asyncio.session.AsyncSession object at 0x7f65e860b8c0>
channel = <app.models.channel.Channel object at 0x7f65e815cad0>
monkeypatch = <_pytest.monkeypatch.MonkeyPatch object at 0x7f65e8117a80>
phase = 'entry'

    @pytest.mark.parametrize("phase", ["entry", "published"])
    async def test_reconcile_loss_preserves_episode_and_publications(db_session, channel, monkeypatch, phase):
        from sqlalchemy import func, select
    
        from app.database import async_session_factory, committed_session
        from app.models.resource_publication import ResourcePublication
        from app.models.series import TVSeries
        from app.models.work_collection import WorkCollection
        from app.services import resource_publication, task_queue
        from app.services.publication_migration import bootstrap_publications
    
        collection = WorkCollection(title_cn="Synthetic history")
        db_session.add(collection)
        await db_session.flush()
        series = TVSeries(title_cn="Synthetic history", collection_id=collection.id,
                          season_number=4, number_of_episodes=24)
        db_session.add(series)
        await db_session.flush()
        for guid, absolute, confidence in (("anchor", 89, "manual"), ("target", 90, "raw")):
            row = FileResource(channel_id=channel.id, guid=guid, title_raw="[G] Synthetic S4 - 18",
                               torrent_url="magnet:?xt=synthetic", series_id=series.id, season=4,
                               episode=18, absolute_episode=absolute, episode_confidence=confidence,
                               subtitle_group="GROUP")
            db_session.add(row)
        await db_session.flush()
        target_id = row.id
        await bootstrap_publications(db_session, writers_stopped=True)
        await db_session.commit()
        before = await db_session.scalar(select(func.count()).select_from(ResourcePublication))
        expired = phase == "entry"
        original = resource_publication.publish_resource
    
        async def publish(*args, **kwargs):
            nonlocal expired
            result = await original(*args, **kwargs)
            expired = True
            return result
    
        async def guard():
            if expired:
                raise task_queue.ExecutionOwnershipLostError("reconciliation expired")
    
        monkeypatch.setattr(resource_publication, "publish_resource", publish)
        monkeypatch.setattr(task_queue, "require_execution_ownership", guard)
>       with pytest.raises(task_queue.ExecutionOwnershipLostError):
             ^^^^^^^^^^^^^^^^^^^^^^^^^^^^^^^^^^^^^^^^^^^^^^^^^^^^^
E       Failed: DID NOT RAISE ExecutionOwnershipLostError

tests/unit/test_fetch_service.py:1573: Failed
______ test_reconcile_loss_preserves_episode_and_publications[published] _______

db_session = <sqlalchemy.ext.asyncio.session.AsyncSession object at 0x7f65e81a4190>
channel = <app.models.channel.Channel object at 0x7f65e81a42d0>
monkeypatch = <_pytest.monkeypatch.MonkeyPatch object at 0x7f65e5051a50>
phase = 'published'

    @pytest.mark.parametrize("phase", ["entry", "published"])
    async def test_reconcile_loss_preserves_episode_and_publications(db_session, channel, monkeypatch, phase):
        from sqlalchemy import func, select
    
        from app.database import async_session_factory, committed_session
        from app.models.resource_publication import ResourcePublication
        from app.models.series import TVSeries
        from app.models.work_collection import WorkCollection
        from app.services import resource_publication, task_queue
        from app.services.publication_migration import bootstrap_publications
    
        collection = WorkCollection(title_cn="Synthetic history")
        db_session.add(collection)
        await db_session.flush()
        series = TVSeries(title_cn="Synthetic history", collection_id=collection.id,
                          season_number=4, number_of_episodes=24)
        db_session.add(series)
        await db_session.flush()
        for guid, absolute, confidence in (("anchor", 89, "manual"), ("target", 90, "raw")):
            row = FileResource(channel_id=channel.id, guid=guid, title_raw="[G] Synthetic S4 - 18",
                               torrent_url="magnet:?xt=synthetic", series_id=series.id, season=4,
                               episode=18, absolute_episode=absolute, episode_confidence=confidence,
                               subtitle_group="GROUP")
            db_session.add(row)
        await db_session.flush()
        target_id = row.id
        await bootstrap_publications(db_session, writers_stopped=True)
        await db_session.commit()
        before = await db_session.scalar(select(func.count()).select_from(ResourcePublication))
        expired = phase == "entry"
        original = resource_publication.publish_resource
    
        async def publish(*args, **kwargs):
            nonlocal expired
            result = await original(*args, **kwargs)
            expired = True
            return result
    
        async def guard():
            if expired:
                raise task_queue.ExecutionOwnershipLostError("reconciliation expired")
    
        monkeypatch.setattr(resource_publication, "publish_resource", publish)
        monkeypatch.setattr(task_queue, "require_execution_ownership", guard)
>       with pytest.raises(task_queue.ExecutionOwnershipLostError):
             ^^^^^^^^^^^^^^^^^^^^^^^^^^^^^^^^^^^^^^^^^^^^^^^^^^^^^
E       Failed: DID NOT RAISE ExecutionOwnershipLostError

tests/unit/test_fetch_service.py:1573: Failed
=============================== warnings summary ===============================
tests/unit/test_fetch_service.py::test_reconcile_loss_preserves_episode_and_publications[entry]
  /workspace/dropbox/github/robinqu/RSSRipple/.venv/lib/python3.13/site-packages/pytest_asyncio/plugin.py:916: PytestDeprecationWarning: Overriding the "event_loop_policy" fixture is deprecated and will be removed in a future version of pytest-asyncio. Use the "pytest_asyncio_loop_factories" hook to customize event loop creation.
    warnings.warn(

-- Docs: https://docs.pytest.org/en/stable/how-to/capture-warnings.html
=========================== short test summary info ============================
FAILED tests/unit/test_fetch_service.py::test_reconcile_loss_preserves_episode_and_publications[entry]
FAILED tests/unit/test_fetch_service.py::test_reconcile_loss_preserves_episode_and_publications[published]
2 failed, 59 deselected, 1 warning in 1.39s
