F                                                                        [100%]
=================================== FAILURES ===================================
________________ test_failed_enqueue_does_not_leave_active_key _________________

monkeypatch = <_pytest.monkeypatch.MonkeyPatch object at 0x7fce7692f100>

    async def test_failed_enqueue_does_not_leave_active_key(monkeypatch):
        client = fakeredis.aioredis.FakeRedis(decode_responses=True)
        queue = RedisQueue(redis_client=client)
        await queue.start(consume=False)
        try:
            async def abort_transaction(self, *args, **kwargs):
                raise RuntimeError("Synthetic failure before transaction execution")
    
            with monkeypatch.context() as patcher:
                patcher.setattr(type(client.pipeline()), "execute", abort_transaction)
                with pytest.raises(RuntimeError, match="Synthetic failure"):
                    await queue.enqueue("synthetic", "atomic-enqueue", {})
>           assert await client.get("rssripple:active:atomic-enqueue") is None
E           AssertionError: assert 'e1292486' is None

tests/unit/test_queue_execution_ownership.py:122: AssertionError
=============================== warnings summary ===============================
tests/unit/test_queue_execution_ownership.py::test_failed_enqueue_does_not_leave_active_key
  /workspace/dropbox/github/robinqu/RSSRipple/.venv/lib/python3.13/site-packages/pytest_asyncio/plugin.py:916: PytestDeprecationWarning: Overriding the "event_loop_policy" fixture is deprecated and will be removed in a future version of pytest-asyncio. Use the "pytest_asyncio_loop_factories" hook to customize event loop creation.
    warnings.warn(

-- Docs: https://docs.pytest.org/en/stable/how-to/capture-warnings.html
=========================== short test summary info ============================
FAILED tests/unit/test_queue_execution_ownership.py::test_failed_enqueue_does_not_leave_active_key
1 failed, 9 deselected, 1 warning in 0.14s
