EEEE                                                                     [100%]
==================================== ERRORS ====================================
__ ERROR at setup of test_actual_startup_combines_legacy_utc_and_search[none] __
'test_actual_startup_combines_legacy_utc_and_search[none]' requested an async fixture 'dedup_postgres', with no plugin or hook that handled it. This is an error, as pytest does not natively support it.
See: https://docs.pytest.org/en/stable/deprecations.html#sync-test-depending-on-async-fixture
_ ERROR at setup of test_actual_startup_combines_legacy_utc_and_search[utc_default] _
/workspace/dropbox/github/robinqu/RSSRipple/.venv/lib/python3.13/site-packages/_pytest/runner.py:361: in from_call
    result: TResult | None = func()
                             ^^^^^^
/workspace/dropbox/github/robinqu/RSSRipple/.venv/lib/python3.13/site-packages/_pytest/runner.py:250: in <lambda>
    lambda: runtest_hook(item=item, **kwds),
            ^^^^^^^^^^^^^^^^^^^^^^^^^^^^^^^
/workspace/dropbox/github/robinqu/RSSRipple/.venv/lib/python3.13/site-packages/pluggy/_hooks.py:512: in __call__
    return self._hookexec(self.name, self._hookimpls.copy(), kwargs, firstresult)
           ^^^^^^^^^^^^^^^^^^^^^^^^^^^^^^^^^^^^^^^^^^^^^^^^^^^^^^^^^^^^^^^^^^^^^^
/workspace/dropbox/github/robinqu/RSSRipple/.venv/lib/python3.13/site-packages/pluggy/_manager.py:120: in _hookexec
    return self._inner_hookexec(hook_name, methods, kwargs, firstresult)
           ^^^^^^^^^^^^^^^^^^^^^^^^^^^^^^^^^^^^^^^^^^^^^^^^^^^^^^^^^^^^^
/workspace/dropbox/github/robinqu/RSSRipple/.venv/lib/python3.13/site-packages/_pytest/logging.py:858: in pytest_runtest_setup
    yield
/workspace/dropbox/github/robinqu/RSSRipple/.venv/lib/python3.13/site-packages/_pytest/capture.py:895: in pytest_runtest_setup
    return (yield)
            ^^^^^
/workspace/dropbox/github/robinqu/RSSRipple/.venv/lib/python3.13/site-packages/_pytest/runner.py:170: in pytest_runtest_setup
    item.session._setupstate.setup(item)
/workspace/dropbox/github/robinqu/RSSRipple/.venv/lib/python3.13/site-packages/_pytest/runner.py:536: in setup
    col.setup()
/workspace/dropbox/github/robinqu/RSSRipple/.venv/lib/python3.13/site-packages/_pytest/python.py:1710: in setup
    self._request._fillfixtures()
/workspace/dropbox/github/robinqu/RSSRipple/.venv/lib/python3.13/site-packages/_pytest/fixtures.py:806: in _fillfixtures
    item.funcargs[argname] = self.getfixturevalue(argname)
                             ^^^^^^^^^^^^^^^^^^^^^^^^^^^^^
/workspace/dropbox/github/robinqu/RSSRipple/.venv/lib/python3.13/site-packages/_pytest/fixtures.py:630: in getfixturevalue
    fixturedef = self._get_active_fixturedef(argname)
                 ^^^^^^^^^^^^^^^^^^^^^^^^^^^^^^^^^^^^
/workspace/dropbox/github/robinqu/RSSRipple/.venv/lib/python3.13/site-packages/_pytest/fixtures.py:726: in _get_active_fixturedef
    fixturedef.execute(request=subrequest)
/workspace/dropbox/github/robinqu/RSSRipple/.venv/lib/python3.13/site-packages/_pytest/fixtures.py:1221: in execute
    assert not self._finalizers
           ^^^^^^^^^^^^^^^^^^^^
E   AssertionError
_ ERROR at setup of test_actual_startup_combines_legacy_utc_and_search[search_type] _
/workspace/dropbox/github/robinqu/RSSRipple/.venv/lib/python3.13/site-packages/_pytest/runner.py:361: in from_call
    result: TResult | None = func()
                             ^^^^^^
/workspace/dropbox/github/robinqu/RSSRipple/.venv/lib/python3.13/site-packages/_pytest/runner.py:250: in <lambda>
    lambda: runtest_hook(item=item, **kwds),
            ^^^^^^^^^^^^^^^^^^^^^^^^^^^^^^^
/workspace/dropbox/github/robinqu/RSSRipple/.venv/lib/python3.13/site-packages/pluggy/_hooks.py:512: in __call__
    return self._hookexec(self.name, self._hookimpls.copy(), kwargs, firstresult)
           ^^^^^^^^^^^^^^^^^^^^^^^^^^^^^^^^^^^^^^^^^^^^^^^^^^^^^^^^^^^^^^^^^^^^^^
/workspace/dropbox/github/robinqu/RSSRipple/.venv/lib/python3.13/site-packages/pluggy/_manager.py:120: in _hookexec
    return self._inner_hookexec(hook_name, methods, kwargs, firstresult)
           ^^^^^^^^^^^^^^^^^^^^^^^^^^^^^^^^^^^^^^^^^^^^^^^^^^^^^^^^^^^^^
/workspace/dropbox/github/robinqu/RSSRipple/.venv/lib/python3.13/site-packages/_pytest/logging.py:858: in pytest_runtest_setup
    yield
/workspace/dropbox/github/robinqu/RSSRipple/.venv/lib/python3.13/site-packages/_pytest/capture.py:895: in pytest_runtest_setup
    return (yield)
            ^^^^^
/workspace/dropbox/github/robinqu/RSSRipple/.venv/lib/python3.13/site-packages/_pytest/runner.py:170: in pytest_runtest_setup
    item.session._setupstate.setup(item)
/workspace/dropbox/github/robinqu/RSSRipple/.venv/lib/python3.13/site-packages/_pytest/runner.py:536: in setup
    col.setup()
/workspace/dropbox/github/robinqu/RSSRipple/.venv/lib/python3.13/site-packages/_pytest/python.py:1710: in setup
    self._request._fillfixtures()
/workspace/dropbox/github/robinqu/RSSRipple/.venv/lib/python3.13/site-packages/_pytest/fixtures.py:806: in _fillfixtures
    item.funcargs[argname] = self.getfixturevalue(argname)
                             ^^^^^^^^^^^^^^^^^^^^^^^^^^^^^
/workspace/dropbox/github/robinqu/RSSRipple/.venv/lib/python3.13/site-packages/_pytest/fixtures.py:630: in getfixturevalue
    fixturedef = self._get_active_fixturedef(argname)
                 ^^^^^^^^^^^^^^^^^^^^^^^^^^^^^^^^^^^^
/workspace/dropbox/github/robinqu/RSSRipple/.venv/lib/python3.13/site-packages/_pytest/fixtures.py:726: in _get_active_fixturedef
    fixturedef.execute(request=subrequest)
/workspace/dropbox/github/robinqu/RSSRipple/.venv/lib/python3.13/site-packages/_pytest/fixtures.py:1221: in execute
    assert not self._finalizers
           ^^^^^^^^^^^^^^^^^^^^
E   AssertionError
_ ERROR at setup of test_actual_startup_combines_legacy_utc_and_search[after_both] _
/workspace/dropbox/github/robinqu/RSSRipple/.venv/lib/python3.13/site-packages/_pytest/runner.py:361: in from_call
    result: TResult | None = func()
                             ^^^^^^
/workspace/dropbox/github/robinqu/RSSRipple/.venv/lib/python3.13/site-packages/_pytest/runner.py:250: in <lambda>
    lambda: runtest_hook(item=item, **kwds),
            ^^^^^^^^^^^^^^^^^^^^^^^^^^^^^^^
/workspace/dropbox/github/robinqu/RSSRipple/.venv/lib/python3.13/site-packages/pluggy/_hooks.py:512: in __call__
    return self._hookexec(self.name, self._hookimpls.copy(), kwargs, firstresult)
           ^^^^^^^^^^^^^^^^^^^^^^^^^^^^^^^^^^^^^^^^^^^^^^^^^^^^^^^^^^^^^^^^^^^^^^
/workspace/dropbox/github/robinqu/RSSRipple/.venv/lib/python3.13/site-packages/pluggy/_manager.py:120: in _hookexec
    return self._inner_hookexec(hook_name, methods, kwargs, firstresult)
           ^^^^^^^^^^^^^^^^^^^^^^^^^^^^^^^^^^^^^^^^^^^^^^^^^^^^^^^^^^^^^
/workspace/dropbox/github/robinqu/RSSRipple/.venv/lib/python3.13/site-packages/_pytest/logging.py:858: in pytest_runtest_setup
    yield
/workspace/dropbox/github/robinqu/RSSRipple/.venv/lib/python3.13/site-packages/_pytest/capture.py:895: in pytest_runtest_setup
    return (yield)
            ^^^^^
/workspace/dropbox/github/robinqu/RSSRipple/.venv/lib/python3.13/site-packages/_pytest/runner.py:170: in pytest_runtest_setup
    item.session._setupstate.setup(item)
/workspace/dropbox/github/robinqu/RSSRipple/.venv/lib/python3.13/site-packages/_pytest/runner.py:536: in setup
    col.setup()
/workspace/dropbox/github/robinqu/RSSRipple/.venv/lib/python3.13/site-packages/_pytest/python.py:1710: in setup
    self._request._fillfixtures()
/workspace/dropbox/github/robinqu/RSSRipple/.venv/lib/python3.13/site-packages/_pytest/fixtures.py:806: in _fillfixtures
    item.funcargs[argname] = self.getfixturevalue(argname)
                             ^^^^^^^^^^^^^^^^^^^^^^^^^^^^^
/workspace/dropbox/github/robinqu/RSSRipple/.venv/lib/python3.13/site-packages/_pytest/fixtures.py:630: in getfixturevalue
    fixturedef = self._get_active_fixturedef(argname)
                 ^^^^^^^^^^^^^^^^^^^^^^^^^^^^^^^^^^^^
/workspace/dropbox/github/robinqu/RSSRipple/.venv/lib/python3.13/site-packages/_pytest/fixtures.py:726: in _get_active_fixturedef
    fixturedef.execute(request=subrequest)
/workspace/dropbox/github/robinqu/RSSRipple/.venv/lib/python3.13/site-packages/_pytest/fixtures.py:1221: in execute
    assert not self._finalizers
           ^^^^^^^^^^^^^^^^^^^^
E   AssertionError
=========================== short test summary info ============================
ERROR ../rssripple-v33-combined-startup-test.py::test_actual_startup_combines_legacy_utc_and_search[none]
ERROR ../rssripple-v33-combined-startup-test.py::test_actual_startup_combines_legacy_utc_and_search[utc_default]
ERROR ../rssripple-v33-combined-startup-test.py::test_actual_startup_combines_legacy_utc_and_search[search_type]
ERROR ../rssripple-v33-combined-startup-test.py::test_actual_startup_combines_legacy_utc_and_search[after_both]
4 errors in 8.90s
