FF                                                                       [100%]
=================================== FAILURES ===================================
__________ test_season_identity_does_not_supply_season_number[False] ___________
tests/unit/test_collection_member_season_evidence.py:201: in test_season_identity_does_not_supply_season_number
    assert selected is None, 'Season-granularity identity supplies no ordinal'
E   AssertionError: Season-granularity identity supplies no ordinal
E   assert <app.models.series.TVSeries object at 0x7f2bd9f62f90> is None
___________ test_season_identity_does_not_supply_season_number[True] ___________
tests/unit/test_collection_member_season_evidence.py:201: in test_season_identity_does_not_supply_season_number
    assert selected is None, 'Season-granularity identity supplies no ordinal'
E   AssertionError: Season-granularity identity supplies no ordinal
E   assert <app.models.series.TVSeries object at 0x7f2bd3130050> is None
=============================== warnings summary ===============================
tests/unit/test_collection_member_season_evidence.py::test_season_identity_does_not_supply_season_number[False]
  /workspace/dropbox/github/robinqu/RSSRipple/.venv/lib/python3.13/site-packages/pytest_asyncio/plugin.py:916: PytestDeprecationWarning: Overriding the "event_loop_policy" fixture is deprecated and will be removed in a future version of pytest-asyncio. Use the "pytest_asyncio_loop_factories" hook to customize event loop creation.
    warnings.warn(

-- Docs: https://docs.pytest.org/en/stable/how-to/capture-warnings.html
=========================== short test summary info ============================
FAILED tests/unit/test_collection_member_season_evidence.py::test_season_identity_does_not_supply_season_number[False]
FAILED tests/unit/test_collection_member_season_evidence.py::test_season_identity_does_not_supply_season_number[True]
2 failed, 36 deselected, 1 warning in 3.08s
