.......................FF.....F......................................... [ 27%]
...F...................................................F................ [ 55%]
........................................................................ [ 83%]
............................................                             [100%]
=================================== FAILURES ===================================
__________________ test_manual_link_updates_existing_mapping ___________________

db_session = <sqlalchemy.ext.asyncio.session.AsyncSession object at 0x7f9b59b27960>
channel = <app.models.channel.Channel object at 0x7f9b47009750>

    async def test_manual_link_updates_existing_mapping(db_session, channel):
        """Calling manual_link a second time updates the existing mapping row."""
        res = _resource(channel.id, title_raw="[G] Show 01")
        db_session.add(res)
        await db_session.flush()
        sel = {
            "content_type": "tv",
            "title_en": "Show",
            "external_id": "ext-show",
            "external_source": "llm_search",
        }
        with patch("app.services.metadata_service.download_and_cache_poster", new_callable=AsyncMock, return_value=None):
            await ms.manual_link_metadata(db_session, res, channel, sel)
        await db_session.flush()
        first_sid = res.series_id
>       assert first_sid is not None
E       assert None is not None

tests/unit/test_metadata_service.py:394: AssertionError
________________ test_llm_fallback_when_metadata_agent_enabled _________________

db_session = <sqlalchemy.ext.asyncio.session.AsyncSession object at 0x7f9b4d76a620>
channel = <app.models.channel.Channel object at 0x7f9b4e2a5850>

    async def test_llm_fallback_when_metadata_agent_enabled(db_session, channel):
        channel.metadata_agent_enabled = True
        fake_results = [{
            "content_type": "tv",
            "title_cn": "搜索剧",
            "title_en": "Searched Show",
            "original_title": "Searched Show",
            "description": "...",
            "poster_url": None,
            "external_id": "llm_1",
            "external_source": "llm_search",
        }]
        res = _resource(channel.id, search_title="some new show")
        db_session.add(res)
        await db_session.flush()
        with patch(
            "app.services.metadata_service.search_metadata_via_llm",
            new_callable=AsyncMock, return_value=fake_results,
        ), patch(
            "app.services.metadata_service.download_and_cache_poster",
            new_callable=AsyncMock, return_value=None,
        ):
            await ms.fetch_and_link_metadata(db_session, res, channel)
>       assert res.series_id is not None
E       assert None is not None
E        +  where None = <app.models.file_resource.FileResource object at 0x7f9b59b11480>.series_id

tests/unit/test_metadata_service.py:440: AssertionError
_________________ test_create_or_update_series_merges_aliases __________________

db_session = <sqlalchemy.ext.asyncio.session.AsyncSession object at 0x7f9b4d7eb050>

    async def test_create_or_update_series_merges_aliases(db_session):
        data = {
            "content_type": "tv",
            "title_cn": "剧A",
            "title_en": "Show A",
            "original_title": "Show A",
            "external_id": "ext-a",
            "external_source": "llm_search",
        }
        with patch(
            "app.services.metadata_service.download_and_cache_poster",
            new_callable=AsyncMock, return_value=None,
        ):
            s1 = await ms.create_or_update_series_from_external(db_session, data)
        await db_session.flush()
        # Update with new alias
        data2 = dict(data)
        data2["title_cn"] = "剧A别名"
        with patch(
            "app.services.metadata_service.download_and_cache_poster",
            new_callable=AsyncMock, return_value=None,
        ):
            s2 = await ms.create_or_update_series_from_external(db_session, data2)
        await db_session.flush()
>       assert s1.id == s2.id
               ^^^^^
E       AttributeError: 'NoneType' object has no attribute 'id'

tests/unit/test_metadata_service.py:591: AttributeError
____________ test_upsert_preserves_manually_edited_identity_series _____________

db_session = <sqlalchemy.ext.asyncio.session.AsyncSession object at 0x7f9b4464be90>

    async def test_upsert_preserves_manually_edited_identity_series(db_session):
        """Auto-scan upsert must not overwrite a hand-set external identity."""
        work = TVSeries(
            id=_uuid(), title_en="Id Show", content_type="tv",
            external_id="tmdb:900", external_source="tmdb",
            manually_edited_fields=["external_id", "external_source"],
        )
        db_session.add(work)
        await db_session.flush()
        data = {
            "content_type": "tv",
            "title_en": "Id Show",
            "external_id": "tmdb:901",
            "external_source": "tmdb",
        }
        with patch(
            "app.services.metadata_service.download_and_cache_poster",
            new_callable=AsyncMock, return_value=None,
        ):
            updated = await ms.create_or_update_series_from_external(db_session, data)
>       assert updated.id == work.id
               ^^^^^^^^^^
E       AttributeError: 'NoneType' object has no attribute 'id'

tests/unit/test_metadata_service.py:1392: AttributeError
___________ test_series_upsert_multi_candidate_no_shared_collection ____________

db_session = <sqlalchemy.ext.asyncio.session.AsyncSession object at 0x7f9b4708d910>

    async def test_series_upsert_multi_candidate_no_shared_collection(db_session):
        s1 = TVSeries(id=_uuid(), title_cn="剧集", content_type="tv", season_number=1, external_source="manual")
        db_session.add(s1)
        await db_session.flush()
        db_session.add(TVSeries(id=_uuid(), title_cn="剧集", content_type="tv", season_number=2, external_source="manual"))
        await db_session.flush()
        with patch(
            "app.services.metadata_service.download_and_cache_poster",
            new_callable=AsyncMock, return_value=None,
        ):
            work = await ms.create_or_update_series_from_external(db_session, {
                "content_type": "tv", "title_cn": "剧集",
                "external_source": "llm_search", "external_id": "wikipedia:999",
                "number_of_seasons": 2,
            })
>       assert work is not None
E       assert None is not None

tests/unit/test_metadata_service.py:2196: AssertionError
=============================== warnings summary ===============================
tests/unit/test_metadata_service.py::test_extract_search_title_prefers_parsed_titles
  /workspace/dropbox/github/robinqu/RSSRipple/.venv/lib/python3.13/site-packages/pytest_asyncio/plugin.py:916: PytestDeprecationWarning: Overriding the "event_loop_policy" fixture is deprecated and will be removed in a future version of pytest-asyncio. Use the "pytest_asyncio_loop_factories" hook to customize event loop creation.
    warnings.warn(

-- Docs: https://docs.pytest.org/en/stable/how-to/capture-warnings.html
=========================== short test summary info ============================
FAILED tests/unit/test_metadata_service.py::test_manual_link_updates_existing_mapping
FAILED tests/unit/test_metadata_service.py::test_llm_fallback_when_metadata_agent_enabled
FAILED tests/unit/test_metadata_service.py::test_create_or_update_series_merges_aliases
FAILED tests/unit/test_metadata_service.py::test_upsert_preserves_manually_edited_identity_series
FAILED tests/unit/test_metadata_service.py::test_series_upsert_multi_candidate_no_shared_collection
5 failed, 255 passed, 1 warning in 288.30s (0:04:48)
