FFFFFFFFFFFFFFFF                                                         [100%]
=================================== FAILURES ===================================
_________ test_postgres_range_rejection[run-0001-01-01T00:00:00+08:00] _________
tests/integration/time_contract/test_range.py:71: in test_postgres_range_rejection
    await check_rejection(dedup_postgres, monkeypatch, route, stamp)
tests/integration/time_contract/test_range.py:62: in check_rejection
    assert response.status_code == 422, response.text
E   AssertionError: Internal Server Error
E   assert 500 == 422
E    +  where 500 = <Response [500 Internal Server Error]>.status_code
_________ test_postgres_range_rejection[run-9999-12-31T23:59:59-08:00] _________
tests/integration/time_contract/test_range.py:71: in test_postgres_range_rejection
    await check_rejection(dedup_postgres, monkeypatch, route, stamp)
tests/integration/time_contract/test_range.py:62: in check_rejection
    assert response.status_code == 422, response.text
E   AssertionError: Internal Server Error
E   assert 500 == 422
E    +  where 500 = <Response [500 Internal Server Error]>.status_code
________ test_postgres_range_rejection[retry-0001-01-01T00:00:00+08:00] ________
tests/integration/time_contract/test_range.py:71: in test_postgres_range_rejection
    await check_rejection(dedup_postgres, monkeypatch, route, stamp)
tests/integration/time_contract/test_range.py:62: in check_rejection
    assert response.status_code == 422, response.text
E   AssertionError: Internal Server Error
E   assert 500 == 422
E    +  where 500 = <Response [500 Internal Server Error]>.status_code
________ test_postgres_range_rejection[retry-9999-12-31T23:59:59-08:00] ________
tests/integration/time_contract/test_range.py:71: in test_postgres_range_rejection
    await check_rejection(dedup_postgres, monkeypatch, route, stamp)
tests/integration/time_contract/test_range.py:62: in check_rejection
    assert response.status_code == 422, response.text
E   AssertionError: Internal Server Error
E   assert 500 == 422
E    +  where 500 = <Response [500 Internal Server Error]>.status_code
_____ test_postgres_range_rejection[regenerate-0001-01-01T00:00:00+08:00] ______
tests/integration/time_contract/test_range.py:71: in test_postgres_range_rejection
    await check_rejection(dedup_postgres, monkeypatch, route, stamp)
tests/integration/time_contract/test_range.py:62: in check_rejection
    assert response.status_code == 422, response.text
E   AssertionError: Internal Server Error
E   assert 500 == 422
E    +  where 500 = <Response [500 Internal Server Error]>.status_code
_____ test_postgres_range_rejection[regenerate-9999-12-31T23:59:59-08:00] ______
tests/integration/time_contract/test_range.py:71: in test_postgres_range_rejection
    await check_rejection(dedup_postgres, monkeypatch, route, stamp)
tests/integration/time_contract/test_range.py:62: in check_rejection
    assert response.status_code == 422, response.text
E   AssertionError: Internal Server Error
E   assert 500 == 422
E    +  where 500 = <Response [500 Internal Server Error]>.status_code
__________ test_turso_range_rejection[run-0001-01-01T00:00:00+08:00] ___________
tests/integration/time_contract/test_range.py:77: in test_turso_range_rejection
    await check_rejection(dedup_turso, monkeypatch, route, stamp)
tests/integration/time_contract/test_range.py:62: in check_rejection
    assert response.status_code == 422, response.text
E   AssertionError: Internal Server Error
E   assert 500 == 422
E    +  where 500 = <Response [500 Internal Server Error]>.status_code
__________ test_turso_range_rejection[run-9999-12-31T23:59:59-08:00] ___________
tests/integration/time_contract/test_range.py:77: in test_turso_range_rejection
    await check_rejection(dedup_turso, monkeypatch, route, stamp)
tests/integration/time_contract/test_range.py:62: in check_rejection
    assert response.status_code == 422, response.text
E   AssertionError: Internal Server Error
E   assert 500 == 422
E    +  where 500 = <Response [500 Internal Server Error]>.status_code
_________ test_turso_range_rejection[retry-0001-01-01T00:00:00+08:00] __________
tests/integration/time_contract/test_range.py:77: in test_turso_range_rejection
    await check_rejection(dedup_turso, monkeypatch, route, stamp)
tests/integration/time_contract/test_range.py:62: in check_rejection
    assert response.status_code == 422, response.text
E   AssertionError: Internal Server Error
E   assert 500 == 422
E    +  where 500 = <Response [500 Internal Server Error]>.status_code
_________ test_turso_range_rejection[retry-9999-12-31T23:59:59-08:00] __________
tests/integration/time_contract/test_range.py:77: in test_turso_range_rejection
    await check_rejection(dedup_turso, monkeypatch, route, stamp)
tests/integration/time_contract/test_range.py:62: in check_rejection
    assert response.status_code == 422, response.text
E   AssertionError: Internal Server Error
E   assert 500 == 422
E    +  where 500 = <Response [500 Internal Server Error]>.status_code
_______ test_turso_range_rejection[regenerate-0001-01-01T00:00:00+08:00] _______
tests/integration/time_contract/test_range.py:77: in test_turso_range_rejection
    await check_rejection(dedup_turso, monkeypatch, route, stamp)
tests/integration/time_contract/test_range.py:62: in check_rejection
    assert response.status_code == 422, response.text
E   AssertionError: Internal Server Error
E   assert 500 == 422
E    +  where 500 = <Response [500 Internal Server Error]>.status_code
_______ test_turso_range_rejection[regenerate-9999-12-31T23:59:59-08:00] _______
tests/integration/time_contract/test_range.py:77: in test_turso_range_rejection
    await check_rejection(dedup_turso, monkeypatch, route, stamp)
tests/integration/time_contract/test_range.py:62: in check_rejection
    assert response.status_code == 422, response.text
E   AssertionError: Internal Server Error
E   assert 500 == 422
E    +  where 500 = <Response [500 Internal Server Error]>.status_code
_ test_unrepresentable_mapped_feed_time_is_invalid[0001-01-01T00:00:00+08:00] __
tests/integration/time_contract/test_range.py:82: in test_unrepresentable_mapped_feed_time_is_invalid
    assert _apply_transform(stamp, 'iso_datetime') is None
           ^^^^^^^^^^^^^^^^^^^^^^^^^^^^^^^^^^^^^^^
app/services/resource_parser.py:257: in _apply_transform
    return naive_utc(datetime.fromisoformat(value))
           ^^^^^^^^^^^^^^^^^^^^^^^^^^^^^^^^^^^^^^^^
app/utils/time.py:10: in naive_utc
    return value.astimezone(UTC).replace(tzinfo=None)
           ^^^^^^^^^^^^^^^^^^^^^
E   OverflowError: date value out of range
_ test_unrepresentable_mapped_feed_time_is_invalid[9999-12-31T23:59:59-08:00] __
tests/integration/time_contract/test_range.py:82: in test_unrepresentable_mapped_feed_time_is_invalid
    assert _apply_transform(stamp, 'iso_datetime') is None
           ^^^^^^^^^^^^^^^^^^^^^^^^^^^^^^^^^^^^^^^
app/services/resource_parser.py:257: in _apply_transform
    return naive_utc(datetime.fromisoformat(value))
           ^^^^^^^^^^^^^^^^^^^^^^^^^^^^^^^^^^^^^^^^
app/utils/time.py:10: in naive_utc
    return value.astimezone(UTC).replace(tzinfo=None)
           ^^^^^^^^^^^^^^^^^^^^^
E   OverflowError: date value out of range
_ test_representable_boundary_instants_remain_valid[0001-01-01T08:00:00+08:00-expected0] _
tests/integration/time_contract/test_range.py:93: in test_representable_boundary_instants_remain_valid
    assert AgentRunRequest(scan_since=stamp).scan_since == expected
E   AssertionError: assert datetime.datetime(1, 1, 1, 8, 0, tzinfo=TzInfo(28800)) == datetime.datetime(1, 1, 1, 0, 0)
E    +  where datetime.datetime(1, 1, 1, 8, 0, tzinfo=TzInfo(28800)) = AgentRunRequest(scan_since=datetime.datetime(1, 1, 1, 8, 0, tzinfo=TzInfo(28800))).scan_since
E    +    where AgentRunRequest(scan_since=datetime.datetime(1, 1, 1, 8, 0, tzinfo=TzInfo(28800))) = AgentRunRequest(scan_since='0001-01-01T08:00:00+08:00')
_ test_representable_boundary_instants_remain_valid[9999-12-31T15:59:59-08:00-expected1] _
tests/integration/time_contract/test_range.py:93: in test_representable_boundary_instants_remain_valid
    assert AgentRunRequest(scan_since=stamp).scan_since == expected
E   AssertionError: assert datetime.datetime(9999, 12, 31, 15, 59, 59, tzinfo=TzInfo(-28800)) == datetime.datetime(9999, 12, 31, 23, 59, 59)
E    +  where datetime.datetime(9999, 12, 31, 15, 59, 59, tzinfo=TzInfo(-28800)) = AgentRunRequest(scan_since=datetime.datetime(9999, 12, 31, 15, 59, 59, tzinfo=TzInfo(-28800))).scan_since
E    +    where AgentRunRequest(scan_since=datetime.datetime(9999, 12, 31, 15, 59, 59, tzinfo=TzInfo(-28800))) = AgentRunRequest(scan_since='9999-12-31T15:59:59-08:00')
=========================== short test summary info ============================
FAILED tests/integration/time_contract/test_range.py::test_postgres_range_rejection[run-0001-01-01T00:00:00+08:00]
FAILED tests/integration/time_contract/test_range.py::test_postgres_range_rejection[run-9999-12-31T23:59:59-08:00]
FAILED tests/integration/time_contract/test_range.py::test_postgres_range_rejection[retry-0001-01-01T00:00:00+08:00]
FAILED tests/integration/time_contract/test_range.py::test_postgres_range_rejection[retry-9999-12-31T23:59:59-08:00]
FAILED tests/integration/time_contract/test_range.py::test_postgres_range_rejection[regenerate-0001-01-01T00:00:00+08:00]
FAILED tests/integration/time_contract/test_range.py::test_postgres_range_rejection[regenerate-9999-12-31T23:59:59-08:00]
FAILED tests/integration/time_contract/test_range.py::test_turso_range_rejection[run-0001-01-01T00:00:00+08:00]
FAILED tests/integration/time_contract/test_range.py::test_turso_range_rejection[run-9999-12-31T23:59:59-08:00]
FAILED tests/integration/time_contract/test_range.py::test_turso_range_rejection[retry-0001-01-01T00:00:00+08:00]
FAILED tests/integration/time_contract/test_range.py::test_turso_range_rejection[retry-9999-12-31T23:59:59-08:00]
FAILED tests/integration/time_contract/test_range.py::test_turso_range_rejection[regenerate-0001-01-01T00:00:00+08:00]
FAILED tests/integration/time_contract/test_range.py::test_turso_range_rejection[regenerate-9999-12-31T23:59:59-08:00]
FAILED tests/integration/time_contract/test_range.py::test_unrepresentable_mapped_feed_time_is_invalid[0001-01-01T00:00:00+08:00]
FAILED tests/integration/time_contract/test_range.py::test_unrepresentable_mapped_feed_time_is_invalid[9999-12-31T23:59:59-08:00]
FAILED tests/integration/time_contract/test_range.py::test_representable_boundary_instants_remain_valid[0001-01-01T08:00:00+08:00-expected0]
FAILED tests/integration/time_contract/test_range.py::test_representable_boundary_instants_remain_valid[9999-12-31T15:59:59-08:00-expected1]
16 failed in 15.20s
