2026-10-08 05:38:22,748 WARNING [external_ids] tmdb:tmdb:dedup-ext-8d6be3a5a7 already maps to collection d172ba3e-1848-462e-a78f-3e965783ed79 — NOT re-pointing to series 101e1a68-ddee-4e7c-a856-cb9ed3fa389f (dedup candidate)
2026-10-08 05:38:22,962 WARNING [external_ids] tmdb:tmdb:dedup-ext-8d6be3a5a7 already maps to collection d172ba3e-1848-462e-a78f-3e965783ed79 — NOT re-pointing to series 101e1a68-ddee-4e7c-a856-cb9ed3fa389f (dedup candidate)
Metadata dedup complete:
  series groups merged: 1
  series rows removed:  1
  movie  groups merged: 1
  movie  rows removed:  1
  file_resources re-pointed: 0
  agent_works    re-pointed: 1
  channel_mappings re-pointed: 0
  pending_decisions re-pointed: 0
  episodes re-pointed: 0
  [series] kept=101e1a68-ddee-4e7c-a856-cb9ed3fa389f title='去重重复剧-8d6be3a5a7' removed=1
  [movie] kept=0042ec8f-ded0-413f-a16f-ec40d8371261 title='去重重复剧-8d6be3a5a7' removed=1
  [cross-type] movie 0042ec8f-ded0-413f-a16f-ec40d8371261 merged into series 101e1a68-ddee-4e7c-a856-cb9ed3fa389f ('去重重复剧-8d6be3a5a7'; episode evidence)
Combined 4 files
Wrote XML report to /app/data/coverage.xml
Name                                         Stmts   Miss  Cover   Missing
--------------------------------------------------------------------------
app/__init__.py                                  0      0   100%
app/api/__init__.py                              0      0   100%
app/api/v1/__init__.py                           0      0   100%
app/api/v1/agents.py                           418      6    99%   175, 412, 435, 480-482, 695
app/api/v1/api_keys.py                          25      0   100%
app/api/v1/audio_works.py                       65     19    71%   31-32, 50, 76-96, 115-120, 137-144
app/api/v1/auth.py                              48     10    79%   36, 43-44, 48-50, 65, 76-85
app/api/v1/channels.py                         306     49    84%   39, 52, 56, 102, 120-122, 155-156, 210-216, 284, 295, 306-310, 328-329, 362-363, 395, 398-399, 403, 447-449, 451-452, 467, 475-478, 480-481, 524, 557-558, 577-580, 605-606, 610-611, 627
app/api/v1/collections.py                      164     15    91%   131-136, 214, 268, 271, 273, 289, 321-329
app/api/v1/dashboard.py                        223     11    95%   59-61, 66-80, 240, 296
app/api/v1/decisions.py                        208     29    86%   34, 90, 93, 111, 117, 129, 142, 144, 146, 150, 228, 241, 295, 297, 350, 363, 416-422, 437, 443, 449-458
app/api/v1/downloaders.py                      165     32    81%   43, 60, 65-66, 96-97, 109, 112, 152-153, 166, 215-216, 246, 285, 313, 328, 362-377
app/api/v1/media_servers.py                    124     10    92%   202, 206, 208, 210, 212, 240, 249-250, 277-282
app/api/v1/metadata.py                          22      1    95%   49
app/api/v1/movies.py                           126     19    85%   32-51, 183-186, 209-211, 233, 247
app/api/v1/notifications.py                    151     12    92%   96, 112, 116-119, 217, 261, 285, 309, 353-354
app/api/v1/organize.py                         404     51    87%   87-88, 218, 258, 274, 428, 505-518, 592-601, 607-608, 686-689, 720-721, 723, 725, 730-743, 781-783, 807-810, 828, 833, 841, 857
app/api/v1/queue.py                             80      5    94%   23, 26-27, 34, 36
app/api/v1/resources.py                        550     78    86%   194-195, 212, 215, 222-223, 325, 376-382, 411, 435-439, 567, 621-623, 641-643, 731-735, 737, 760-761, 814-818, 836-837, 850-852, 930, 937, 951-993, 1014, 1068-1071, 1091-1092, 1135-1137, 1202-1203, 1208-1209, 1211, 1213, 1220-1221, 1263, 1318, 1339-1340
app/api/v1/series.py                           138     18    87%   30-49, 198, 214-217, 242-244, 280
app/api/v1/system_settings.py                   61      2    97%   53, 124
app/api/v1/task_listing.py                      47      3    94%   35, 57, 77
app/api/v1/tasks.py                            160     13    92%   40, 43, 58, 67-71, 311-315
app/api/v1/volumes.py                          115      9    92%   115-118, 174, 179, 203-205
app/api/v1/works.py                            155     28    82%   39, 41, 58-69, 124, 148, 153, 155, 160, 165, 176-180, 190, 197-198, 220, 356, 368, 381
app/clients/__init__.py                          0      0   100%
app/clients/downloader.py                        9      0   100%
app/clients/mock_downloader.py                 168     31    82%   61, 74, 114-116, 127, 142, 145, 152, 156, 162-165, 168-169, 174, 199, 220-225, 241-242, 256-260, 266, 274, 284
app/clients/outbound_http.py                   123     18    85%   31, 34-36, 57, 81, 97, 110, 137, 155-158, 165, 171-173, 189
app/clients/rss_parser.py                      119     18    85%   82-84, 91, 98, 111-116, 120-123, 231-232, 236, 246
app/clients/transmission.py                    148     31    79%   83-91, 96-97, 105-106, 113, 115, 117, 121, 163, 223-229, 240-244, 262-263, 271-272
app/config.py                                   65      3    95%   77-78, 80
app/database.py                                529    103    81%   109, 111, 116, 158, 172, 222-223, 257-264, 303-304, 373-380, 383-386, 614, 622-624, 684, 686-711, 779-780, 784, 844-845, 850, 896-897, 903-914, 919, 955-956, 962-973, 978, 997-998, 1004-1021, 1023, 1063-1069, 1080, 1123, 1142, 1366-1374, 1376, 1382, 1406, 1409-1436, 1442-1446, 1462-1501, 1530-1541, 1562
app/db_turso_dialect.py                         25      0   100%
app/job_handlers.py                            279      5    98%   352, 413, 449, 619, 809
app/main.py                                     90     10    89%   44, 180, 226, 305-315
app/middleware/__init__.py                       0      0   100%
app/middleware/auth.py                          69      8    88%   89-90, 106-108, 111-113
app/middleware/cors.py                           8      0   100%
app/middleware/csrf.py                          35      0   100%
app/middleware/db_retry.py                      53      8    85%   40-41, 51-52, 72-76
app/migrate.py                                   8      8     0%   10-30
app/models/__init__.py                          51      0   100%
app/models/agent.py                             35      0   100%
app/models/agent_publication_progress.py        15      0   100%
app/models/agent_resource_request.py            17      0   100%
app/models/agent_run.py                         25      0   100%
app/models/agent_suggestion.py                  17      0   100%
app/models/agent_webhook.py                     17      0   100%
app/models/agent_work.py                        22      0   100%
app/models/api_key.py                           13      0   100%
app/models/app_setting.py                       10      0   100%
app/models/audio_work.py                        30      0   100%
app/models/auth_rate_limit.py                   12      0   100%
app/models/channel.py                           36      0   100%
app/models/channel_raw_title_mapping.py         22      0   100%
app/models/decision_migration.py                13      0   100%
app/models/download_dispatch.py                 16      0   100%
app/models/download_notification.py             17      0   100%
app/models/download_task.py                     31      0   100%
app/models/downloader.py                        25      0   100%
app/models/episode.py                           18      0   100%
app/models/eval_job.py                          19      0   100%
app/models/file_resource.py                     70      0   100%
app/models/fts_outbox.py                        13      0   100%
app/models/ground_truth.py                      19      0   100%
app/models/library.py                           25      0   100%
app/models/media_server.py                      29      0   100%
app/models/metadata_cache.py                    18      0   100%
app/models/movie.py                             37      0   100%
app/models/notification_build_failure.py        14      0   100%
app/models/organize_audit.py                    14      0   100%
app/models/organize_configuration.py             9      0   100%
app/models/organize_plan.py                     30      0   100%
app/models/organize_plan_op.py                  20      0   100%
app/models/organize_rule.py                     19      0   100%
app/models/pending_decision.py                  30      0   100%
app/models/resource_file_assignment.py          25      0   100%
app/models/resource_publication.py              22      0   100%
app/models/resource_reparse_request.py          14      0   100%
app/models/resource_work_link.py                18      0   100%
app/models/series.py                            43      0   100%
app/models/storage_volume.py                    14      0   100%
app/models/subtitle_group_mapping.py            16      0   100%
app/models/webhook_delivery.py                  22      0   100%
app/models/work_collection.py                   26      0   100%
app/models/work_external_id.py                  15      0   100%
app/schemas/__init__.py                          0      0   100%
app/schemas/agent.py                           193      1    99%   108
app/schemas/api_key.py                          11      0   100%
app/schemas/audio_work.py                       52      0   100%
app/schemas/auth.py                              5      0   100%
app/schemas/channel.py                         170     29    83%   49, 59, 64, 89, 94, 99, 109, 140, 142, 148-155, 167, 170, 182-193, 213, 219, 247
app/schemas/common.py                           30      0   100%
app/schemas/dashboard.py                        31      0   100%
app/schemas/download_task.py                    39      0   100%
app/schemas/downloader.py                       84      3    96%   40, 42, 63
app/schemas/episode.py                          12      0   100%
app/schemas/file_resource.py                   202     19    91%   15-17, 128-140, 164-173, 260, 262, 270, 272, 294
app/schemas/filter_dsl.py                       22     22     0%   3-50
app/schemas/genre.py                             2      0   100%
app/schemas/media_server.py                     64      1    98%   31
app/schemas/metadata_search.py                  88     16    82%   36, 44-51, 57, 91, 94, 98, 113, 115, 117
app/schemas/movie.py                            60      0   100%
app/schemas/notification.py                    140      5    96%   26, 28, 43-44, 46
app/schemas/organize.py                        142      2    99%   138, 140
app/schemas/pending_decision.py                 40      0   100%
app/schemas/series.py                           74      0   100%
app/schemas/storage_volume.py                   32      1    97%   29
app/schemas/work_collection.py                  31      0   100%
app/scripts/__init__.py                          0      0   100%
app/scripts/auth_enrollment.py                  35     35     0%   3-51
app/scripts/dedup_metadata.py                   33      3    91%   27-29
app/services/__init__.py                         0      0   100%
app/services/agent_publication_progress.py      85     13    85%   70, 115, 118, 142-154, 211, 232, 258
app/services/agent_resource_requests.py         67      0   100%
app/services/agent_service.py                  464     17    96%   247-263, 302-304, 528, 538, 925-926, 1021, 1030
app/services/anime_signals.py                   57      5    91%   137, 144, 149, 153-154
app/services/auth_rate_limit.py                 46      4    91%   46-49, 66, 84
app/services/auth_service.py                    63      1    98%   50
app/services/bangumi_client.py                  48      0   100%
app/services/bangumi_relations.py              390     46    88%   113, 125, 185-187, 211, 320-326, 331-337, 389, 440-445, 458, 486, 488-489, 517, 519-524, 527-532, 571, 577, 580, 653, 665-669, 679, 734, 741, 747-748, 772, 787, 806-811, 855-856, 861-866
app/services/batch_content_analysis.py         406      0   100%
app/services/channel_schedule.py                51     10    80%   43, 48, 51, 66-70, 76-78
app/services/cluster_work_binding.py           357     26    93%   209, 221, 236, 264, 282, 284, 290, 311, 328, 330, 558, 595, 608-610, 628, 634-637, 750-754, 768-773, 809
app/services/collection_lifecycle.py            92      5    95%   98, 110, 124, 137-138
app/services/collection_service.py             199     47    76%   68-72, 98-102, 128, 162, 231, 236, 263, 274, 289-295, 303-304, 397-439
app/services/decision_identity_lock.py          11      1    91%   23
app/services/decision_migration.py              56     56     0%   3-93
app/services/decision_rekey.py                  96     10    90%   86-91, 114, 149, 152, 159
app/services/decision_review.py                155     40    74%   17, 21, 35, 49, 52-53, 55, 68, 91-120, 175, 177, 180, 182, 212, 220, 224, 226, 229
app/services/decision_schema.py                 67     20    70%   41, 49, 59, 64, 77-88, 90, 92, 94, 109
app/services/decision_service.py                13      0   100%
app/services/decision_store.py                  77     22    71%   18, 28-39, 53, 59, 92, 99, 126-140
app/services/dedup_metadata_policy.py           76      4    95%   27-28, 52, 67
app/services/dedup_work_lock.py                 24      1    96%   30
app/services/download_dispatch.py               46     46     0%   3-86
app/services/download_dispatch_cleanup.py       38     14    63%   24, 36, 49-64
app/services/episode_history.py                134      4    97%   75, 300, 373-374
app/services/external_ids.py                   114      8    93%   117-118, 132, 147-148, 178, 245, 261
app/services/feed_analyzer.py                  323      0   100%
app/services/fetch_service.py                  450     15    97%   202, 205, 238, 325, 400-403, 421-424, 443, 446, 1023
app/services/filter_engine.py                  317      0   100%
app/services/franchise_service.py              271     46    83%   210-229, 247-248, 317-319, 351-353, 407, 492-493, 508-514, 555-563, 571-579, 637, 639, 646, 682, 688-689, 694-696
app/services/fts.py                            355      2    99%   610, 715
app/services/fts_index_upgrade.py               22      1    95%   20
app/services/genre_registry.py                  58      6    90%   87, 91, 93, 96, 113, 117
app/services/magnet_resolve.py                 322      8    98%   553, 587-591, 619-620
app/services/media_server_client.py            101     22    78%   110-128, 149, 176, 189-196, 228
app/services/media_server_service.py            98     11    89%   59, 88, 128, 191-201
app/services/metadata_agent.py                 576     46    92%   244, 248, 660, 692, 713, 715, 771, 780, 782, 891, 897, 902-908, 912-913, 915-923, 925-936, 944-956, 992, 1348, 1350-1351, 1362, 1377, 1379-1380
app/services/metadata_audio.py                  14      2    86%   44, 47
app/services/metadata_audio_resolver.py         73      0   100%
app/services/metadata_bangumi.py               218     13    94%   161-162, 297, 300, 310-314, 318, 322, 337, 341-345, 347
app/services/metadata_concurrency.py            35      0   100%
app/services/metadata_dedup.py                 397     12    97%   131-134, 642-643, 664-665, 722, 746-748
app/services/metadata_episode_reconcile.py     218     48    78%   33-48, 53, 65, 77-90, 101, 255, 280, 282, 284, 292, 363-364, 383, 386-388, 447-450, 459-466
app/services/metadata_failure.py                20      0   100%
app/services/metadata_identity_evidence.py     104     14    87%   12, 15, 25, 28-29, 31, 47, 82, 90, 93, 95, 137, 140-141
app/services/metadata_prompts.py                 6      0   100%
app/services/metadata_repository.py            185      2    99%   315-317
app/services/metadata_resource_meta.py          45      1    98%   25
app/services/metadata_search.py                248     64    74%   37-38, 44-45, 166, 206, 225, 228, 234-235, 237, 247, 269, 295, 298, 300, 311-312, 320, 347, 355, 369, 371, 376, 387, 394, 404, 417-420, 429, 471, 478-506, 515, 529-552
app/services/metadata_search_agent.py          185      2    99%   339-340
app/services/metadata_service.py              1322    370    72%   102, 135, 169, 180-186, 188-189, 301-308, 325, 327, 329, 367, 370, 416, 419, 432, 518-524, 539, 590, 625, 628, 644-645, 653-657, 660, 697-699, 703, 713, 716, 737, 753, 755-763, 779, 796, 860, 864-866, 900, 923-935, 937, 977, 1000, 1012, 1080-1082, 1089, 1092, 1099, 1119, 1122, 1134-1136, 1141, 1153-1155, 1160, 1211, 1223, 1309, 1311, 1371-1373, 1390, 1393, 1422-1423, 1463-1464, 1531, 1557-1564, 1584-1593, 1665, 1802, 1806-1815, 1817-1886, 1951, 1960, 1963-1966, 1976-1980, 2009, 2024-2034, 2105, 2119, 2141-2142, 2148-2149, 2238-2274, 2280-2286, 2400-2407, 2426, 2444, 2466-2473, 2514-2515, 2520-2535, 2547-2548, 2557, 2562-2563, 2581, 2596-2600, 2610-2671, 2716, 2719, 2783-2790, 2823-2839, 2856-2966
app/services/metadata_source_io.py              96      0   100%
app/services/metadata_source_registry.py       212     44    79%   175, 202, 209, 215, 217, 248, 273, 279-280, 283, 345, 373, 378, 404, 407, 424-433, 461-464, 471, 476, 489-493, 495-500, 511, 525, 527-530, 533, 544, 547
app/services/metadata_sources.py                35      3    91%   39, 71, 85
app/services/metadata_title_index.py            72      2    97%   74, 158
app/services/metadata_web_fallback.py          142     22    85%   64, 83, 152, 156, 174-176, 179, 198, 210-212, 215, 218, 225, 278, 292, 320, 334-335, 373-374
app/services/metadata_wiki_classify.py          51      1    98%   147
app/services/metadata_wiki_judge.py            237      7    97%   242, 284, 300-303, 325
app/services/metadata_wiki_query.py             88      4    95%   148, 160, 164, 202
app/services/metadata_wikipedia_client.py      180    131    27%   74-76, 91-95, 106-120, 127-170, 209, 222, 235-246, 262, 265-270, 274-276, 294-332, 343-378, 383-464
app/services/notification_build.py              63      5    92%   81, 87-90
app/services/notify_service.py                 311     36    88%   123-124, 132, 280-281, 348-351, 396, 426-427, 430, 503-504, 562, 664, 673-674, 696-724, 728-731
app/services/organize_config_events.py          33      0   100%
app/services/organize_executor.py              203     18    91%   79, 82, 98, 127, 166, 202-205, 317-324, 328-346
app/services/organize_file_safety.py           120     17    86%   34, 44, 63, 69, 72, 92-93, 105, 117, 136, 139, 146, 162-163, 172, 174, 184
app/services/organize_ownership.py             128     19    85%   32, 35, 50, 60-61, 83-84, 96, 106-107, 125, 136-137, 152, 155, 158-159, 180, 183
app/services/organize_parser.py                 67      0   100%
app/services/organize_plan_state.py             21      1    95%   35
app/services/organize_planner.py               434     97    78%   140-152, 163, 306-307, 349, 367-371, 378, 387, 423, 439-440, 501, 503, 541, 561, 595, 599-605, 633-634, 638-639, 651, 653, 712, 726, 733, 735, 739, 774, 782, 808-809, 814-815, 830, 840, 844-851, 856-862, 881, 898-905, 919-935, 952, 956, 976-986
app/services/organize_service.py               452     12    97%   205, 515, 665, 667, 707, 720, 724, 739, 778, 800, 814, 989
app/services/organize_source.py                116      8    93%   35, 58, 64, 72, 134, 137, 147, 152
app/services/organize_template.py               97      0   100%
app/services/poster_cache.py                    87      2    98%   34, 116
app/services/publication_dispatch.py            17      2    88%   45-46
app/services/publication_migration.py           42      4    90%   24, 28, 31, 60
app/services/publication_startup.py             24      3    88%   21, 40, 55
app/services/required_fields.py                143      0   100%
app/services/resource_association.py           296     14    95%   105, 116, 130, 238, 257-259, 275, 281, 286, 293-294, 410, 550
app/services/resource_cleanup.py                53      2    96%   99, 101
app/services/resource_confirmation.py           47      0   100%
app/services/resource_coverage.py              103     14    86%   16, 33, 35, 37, 50, 60, 65, 69, 86, 92, 98, 105, 118, 120
app/services/resource_parent_guard.py           38      3    92%   46, 50, 73
app/services/resource_parser.py                431     52    88%   63, 76, 101, 151-153, 209, 216, 226, 235, 248-249, 251-254, 262-265, 346, 354-358, 386, 388, 404, 464-465, 467, 472, 487, 525-526, 697, 709, 712-716, 770, 774, 797, 800, 826, 842, 900, 919, 928, 930
app/services/resource_publication.py            26      3    88%   15, 18, 43
app/services/resource_reparse_requests.py       62      0   100%
app/services/resource_work_schema.py            70     12    83%   19-26, 41, 43, 64, 72
app/services/runtime_config.py                  80      3    96%   197-199
app/services/scheduler.py                      285     41    86%   194-197, 417, 424, 455, 459, 561-564, 595-599, 622-627, 629-630, 632, 647, 725-726, 740-741, 750-754, 770-773, 788-795
app/services/schema_foreign_keys.py             70     10    86%   39, 54, 62, 95, 124, 126-137
app/services/settings_service.py                35      0   100%
app/services/submission_guard.py                26      1    96%   49
app/services/subtitle_groups.py                 78      7    91%   26, 38, 89-90, 108, 114, 125
app/services/task_cleanup.py                    56      0   100%
app/services/task_queue.py                     527     41    92%   82, 161, 271-272, 405-406, 470-471, 476-488, 503, 513-515, 542, 548-549, 580, 618, 632-633, 645, 709, 721-722, 732, 737-738, 765-766, 786, 808-809
app/services/text_normalizer.py                 98      4    96%   163-165, 191
app/services/torrent_inspect.py                366      5    99%   756-757, 762-764
app/services/utc_schema.py                      41      3    93%   20, 32, 41
app/services/volume_service.py                  50      0   100%
app/services/wigolo_client.py                   42      5    88%   52, 68-69, 74, 81
app/services/wikidata_collection.py            175      3    98%   364-370
app/services/wikipedia_episode_parser.py       421      0   100%
app/services/work_deletion.py                   42      5    88%   17, 60-63
app/services/work_search_events.py              84      1    99%   141
app/utils/__init__.py                            0      0   100%
app/utils/download_paths.py                     55      1    98%   80
app/utils/path_safety.py                        32      2    94%   27, 33
app/utils/sql_time.py                           15      1    93%   12
app/utils/time.py                               12      0   100%
app/worker.py                                   40      2    95%   54-55
--------------------------------------------------------------------------
TOTAL                                        24520   2558    90%
