.....F.......................................F....                       [100%]
=================================== FAILURES ===================================
_________ test_tmdb_partial_success_retains_candidate_without_caching __________
tests/unit/test_wiki_failure_cache.py:131: in test_tmdb_partial_success_retains_candidate_without_caching
    assert result["success"] is True
E   assert False is True
------------------------------ Captured log call -------------------------------
WARNING  app.services.metadata_search_agent:metadata_search_agent.py:199 [metadata_agent] TMDB search failed for lang=zh-CN title='Synthetic success': synthetic timeout
WARNING  app.services.metadata_source_io:metadata_source_io.py:34 [metadata_agent] search_tmdb failed for query=Synthetic success: test_tmdb_partial_success_retains_candidate_without_caching.<locals>.<lambda>() takes 0 positional arguments but 1 was given
Traceback (most recent call last):
  File "/tmp/rssripple-v17-wiki-failure/app/services/metadata_source_io.py", line 31, in _execute_search_tmdb
    results = await _search_tmdb(query)
              ^^^^^^^^^^^^^^^^^^^^^^^^^
  File "/tmp/rssripple-v17-wiki-failure/app/services/metadata_search_agent.py", line 294, in _search_tmdb
    image_base = await asyncio.to_thread(_tmdb_image_base, api_key)
                 ^^^^^^^^^^^^^^^^^^^^^^^^^^^^^^^^^^^^^^^^^^^^^^^^^^
  File "/home/robinqu/.local/share/uv/python/cpython-3.13.3-linux-x86_64-gnu/lib/python3.13/asyncio/threads.py", line 25, in to_thread
    return await loop.run_in_executor(None, func_call)
           ^^^^^^^^^^^^^^^^^^^^^^^^^^^^^^^^^^^^^^^^^^^
  File "/home/robinqu/.local/share/uv/python/cpython-3.13.3-linux-x86_64-gnu/lib/python3.13/concurrent/futures/thread.py", line 59, in run
    result = self.fn(*self.args, **self.kwargs)
TypeError: test_tmdb_partial_success_retains_candidate_without_caching.<locals>.<lambda>() takes 0 positional arguments but 1 was given
____________________ test_search_tmdb_empty_results_cached _____________________
tests/unit/test_metadata_search_agent.py:377: in test_search_tmdb_empty_results_cached
    candidates = await msa._search_tmdb("Empty")
                 ^^^^^^^^^^^^^^^^^^^^^^^^^^^^^^^
app/services/metadata_search_agent.py:287: in _search_tmdb
    raise RuntimeError("TMDB request failed: incomplete search")
E   RuntimeError: TMDB request failed: incomplete search
------------------------------ Captured log call -------------------------------
WARNING  app.services.metadata_search_agent:metadata_search_agent.py:205 [metadata_agent] TMDB search unexpected error lang=zh-CN title='Empty': object MagicMock can't be used in 'await' expression
WARNING  app.services.metadata_search_agent:metadata_search_agent.py:205 [metadata_agent] TMDB search unexpected error lang=en-US title='Empty': object MagicMock can't be used in 'await' expression
=============================== warnings summary ===============================
tests/unit/test_wiki_failure_cache.py::test_total_wiki_failure_does_not_poison_cache
  /workspace/dropbox/github/robinqu/RSSRipple/.venv/lib/python3.13/site-packages/pytest_asyncio/plugin.py:916: PytestDeprecationWarning: Overriding the "event_loop_policy" fixture is deprecated and will be removed in a future version of pytest-asyncio. Use the "pytest_asyncio_loop_factories" hook to customize event loop creation.
    warnings.warn(

-- Docs: https://docs.pytest.org/en/stable/how-to/capture-warnings.html
=========================== short test summary info ============================
FAILED tests/unit/test_wiki_failure_cache.py::test_tmdb_partial_success_retains_candidate_without_caching
FAILED tests/unit/test_metadata_search_agent.py::test_search_tmdb_empty_results_cached
2 failed, 48 passed, 1 warning in 6.12s
