{
  "case_id": "011c6d44-68cf-43a8-bad3-f0398ce20a95",
  "source_failure": "synthetic timeout for all searches",
  "model_verdict": "synthetic not_found",
  "fallback": "disabled",
  "search_info": {
    "method": "search_then_judge",
    "data_sources_used": [
      "wikipedia"
    ],
    "source_errors": {
      "wikipedia:zh": "Wikipedia request failed: timeout",
      "wikipedia:en": "Wikipedia request failed: timeout"
    },
    "error": null
  },
  "classification": "not_found"
}
Traceback (most recent call last):
  File "/tmp/rssripple-m3-necessity.py", line 16, in <module>
    asyncio.run(main())
    ~~~~~~~~~~~^^^^^^^^
  File "/home/robinqu/.local/share/uv/python/cpython-3.13.3-linux-x86_64-gnu/lib/python3.13/asyncio/runners.py", line 195, in run
    return runner.run(main)
           ~~~~~~~~~~^^^^^^
  File "/home/robinqu/.local/share/uv/python/cpython-3.13.3-linux-x86_64-gnu/lib/python3.13/asyncio/runners.py", line 118, in run
    return self._loop.run_until_complete(task)
           ~~~~~~~~~~~~~~~~~~~~~~~~~~~~~^^^^^^
  File "/home/robinqu/.local/share/uv/python/cpython-3.13.3-linux-x86_64-gnu/lib/python3.13/asyncio/base_events.py", line 719, in run_until_complete
    return future.result()
           ~~~~~~~~~~~~~^^
  File "/tmp/rssripple-m3-necessity.py", line 15, in main
    assert result['classification']=='transient',result
           ^^^^^^^^^^^^^^^^^^^^^^^^^^^^^^^^^^^^^
AssertionError: {'case_id': '011c6d44-68cf-43a8-bad3-f0398ce20a95', 'source_failure': 'synthetic timeout for all searches', 'model_verdict': 'synthetic not_found', 'fallback': 'disabled', 'search_info': {'method': 'search_then_judge', 'data_sources_used': ['wikipedia'], 'source_errors': {'wikipedia:zh': 'Wikipedia request failed: timeout', 'wikipedia:en': 'Wikipedia request failed: timeout'}, 'error': None}, 'classification': 'not_found'}
